Archive member included to satisfy reference by file (symbol)

app/libapp.a(main.c.obj)      (--whole-archive)
zephyr/libzephyr.a(crc32_sw.c.obj)
                              (--whole-archive)
zephyr/libzephyr.a(crc16_sw.c.obj)
                              (--whole-archive)
zephyr/libzephyr.a(crc8_sw.c.obj)
                              (--whole-archive)
zephyr/libzephyr.a(crc7_sw.c.obj)
                              (--whole-archive)
zephyr/libzephyr.a(dec.c.obj)
                              (--whole-archive)
zephyr/libzephyr.a(fdtable.c.obj)
                              (--whole-archive)
zephyr/libzephyr.a(hex.c.obj)
                              (--whole-archive)
zephyr/libzephyr.a(mempool.c.obj)
                              (--whole-archive)
zephyr/libzephyr.a(notify.c.obj)
                              (--whole-archive)
zephyr/libzephyr.a(printk.c.obj)
                              (--whole-archive)
zephyr/libzephyr.a(onoff.c.obj)
                              (--whole-archive)
zephyr/libzephyr.a(rb.c.obj)  (--whole-archive)
zephyr/libzephyr.a(sem.c.obj)
                              (--whole-archive)
zephyr/libzephyr.a(thread_entry.c.obj)
                              (--whole-archive)
zephyr/libzephyr.a(timeutil.c.obj)
                              (--whole-archive)
zephyr/libzephyr.a(work_q.c.obj)
                              (--whole-archive)
zephyr/libzephyr.a(heap.c.obj)
                              (--whole-archive)
zephyr/libzephyr.a(heap-validate.c.obj)
                              (--whole-archive)
zephyr/libzephyr.a(configs.c.obj)
                              (--whole-archive)
zephyr/libzephyr.a(validate_base_addresses.c.obj)
                              (--whole-archive)
zephyr/libzephyr.a(validate_enabled_instances.c.obj)
                              (--whole-archive)
zephyr/libzephyr.a(addr_utils.c.obj)
                              (--whole-archive)
zephyr/libzephyr.a(power.c.obj)
                              (--whole-archive)
zephyr/libzephyr.a(policy_residency.c.obj)
                              (--whole-archive)
zephyr/libzephyr.a(uart_console.c.obj)
                              (--whole-archive)
zephyr/libzephyr.a(nrf_power_clock.c.obj)
                              (--whole-archive)
zephyr/libzephyr.a(sys_clock_init.c.obj)
                              (--whole-archive)
zephyr/libzephyr.a(nrf_rtc_timer.c.obj)
                              (--whole-archive)
zephyr/libzephyr.a(utils.c.obj)
                              (--whole-archive)
zephyr/libzephyr.a(aes_decrypt.c.obj)
                              (--whole-archive)
zephyr/libzephyr.a(aes_encrypt.c.obj)
                              (--whole-archive)
zephyr/arch/common/libarch__common.a(isr_tables.c.obj)
                              (--whole-archive)
zephyr/arch/common/libarch__common.a(sw_isr_common.c.obj)
                              (--whole-archive)
zephyr/arch/arch/arm/core/aarch32/libarch__arm__core__aarch32.a(swap.c.obj)
                              (--whole-archive)
zephyr/arch/arch/arm/core/aarch32/libarch__arm__core__aarch32.a(irq_manage.c.obj)
                              (--whole-archive)
zephyr/arch/arch/arm/core/aarch32/libarch__arm__core__aarch32.a(thread.c.obj)
                              (--whole-archive)
zephyr/arch/arch/arm/core/aarch32/libarch__arm__core__aarch32.a(fatal.c.obj)
                              (--whole-archive)
zephyr/arch/arch/arm/core/aarch32/libarch__arm__core__aarch32.a(nmi.c.obj)
                              (--whole-archive)
zephyr/arch/arch/arm/core/aarch32/libarch__arm__core__aarch32.a(prep_c.c.obj)
                              (--whole-archive)
zephyr/arch/arch/arm/core/aarch32/libarch__arm__core__aarch32.a(swap_helper.S.obj)
                              (--whole-archive)
zephyr/arch/arch/arm/core/aarch32/libarch__arm__core__aarch32.a(cpu_idle.S.obj)
                              (--whole-archive)
zephyr/arch/arch/arm/core/aarch32/libarch__arm__core__aarch32.a(nmi_on_reset.S.obj)
                              (--whole-archive)
zephyr/arch/arch/arm/core/aarch32/libarch__arm__core__aarch32.a(isr_wrapper.S.obj)
                              (--whole-archive)
zephyr/arch/arch/arm/core/aarch32/cortex_m/libarch__arm__core__aarch32__cortex_m.a(vector_table.S.obj)
                              (--whole-archive)
zephyr/arch/arch/arm/core/aarch32/cortex_m/libarch__arm__core__aarch32__cortex_m.a(reset.S.obj)
                              (--whole-archive)
zephyr/arch/arch/arm/core/aarch32/cortex_m/libarch__arm__core__aarch32__cortex_m.a(fault_s.S.obj)
                              (--whole-archive)
zephyr/arch/arch/arm/core/aarch32/cortex_m/libarch__arm__core__aarch32__cortex_m.a(exc_exit.S.obj)
                              (--whole-archive)
zephyr/arch/arch/arm/core/aarch32/cortex_m/libarch__arm__core__aarch32__cortex_m.a(fault.c.obj)
                              (--whole-archive)
[...]
Memory Configuration

Name             Origin             Length             Attributes
FLASH            0x00000000         0x00080000         xr
SRAM             0x20000000         0x00010000         xw
IDT_LIST         0x20010000         0x00000800         xw
*default*        0x00000000         0xffffffff

Linker script and memory map

LOAD zephyr/CMakeFiles/zephyr_prebuilt.dir/misc/empty_file.c.obj
                0x00000020                _region_min_align = 0x20

.rel.plt        0x00000000        0x0
 *(SORT_BY_ALIGNMENT(.rel.plt))
                [!provide]                PROVIDE (__rel_iplt_start = .)
 *(SORT_BY_ALIGNMENT(.rel.iplt))
 .rel.iplt      0x00000000        0x0 app/libapp.a(main.c.obj)
                [!provide]                PROVIDE (__rel_iplt_end = .)

.rela.plt       0x00000000        0x0
 *(SORT_BY_ALIGNMENT(.rela.plt))
                [!provide]                PROVIDE (__rela_iplt_start = .)
 *(SORT_BY_ALIGNMENT(.rela.iplt))
                [!provide]                PROVIDE (__rela_iplt_end = .)

.rel.dyn
 *(SORT_BY_ALIGNMENT(.rel.*))

.rela.dyn
 *(SORT_BY_ALIGNMENT(.rela.*))

/DISCARD/
 *(SORT_BY_ALIGNMENT(.plt))
 *(SORT_BY_ALIGNMENT(.iplt))
 *(SORT_BY_ALIGNMENT(.got.plt))
 *(SORT_BY_ALIGNMENT(.igot.plt))
 *(SORT_BY_ALIGNMENT(.got))
 *(SORT_BY_ALIGNMENT(.igot))
 *(SORT_BY_ALIGNMENT(.note.GNU-stack))
                0x00000000                _image_rom_start = 0x0

rom_start       0x00000000       0xdc
                0x00000000                . = 0x0
                0x00000000                . = ALIGN (0x4)
                0x00000000                _vector_start = .
 *(SORT_BY_ALIGNMENT(.exc_vector_table))
 *(SORT_BY_ALIGNMENT(.exc_vector_table.*))
 .exc_vector_table._vector_table_section
                0x00000000       0x40 zephyr/arch/arch/arm/core/aarch32/cortex_m/libarch__arm__core__aarch32__cortex_m.a(vector_table.S.obj)
                0x00000000                _vector_table
 *(SORT_BY_ALIGNMENT(.gnu.linkonce.irq_vector_table))
 .gnu.linkonce.irq_vector_table
                0x00000040       0x9c zephyr/arch/common/libarch__common.a(isr_tables.c.obj)
                0x00000040                _irq_vector_table
 *(SORT_BY_ALIGNMENT(.vectors))
                0x000000dc                _vector_end = .
 *(SORT_BY_ALIGNMENT(.openocd_dbg))
 *(SORT_BY_ALIGNMENT(.openocd_dbg.*))

text            0x000000e0    0x14f16
                0x000000e0                _image_text_start = .
 *(SORT_BY_ALIGNMENT(.text))
 .text          0x000000e0       0x30 c:/users/admin/ncs/v1.3.1/toolchain/opt/bin/../lib/gcc/arm-none-eabi/9.2.1/thumb/v7e-m/nofp\libgcc.a(_aeabi_uldivmod.o)
                0x000000e0                __aeabi_uldivmod
 .text          0x00000110      0x2c0 c:/users/admin/ncs/v1.3.1/toolchain/opt/bin/../lib/gcc/arm-none-eabi/9.2.1/thumb/v7e-m/nofp\libgcc.a(_udivmoddi4.o)
                0x00000110                __udivmoddi4
 .text          0x000003d0        0x4 c:/users/admin/ncs/v1.3.1/toolchain/opt/bin/../lib/gcc/arm-none-eabi/9.2.1/thumb/v7e-m/nofp\libgcc.a(_dvmd_tls.o)
                0x000003d0                __aeabi_idiv0
                0x000003d0                __aeabi_ldiv0
 *(SORT_BY_ALIGNMENT(.text.*))
 *fill*         0x000003d4        0x4 
 .text.ll_adv_enable
                0x000003d8      0x5fc zephyr/subsys/bluetooth/controller/libsubsys__bluetooth__controller.a(ull_adv.c.obj)
                0x000003d8                ll_adv_enable
 *fill*         0x000009d4        0x4 
 .text.ll_scan_params_set
                0x000009d8       0x70 zephyr/subsys/bluetooth/controller/libsubsys__bluetooth__controller.a(ull_scan.c.obj)
                0x000009d8                ll_scan_params_set
 .text.ull_scan_params_set
                0x00000a48       0x4c zephyr/subsys/bluetooth/controller/libsubsys__bluetooth__controller.a(ull_scan.c.obj)
                0x00000a48                ull_scan_params_set
 *fill*         0x00000a94        0x4 
 .text.ull_scan_enable
                0x00000a98      0x168 zephyr/subsys/bluetooth/controller/libsubsys__bluetooth__controller.a(ull_scan.c.obj)
                0x00000a98                ull_scan_enable
 .text.ull_conn_llcp
                0x00000c00     0x1a48 zephyr/subsys/bluetooth/controller/libsubsys__bluetooth__controller.a(ull_conn.c.obj)
                0x00000c00                ull_conn_llcp
 .text.ull_slave_setup
                0x00002648      0x414 zephyr/subsys/bluetooth/controller/libsubsys__bluetooth__controller.a(ull_slave.c.obj)
                0x00002648                ull_slave_setup
 *fill*         0x00002a5c        0x4 
 .text.ull_slave_done
                0x00002a60       0x8c zephyr/subsys/bluetooth/controller/libsubsys__bluetooth__controller.a(ull_slave.c.obj)
                0x00002a60                ull_slave_done
 *fill*         0x00002aec        0x4 
 .text.ull_master_setup
                0x00002af0      0x284 zephyr/subsys/bluetooth/controller/libsubsys__bluetooth__controller.a(ull_master.c.obj)
                0x00002af0                ull_master_setup
 *fill*         0x00002d74        0x4 
 .text.isr_rx   0x00002d78      0x6d0 zephyr/subsys/bluetooth/controller/libsubsys__bluetooth__controller.a(lll_scan.c.obj)
 .text.tx_thread
                0x00003448       0x2c app/libapp.a(main.c.obj)
 .text.hci_uart_task_init
                0x00003474       0x54 app/libapp.a(main.c.obj)
 .text.bt_uart_isr
                0x000034c8      0x144 app/libapp.a(main.c.obj)
 .text.main     0x0000360c       0x80 app/libapp.a(main.c.obj)
                0x0000360c                main
 .text.char_out
                0x0000368c       0x10 zephyr/libzephyr.a(printk.c.obj)
 .text._printk_dec_ulong
                0x0000369c       0xa0 zephyr/libzephyr.a(printk.c.obj)
 .text.__printk_hook_install
                0x0000373c        0xc zephyr/libzephyr.a(printk.c.obj)
                0x0000373c                __printk_hook_install
 .text.z_vprintk
                0x00003748      0x328 zephyr/libzephyr.a(printk.c.obj)
                0x00003748                z_vprintk
 .text.vprintk  0x00003a70       0x1c zephyr/libzephyr.a(printk.c.obj)
                0x00003a70                vprintk
 .text.uart_console_init
                0x00003a8c       0x2c zephyr/libzephyr.a(uart_console.c.obj)
 .text.console_out
                0x00003ab8       0x28 zephyr/libzephyr.a(uart_console.c.obj)
 .text.clkstarted_handle.constprop.0
                0x00003ae0       0x50 zephyr/libzephyr.a(nrf_power_clock.c.obj)
 .text.clock_async_start
                0x00003b30       0xe8 zephyr/libzephyr.a(nrf_power_clock.c.obj)
 .text.nrf_power_clock_isr
                0x00003c18       0x64 zephyr/libzephyr.a(nrf_power_clock.c.obj)
                0x00003c18                nrf_power_clock_isr
 .text.handle_next_tick_case
                0x00003c7c       0x28 zephyr/libzephyr.a(nrf_rtc_timer.c.obj)
 .text.event_clear
                0x00003ca4       0x18 zephyr/libzephyr.a(nrf_rtc_timer.c.obj)
 .text.rtc1_nrf_isr
                0x00003cbc       0x2c zephyr/libzephyr.a(nrf_rtc_timer.c.obj)
                0x00003cbc                rtc1_nrf_isr
 .text.z_clock_driver_init
                0x00003ce8       0x64 zephyr/libzephyr.a(nrf_rtc_timer.c.obj)
                0x00003ce8                z_clock_driver_init
 .text.z_clock_set_timeout
                0x00003d4c       0xbc zephyr/libzephyr.a(nrf_rtc_timer.c.obj)
                0x00003d4c                z_clock_set_timeout
 .text.z_clock_elapsed
                0x00003e08       0x34 zephyr/libzephyr.a(nrf_rtc_timer.c.obj)
                0x00003e08                z_clock_elapsed
 .text.arch_swap
                0x00003e3c       0x34 zephyr/arch/arch/arm/core/aarch32/libarch__arm__core__aarch32.a(swap.c.obj)
                0x00003e3c                arch_swap
 .text.arch_irq_enable
                0x00003e70       0x20 zephyr/arch/arch/arm/core/aarch32/libarch__arm__core__aarch32.a(irq_manage.c.obj)
                0x00003e70                arch_irq_enable
 .text.arch_irq_disable
                0x00003e90       0x28 zephyr/arch/arch/arm/core/aarch32/libarch__arm__core__aarch32.a(irq_manage.c.obj)
                0x00003e90                arch_irq_disable
 .text.arch_irq_is_enabled
                0x00003eb8       0x1c zephyr/arch/arch/arm/core/aarch32/libarch__arm__core__aarch32.a(irq_manage.c.obj)
                0x00003eb8                arch_irq_is_enabled
 .text.z_arm_irq_priority_set
                0x00003ed4       0x30 zephyr/arch/arch/arm/core/aarch32/libarch__arm__core__aarch32.a(irq_manage.c.obj)
                0x00003ed4                z_arm_irq_priority_set
 .text._arch_isr_direct_pm
                0x00003f04       0x1c zephyr/arch/arch/arm/core/aarch32/libarch__arm__core__aarch32.a(irq_manage.c.obj)
                0x00003f04                _arch_isr_direct_pm
 .text.arch_new_thread
                0x00003f20       0x34 zephyr/arch/arch/arm/core/aarch32/libarch__arm__core__aarch32.a(thread.c.obj)
                0x00003f20                arch_new_thread
 .text.arch_switch_to_main_thread
                0x00003f54       0x38 zephyr/arch/arch/arm/core/aarch32/libarch__arm__core__aarch32.a(thread.c.obj)
                0x00003f54                arch_switch_to_main_thread
 .text.z_arm_prep_c
                0x00003f8c       0x44 zephyr/arch/arch/arm/core/aarch32/libarch__arm__core__aarch32.a(prep_c.c.obj)
                0x00003f8c                z_arm_prep_c
 .text.z_arm_pendsv
                0x00003fd0       0x48 zephyr/arch/arch/arm/core/aarch32/libarch__arm__core__aarch32.a(swap_helper.S.obj)
                0x00003fd0                z_arm_pendsv
 .text.z_arm_svc
                0x00004018       0x20 zephyr/arch/arch/arm/core/aarch32/libarch__arm__core__aarch32.a(swap_helper.S.obj)
                0x00004018                z_arm_svc
 .text.z_arm_cpu_idle_init
                0x00004038        0xc zephyr/arch/arch/arm/core/aarch32/libarch__arm__core__aarch32.a(cpu_idle.S.obj)
                0x00004038                z_arm_cpu_idle_init
 .text.arch_cpu_idle
                0x00004044       0x1c zephyr/arch/arch/arm/core/aarch32/libarch__arm__core__aarch32.a(cpu_idle.S.obj)
                0x00004044                arch_cpu_idle
 .text.z_SysNmiOnReset
                0x00004060        0x8 zephyr/arch/arch/arm/core/aarch32/libarch__arm__core__aarch32.a(nmi_on_reset.S.obj)
                0x00004060                z_SysNmiOnReset
 .text._isr_wrapper
                0x00004068       0x40 zephyr/arch/arch/arm/core/aarch32/libarch__arm__core__aarch32.a(isr_wrapper.S.obj)
                0x00004068                _isr_wrapper
 .text._reset_section
                0x000040a8       0x30 zephyr/arch/arch/arm/core/aarch32/cortex_m/libarch__arm__core__aarch32__cortex_m.a(reset.S.obj)
                0x000040a8                __start
                0x000040a8                z_arm_reset
 .text.__fault  0x000040d8       0x14 zephyr/arch/arch/arm/core/aarch32/cortex_m/libarch__arm__core__aarch32__cortex_m.a(fault_s.S.obj)
                0x000040d8                z_arm_usage_fault
                0x000040d8                z_arm_mpu_fault
                0x000040d8                z_arm_exc_spurious
                0x000040d8                z_arm_debug_monitor
                0x000040d8                z_arm_hard_fault
                0x000040d8                z_arm_bus_fault
 .text._HandlerModeExit
                0x000040ec       0x1c zephyr/arch/arch/arm/core/aarch32/cortex_m/libarch__arm__core__aarch32__cortex_m.a(exc_exit.S.obj)
                0x000040ec                z_arm_int_exit
                0x000040ec                z_arm_exc_exit
 .text.mem_manage_fault.isra.0
                0x00004108       0x38 zephyr/arch/arch/arm/core/aarch32/cortex_m/libarch__arm__core__aarch32__cortex_m.a(fault.c.obj)
 .text.bus_fault.isra.0
                0x00004140       0x3c zephyr/arch/arch/arm/core/aarch32/cortex_m/libarch__arm__core__aarch32__cortex_m.a(fault.c.obj)
 .text.usage_fault.isra.0
                0x0000417c       0x24 zephyr/arch/arch/arm/core/aarch32/cortex_m/libarch__arm__core__aarch32__cortex_m.a(fault.c.obj)
 .text.z_arm_fault
                0x000041a0       0xe8 zephyr/arch/arch/arm/core/aarch32/cortex_m/libarch__arm__core__aarch32__cortex_m.a(fault.c.obj)
                0x000041a0                z_arm_fault
 .text.z_arm_fault_init
                0x00004288       0x10 zephyr/arch/arch/arm/core/aarch32/cortex_m/libarch__arm__core__aarch32__cortex_m.a(fault.c.obj)
                0x00004288                z_arm_fault_init
 .text.z_arm_interrupt_init
                0x00004298       0x18 zephyr/arch/arch/arm/core/aarch32/cortex_m/libarch__arm__core__aarch32__cortex_m.a(irq_init.c.obj)
                0x00004298                z_arm_interrupt_init
 .text.z_impl_k_thread_abort
                0x000042b0       0x4c zephyr/arch/arch/arm/core/aarch32/cortex_m/libarch__arm__core__aarch32__cortex_m.a(thread_abort.c.obj)
                0x000042b0                z_impl_k_thread_abort
 .text.z_arm_configure_static_mpu_regions
                0x000042fc       0x38 zephyr/arch/arch/arm/core/aarch32/cortex_m/mpu/libarch__arm__core__aarch32__cortex_m__mpu.a(arm_core_mpu.c.obj)
                0x000042fc                z_arm_configure_static_mpu_regions
 .text.mpu_configure_regions
                0x00004334       0x8c zephyr/arch/arch/arm/core/aarch32/cortex_m/mpu/libarch__arm__core__aarch32__cortex_m__mpu.a(arm_mpu.c.obj)
 .text.arm_core_mpu_enable
                0x000043c0       0x14 zephyr/arch/arch/arm/core/aarch32/cortex_m/mpu/libarch__arm__core__aarch32__cortex_m__mpu.a(arm_mpu.c.obj)
                0x000043c0                arm_core_mpu_enable
 .text.arm_core_mpu_disable
                0x000043d4       0x10 zephyr/arch/arch/arm/core/aarch32/cortex_m/mpu/libarch__arm__core__aarch32__cortex_m__mpu.a(arm_mpu.c.obj)
                0x000043d4                arm_core_mpu_disable
 .text.arm_mpu_init
                0x000043e4       0x5c zephyr/arch/arch/arm/core/aarch32/cortex_m/mpu/libarch__arm__core__aarch32__cortex_m__mpu.a(arm_mpu.c.obj)
 .text.arm_core_mpu_configure_static_mpu_regions
                0x00004440       0x14 zephyr/arch/arch/arm/core/aarch32/cortex_m/mpu/libarch__arm__core__aarch32__cortex_m__mpu.a(arm_mpu.c.obj)
                0x00004440                arm_core_mpu_configure_static_mpu_regions
 .text.__stdout_hook_install
                0x00004454        0xc zephyr/lib/libc/minimal/liblib__libc__minimal.a(stdout_console.c.obj)
                0x00004454                __stdout_hook_install
 .text.nordicsemi_nrf52_init
                0x00004460       0x30 zephyr/soc/arm/nordic_nrf/nrf52/libsoc__arm__nordic_nrf__nrf52.a(soc.c.obj)
 .text.sys_arch_reboot
                0x00004490       0x2c zephyr/soc/arm/nordic_nrf/nrf52/libsoc__arm__nordic_nrf__nrf52.a(soc.c.obj)
                0x00004490                sys_arch_reboot
 .text.arch_busy_wait
                0x000044bc       0x14 zephyr/soc/arm/nordic_nrf/nrf52/libsoc__arm__nordic_nrf__nrf52.a(soc.c.obj)
                0x000044bc                arch_busy_wait
 .text.bt_hci_driver_register
                0x000044d0       0x24 zephyr/subsys/bluetooth/host/libsubsys__bluetooth__host.a(hci_raw.c.obj)
                0x000044d0                bt_hci_driver_register
 .text.bt_buf_get_rx
                0x000044f4       0x2c zephyr/subsys/bluetooth/host/libsubsys__bluetooth__host.a(hci_raw.c.obj)
                0x000044f4                bt_buf_get_rx
 .text.bt_buf_get_tx
                0x00004520       0x78 zephyr/subsys/bluetooth/host/libsubsys__bluetooth__host.a(hci_raw.c.obj)
                0x00004520                bt_buf_get_tx
 .text.bt_recv  0x00004598       0x40 zephyr/subsys/bluetooth/host/libsubsys__bluetooth__host.a(hci_raw.c.obj)
                0x00004598                bt_recv
 .text.bt_send  0x000045d8        0xc zephyr/subsys/bluetooth/host/libsubsys__bluetooth__host.a(hci_raw.c.obj)
                0x000045d8                bt_send
 .text.bt_enable_raw
                0x000045e4       0x1c zephyr/subsys/bluetooth/host/libsubsys__bluetooth__host.a(hci_raw.c.obj)
                0x000045e4                bt_enable_raw
 .text.mem_init
                0x00004600       0x5c zephyr/subsys/bluetooth/controller/libsubsys__bluetooth__controller.a(mem.c.obj)
                0x00004600                mem_init
 .text.mem_acquire
                0x0000465c       0x34 zephyr/subsys/bluetooth/controller/libsubsys__bluetooth__controller.a(mem.c.obj)
                0x0000465c                mem_acquire
 .text.mem_release
                0x00004690       0x30 zephyr/subsys/bluetooth/controller/libsubsys__bluetooth__controller.a(mem.c.obj)
                0x00004690                mem_release
 .text.mem_get  0x000046c0        0x8 zephyr/subsys/bluetooth/controller/libsubsys__bluetooth__controller.a(mem.c.obj)
                0x000046c0                mem_get
 .text.mem_index_get
                0x000046c8        0xc zephyr/subsys/bluetooth/controller/libsubsys__bluetooth__controller.a(mem.c.obj)
                0x000046c8                mem_index_get
 .text.mem_rcopy
                0x000046d4       0x1c zephyr/subsys/bluetooth/controller/libsubsys__bluetooth__controller.a(mem.c.obj)
                0x000046d4                mem_rcopy
 .text.mem_nz   0x000046f0       0x18 zephyr/subsys/bluetooth/controller/libsubsys__bluetooth__controller.a(mem.c.obj)
                0x000046f0                mem_nz
 .text.memq_init
                0x00004708        0x8 zephyr/subsys/bluetooth/controller/libsubsys__bluetooth__controller.a(memq.c.obj)
                0x00004708                memq_init
 .text.memq_deinit
                0x00004710       0x14 zephyr/subsys/bluetooth/controller/libsubsys__bluetooth__controller.a(memq.c.obj)
                0x00004710                memq_deinit
 .text.memq_enqueue
                0x00004724       0x10 zephyr/subsys/bluetooth/controller/libsubsys__bluetooth__controller.a(memq.c.obj)
                0x00004724                memq_enqueue
 .text.memq_peek
                0x00004734       0x10 zephyr/subsys/bluetooth/controller/libsubsys__bluetooth__controller.a(memq.c.obj)
                0x00004734                memq_peek
 .text.memq_dequeue
                0x00004744       0x20 zephyr/subsys/bluetooth/controller/libsubsys__bluetooth__controller.a(memq.c.obj)
                0x00004744                memq_dequeue
 .text.mayfly_init
                0x00004764       0x40 zephyr/subsys/bluetooth/controller/libsubsys__bluetooth__controller.a(mayfly.c.obj)
                0x00004764                mayfly_init
 .text.mayfly_enable
                0x000047a4       0x68 zephyr/subsys/bluetooth/controller/libsubsys__bluetooth__controller.a(mayfly.c.obj)
                0x000047a4                mayfly_enable
 .text.mayfly_enqueue
                0x0000480c       0xa8 zephyr/subsys/bluetooth/controller/libsubsys__bluetooth__controller.a(mayfly.c.obj)
                0x0000480c                mayfly_enqueue
 .text.mayfly_run
                0x000048b4      0x13c zephyr/subsys/bluetooth/controller/libsubsys__bluetooth__controller.a(mayfly.c.obj)
                0x000048b4                mayfly_run
 .text.util_ones_count_get
                0x000049f0       0x30 zephyr/subsys/bluetooth/controller/libsubsys__bluetooth__controller.a(util.c.obj)
                0x000049f0                util_ones_count_get
 .text.ticker_worker
                0x00004a20      0x240 zephyr/subsys/bluetooth/controller/libsubsys__bluetooth__controller.a(ticker.c.obj)
                0x00004a20                ticker_worker
 .text.ticker_job
                0x00004c60      0xe38 zephyr/subsys/bluetooth/controller/libsubsys__bluetooth__controller.a(ticker.c.obj)
                0x00004c60                ticker_job
 .text.ticker_init
                0x00005a98       0x98 zephyr/subsys/bluetooth/controller/libsubsys__bluetooth__controller.a(ticker.c.obj)
                0x00005a98                ticker_init
 .text.ticker_trigger
                0x00005b30       0x30 zephyr/subsys/bluetooth/controller/libsubsys__bluetooth__controller.a(ticker.c.obj)
                0x00005b30                ticker_trigger
 .text.ticker_start_ext
                0x00005b60       0xac zephyr/subsys/bluetooth/controller/libsubsys__bluetooth__controller.a(ticker.c.obj)
                0x00005b60                ticker_start_ext
 .text.ticker_start
                0x00005c0c       0x38 zephyr/subsys/bluetooth/controller/libsubsys__bluetooth__controller.a(ticker.c.obj)
                0x00005c0c                ticker_start
 .text.ticker_update
                0x00005c44       0xa0 zephyr/subsys/bluetooth/controller/libsubsys__bluetooth__controller.a(ticker.c.obj)
                0x00005c44                ticker_update
 .text.ticker_stop
                0x00005ce4       0x8c zephyr/subsys/bluetooth/controller/libsubsys__bluetooth__controller.a(ticker.c.obj)
                0x00005ce4                ticker_stop
 .text.ticker_ticks_now_get
                0x00005d70        0x4 zephyr/subsys/bluetooth/controller/libsubsys__bluetooth__controller.a(ticker.c.obj)
                0x00005d70                ticker_ticks_now_get
 .text.ticker_ticks_diff_get
                0x00005d74        0x8 zephyr/subsys/bluetooth/controller/libsubsys__bluetooth__controller.a(ticker.c.obj)
                0x00005d74                ticker_ticks_diff_get
 .text.ll_addr_get
                0x00005d7c       0x3c zephyr/subsys/bluetooth/controller/libsubsys__bluetooth__controller.a(ll_addr.c.obj)
                0x00005d7c                ll_addr_get
 .text.ll_addr_set
                0x00005db8       0x40 zephyr/subsys/bluetooth/controller/libsubsys__bluetooth__controller.a(ll_addr.c.obj)
                0x00005db8                ll_addr_set
 .text.ll_tx_pwr_lvl_get
                0x00005df8       0x20 zephyr/subsys/bluetooth/controller/libsubsys__bluetooth__controller.a(ll_tx_pwr.c.obj)
                0x00005df8                ll_tx_pwr_lvl_get
 .text.ll_tx_pwr_get
                0x00005e18        0x8 zephyr/subsys/bluetooth/controller/libsubsys__bluetooth__controller.a(ll_tx_pwr.c.obj)
                0x00005e18                ll_tx_pwr_get
 .text.hci_driver_init
                0x00005e20       0x10 zephyr/subsys/bluetooth/controller/libsubsys__bluetooth__controller.a(hci_driver.c.obj)
 .text.hci_driver_send
                0x00005e30       0x6c zephyr/subsys/bluetooth/controller/libsubsys__bluetooth__controller.a(hci_driver.c.obj)
 .text.prio_recv_thread
                0x00005e9c       0xc0 zephyr/subsys/bluetooth/controller/libsubsys__bluetooth__controller.a(hci_driver.c.obj)
 .text.hci_driver_open
                0x00005f5c       0x98 zephyr/subsys/bluetooth/controller/libsubsys__bluetooth__controller.a(hci_driver.c.obj)
 .text.recv_thread
                0x00005ff4      0x398 zephyr/subsys/bluetooth/controller/libsubsys__bluetooth__controller.a(hci_driver.c.obj)
 .text.meta_evt
                0x0000638c       0x30 zephyr/subsys/bluetooth/controller/libsubsys__bluetooth__controller.a(hci.c.obj)
 .text.le_remote_feat_complete
                0x000063bc       0x6c zephyr/subsys/bluetooth/controller/libsubsys__bluetooth__controller.a(hci.c.obj)
 .text.encrypt_change.part.0
                0x00006428       0x34 zephyr/subsys/bluetooth/controller/libsubsys__bluetooth__controller.a(hci.c.obj)
 .text.hci_disconn_complete_encode.part.0
                0x0000645c       0x2c zephyr/subsys/bluetooth/controller/libsubsys__bluetooth__controller.a(hci.c.obj)
 .text.bt_hci_evt_create
                0x00006488       0x28 zephyr/subsys/bluetooth/controller/libsubsys__bluetooth__controller.a(hci.c.obj)
                0x00006488                bt_hci_evt_create
 .text.bt_hci_cmd_complete_create
                0x000064b0       0x28 zephyr/subsys/bluetooth/controller/libsubsys__bluetooth__controller.a(hci.c.obj)
                0x000064b0                bt_hci_cmd_complete_create
 .text.bt_hci_cmd_status_create
                0x000064d8       0x28 zephyr/subsys/bluetooth/controller/libsubsys__bluetooth__controller.a(hci.c.obj)
                0x000064d8                bt_hci_cmd_status_create
 .text.hci_cmd_complete
                0x00006500       0x20 zephyr/subsys/bluetooth/controller/libsubsys__bluetooth__controller.a(hci.c.obj)
                0x00006500                hci_cmd_complete
 .text.reset    0x00006520       0xcc zephyr/subsys/bluetooth/controller/libsubsys__bluetooth__controller.a(hci.c.obj)
 .text.hci_vendor_cmd_handle_common
                0x000065ec      0x120 zephyr/subsys/bluetooth/controller/libsubsys__bluetooth__controller.a(hci.c.obj)
                0x000065ec                hci_vendor_cmd_handle_common
 .text.hci_cmd_handle
                0x0000670c      0xa10 zephyr/subsys/bluetooth/controller/libsubsys__bluetooth__controller.a(hci.c.obj)
                0x0000670c                hci_cmd_handle
 .text.hci_acl_handle
                0x0000711c       0xcc zephyr/subsys/bluetooth/controller/libsubsys__bluetooth__controller.a(hci.c.obj)
                0x0000711c                hci_acl_handle
 .text.hci_disconn_complete_encode
                0x000071e8       0x24 zephyr/subsys/bluetooth/controller/libsubsys__bluetooth__controller.a(hci.c.obj)
                0x000071e8                hci_disconn_complete_encode
 .text.hci_disconn_complete_process
                0x0000720c       0x58 zephyr/subsys/bluetooth/controller/libsubsys__bluetooth__controller.a(hci.c.obj)
                0x0000720c                hci_disconn_complete_process
 .text.hci_acl_encode
                0x00007264       0xf4 zephyr/subsys/bluetooth/controller/libsubsys__bluetooth__controller.a(hci.c.obj)
                0x00007264                hci_acl_encode
 .text.hci_evt_encode
                0x00007358      0x834 zephyr/subsys/bluetooth/controller/libsubsys__bluetooth__controller.a(hci.c.obj)
                0x00007358                hci_evt_encode
 .text.hci_num_cmplt_encode
                0x00007b8c       0x30 zephyr/subsys/bluetooth/controller/libsubsys__bluetooth__controller.a(hci.c.obj)
                0x00007b8c                hci_num_cmplt_encode
 .text.hci_get_class
                0x00007bbc       0x30 zephyr/subsys/bluetooth/controller/libsubsys__bluetooth__controller.a(hci.c.obj)
                0x00007bbc                hci_get_class
 .text.hci_init
                0x00007bec       0x14 zephyr/subsys/bluetooth/controller/libsubsys__bluetooth__controller.a(hci.c.obj)
                0x00007bec                hci_init
 .text.bt_rand  0x00007c00        0x4 zephyr/subsys/bluetooth/controller/libsubsys__bluetooth__controller.a(crypto.c.obj)
                0x00007c00                bt_rand
 .text.bt_encrypt_le
                0x00007c04        0xc zephyr/subsys/bluetooth/controller/libsubsys__bluetooth__controller.a(crypto.c.obj)
                0x00007c04                bt_encrypt_le
 .text.perform_lll_reset
                0x00007c10       0xc0 zephyr/subsys/bluetooth/controller/libsubsys__bluetooth__controller.a(ull.c.obj)
 .text.disabled_cb
                0x00007cd0        0x4 zephyr/subsys/bluetooth/controller/libsubsys__bluetooth__controller.a(ull.c.obj)
 .text.tx_cmplt_get
                0x00007cd4       0xcc zephyr/subsys/bluetooth/controller/libsubsys__bluetooth__controller.a(ull.c.obj)
 .text.rx_demux
                0x00007da0      0x3ac zephyr/subsys/bluetooth/controller/libsubsys__bluetooth__controller.a(ull.c.obj)
 .text.ll_init  0x0000814c      0x2e4 zephyr/subsys/bluetooth/controller/libsubsys__bluetooth__controller.a(ull.c.obj)
                0x0000814c                ll_init
 .text.ll_reset
                0x00008430      0x340 zephyr/subsys/bluetooth/controller/libsubsys__bluetooth__controller.a(ull.c.obj)
                0x00008430                ll_reset
 .text.ll_rx_get
                0x00008770      0x1b4 zephyr/subsys/bluetooth/controller/libsubsys__bluetooth__controller.a(ull.c.obj)
                0x00008770                ll_rx_get
 .text.ll_rx_dequeue
                0x00008924      0x1a0 zephyr/subsys/bluetooth/controller/libsubsys__bluetooth__controller.a(ull.c.obj)
                0x00008924                ll_rx_dequeue
 .text.ll_rx_mem_release
                0x00008ac4      0x328 zephyr/subsys/bluetooth/controller/libsubsys__bluetooth__controller.a(ull.c.obj)
                0x00008ac4                ll_rx_mem_release
 .text.ll_rx_link_alloc
                0x00008dec        0xc zephyr/subsys/bluetooth/controller/libsubsys__bluetooth__controller.a(ull.c.obj)
                0x00008dec                ll_rx_link_alloc
 .text.ll_rx_link_release
                0x00008df8        0xc zephyr/subsys/bluetooth/controller/libsubsys__bluetooth__controller.a(ull.c.obj)
                0x00008df8                ll_rx_link_release
 .text.ll_rx_alloc
                0x00008e04        0xc zephyr/subsys/bluetooth/controller/libsubsys__bluetooth__controller.a(ull.c.obj)
                0x00008e04                ll_rx_alloc
 .text.ll_rx_release
                0x00008e10        0xc zephyr/subsys/bluetooth/controller/libsubsys__bluetooth__controller.a(ull.c.obj)
                0x00008e10                ll_rx_release
 .text.ll_rx_put
                0x00008e1c       0x14 zephyr/subsys/bluetooth/controller/libsubsys__bluetooth__controller.a(ull.c.obj)
                0x00008e1c                ll_rx_put
 .text.ll_rx_sched
                0x00008e30        0xc zephyr/subsys/bluetooth/controller/libsubsys__bluetooth__controller.a(ull.c.obj)
                0x00008e30                ll_rx_sched
 .text.ll_pdu_rx_alloc_peek
                0x00008e3c       0x3c zephyr/subsys/bluetooth/controller/libsubsys__bluetooth__controller.a(ull.c.obj)
                0x00008e3c                ll_pdu_rx_alloc_peek
 .text.ll_pdu_rx_alloc
                0x00008e78       0x30 zephyr/subsys/bluetooth/controller/libsubsys__bluetooth__controller.a(ull.c.obj)
                0x00008e78                ll_pdu_rx_alloc
 .text.ll_tx_ack_put
                0x00008ea8       0x60 zephyr/subsys/bluetooth/controller/libsubsys__bluetooth__controller.a(ull.c.obj)
                0x00008ea8                ll_tx_ack_put
 .text.ull_ticker_status_give
                0x00008f08        0xc zephyr/subsys/bluetooth/controller/libsubsys__bluetooth__controller.a(ull.c.obj)
                0x00008f08                ull_ticker_status_give
 .text.ull_ticker_status_take
                0x00008f14       0x1c zephyr/subsys/bluetooth/controller/libsubsys__bluetooth__controller.a(ull.c.obj)
                0x00008f14                ull_ticker_status_take
 .text.ull_disable_mark
                0x00008f30       0x18 zephyr/subsys/bluetooth/controller/libsubsys__bluetooth__controller.a(ull.c.obj)
                0x00008f30                ull_disable_mark
 .text.ull_disable_unmark
                0x00008f48       0x18 zephyr/subsys/bluetooth/controller/libsubsys__bluetooth__controller.a(ull.c.obj)
                0x00008f48                ull_disable_unmark
 .text.ull_disable_mark_get
                0x00008f60        0xc zephyr/subsys/bluetooth/controller/libsubsys__bluetooth__controller.a(ull.c.obj)
                0x00008f60                ull_disable_mark_get
 .text.ull_update_mark
                0x00008f6c       0x18 zephyr/subsys/bluetooth/controller/libsubsys__bluetooth__controller.a(ull.c.obj)
                0x00008f6c                ull_update_mark
 .text.ull_update_unmark
                0x00008f84       0x18 zephyr/subsys/bluetooth/controller/libsubsys__bluetooth__controller.a(ull.c.obj)
                0x00008f84                ull_update_unmark
 .text.ull_update_mark_get
                0x00008f9c        0xc zephyr/subsys/bluetooth/controller/libsubsys__bluetooth__controller.a(ull.c.obj)
                0x00008f9c                ull_update_mark_get
 .text.ull_disable
                0x00008fa8       0x7c zephyr/subsys/bluetooth/controller/libsubsys__bluetooth__controller.a(ull.c.obj)
                0x00008fa8                ull_disable
 .text.ull_pdu_rx_alloc_peek
                0x00009024       0x3c zephyr/subsys/bluetooth/controller/libsubsys__bluetooth__controller.a(ull.c.obj)
                0x00009024                ull_pdu_rx_alloc_peek
 .text.ull_pdu_rx_alloc
                0x00009060       0x30 zephyr/subsys/bluetooth/controller/libsubsys__bluetooth__controller.a(ull.c.obj)
                0x00009060                ull_pdu_rx_alloc
 .text.ull_rx_put
                0x00009090       0x20 zephyr/subsys/bluetooth/controller/libsubsys__bluetooth__controller.a(ull.c.obj)
                0x00009090                ull_rx_put
 .text.ull_rx_sched
                0x000090b0       0x10 zephyr/subsys/bluetooth/controller/libsubsys__bluetooth__controller.a(ull.c.obj)
                0x000090b0                ull_rx_sched
 .text.ull_prepare_enqueue
                0x000090c0       0x70 zephyr/subsys/bluetooth/controller/libsubsys__bluetooth__controller.a(ull.c.obj)
                0x000090c0                ull_prepare_enqueue
 .text.ull_prepare_dequeue_get
                0x00009130       0x1c zephyr/subsys/bluetooth/controller/libsubsys__bluetooth__controller.a(ull.c.obj)
                0x00009130                ull_prepare_dequeue_get
 .text.ull_prepare_dequeue_iter
                0x0000914c       0x3c zephyr/subsys/bluetooth/controller/libsubsys__bluetooth__controller.a(ull.c.obj)
                0x0000914c                ull_prepare_dequeue_iter
 .text.ull_event_done_extra_get
                0x00009188       0x20 zephyr/subsys/bluetooth/controller/libsubsys__bluetooth__controller.a(ull.c.obj)
                0x00009188                ull_event_done_extra_get
 .text.ull_event_done
                0x000091a8       0x60 zephyr/subsys/bluetooth/controller/libsubsys__bluetooth__controller.a(ull.c.obj)
                0x000091a8                ull_event_done
 .text.lll_chan_sel_1
                0x00009208       0x78 zephyr/subsys/bluetooth/controller/libsubsys__bluetooth__controller.a(lll_chan.c.obj)
                0x00009208                lll_chan_sel_1
 .text.lll_chan_sel_2
                0x00009280       0xcc zephyr/subsys/bluetooth/controller/libsubsys__bluetooth__controller.a(lll_chan.c.obj)
                0x00009280                lll_chan_sel_2
 .text.disabled_cb
                0x0000934c       0xa8 zephyr/subsys/bluetooth/controller/libsubsys__bluetooth__controller.a(ull_adv.c.obj)
 .text.ticker_cb
                0x000093f4      0x130 zephyr/subsys/bluetooth/controller/libsubsys__bluetooth__controller.a(ull_adv.c.obj)
 .text.ticker_op_stop_cb
                0x00009524       0xa0 zephyr/subsys/bluetooth/controller/libsubsys__bluetooth__controller.a(ull_adv.c.obj)
 .text.ticker_op_update_cb
                0x000095c4       0x38 zephyr/subsys/bluetooth/controller/libsubsys__bluetooth__controller.a(ull_adv.c.obj)
 .text.ticker_stop_cb
                0x000095fc       0x88 zephyr/subsys/bluetooth/controller/libsubsys__bluetooth__controller.a(ull_adv.c.obj)
 .text.conn_release.constprop.0
                0x00009684       0x8c zephyr/subsys/bluetooth/controller/libsubsys__bluetooth__controller.a(ull_adv.c.obj)
 .text.ll_adv_params_set
                0x00009710      0x13c zephyr/subsys/bluetooth/controller/libsubsys__bluetooth__controller.a(ull_adv.c.obj)
                0x00009710                ll_adv_params_set
 .text.ll_adv_data_set
                0x0000984c       0x90 zephyr/subsys/bluetooth/controller/libsubsys__bluetooth__controller.a(ull_adv.c.obj)
                0x0000984c                ll_adv_data_set
 .text.ll_adv_scan_rsp_set
                0x000098dc       0x78 zephyr/subsys/bluetooth/controller/libsubsys__bluetooth__controller.a(ull_adv.c.obj)
                0x000098dc                ll_adv_scan_rsp_set
 .text.ull_adv_init
                0x00009954        0x4 zephyr/subsys/bluetooth/controller/libsubsys__bluetooth__controller.a(ull_adv.c.obj)
                0x00009954                ull_adv_init
 .text.ull_adv_reset
                0x00009958      0x148 zephyr/subsys/bluetooth/controller/libsubsys__bluetooth__controller.a(ull_adv.c.obj)
                0x00009958                ull_adv_reset
 .text.ull_adv_handle_get
                0x00009aa0       0x1c zephyr/subsys/bluetooth/controller/libsubsys__bluetooth__controller.a(ull_adv.c.obj)
                0x00009aa0                ull_adv_handle_get
 .text.ull_adv_lll_handle_get
                0x00009abc       0x1c zephyr/subsys/bluetooth/controller/libsubsys__bluetooth__controller.a(ull_adv.c.obj)
                0x00009abc                ull_adv_lll_handle_get
 .text.ull_adv_is_enabled_get
                0x00009ad8       0x1c zephyr/subsys/bluetooth/controller/libsubsys__bluetooth__controller.a(ull_adv.c.obj)
                0x00009ad8                ull_adv_is_enabled_get
 .text.ull_adv_is_enabled
                0x00009af4       0x18 zephyr/subsys/bluetooth/controller/libsubsys__bluetooth__controller.a(ull_adv.c.obj)
                0x00009af4                ull_adv_is_enabled
 .text.ull_adv_filter_pol_get
                0x00009b0c       0x20 zephyr/subsys/bluetooth/controller/libsubsys__bluetooth__controller.a(ull_adv.c.obj)
                0x00009b0c                ull_adv_filter_pol_get
 .text.ticker_cb
                0x00009b2c       0xc8 zephyr/subsys/bluetooth/controller/libsubsys__bluetooth__controller.a(ull_scan.c.obj)
 .text.ull_scan_init
                0x00009bf4        0x4 zephyr/subsys/bluetooth/controller/libsubsys__bluetooth__controller.a(ull_scan.c.obj)
                0x00009bf4                ull_scan_init
 .text.ull_scan_disable
                0x00009bf8       0xe4 zephyr/subsys/bluetooth/controller/libsubsys__bluetooth__controller.a(ull_scan.c.obj)
                0x00009bf8                ull_scan_disable
 .text.disable.constprop.0
                0x00009cdc       0x40 zephyr/subsys/bluetooth/controller/libsubsys__bluetooth__controller.a(ull_scan.c.obj)
 .text.ll_scan_enable
                0x00009d1c       0x88 zephyr/subsys/bluetooth/controller/libsubsys__bluetooth__controller.a(ull_scan.c.obj)
                0x00009d1c                ll_scan_enable
 .text.ull_scan_reset
                0x00009da4        0xc zephyr/subsys/bluetooth/controller/libsubsys__bluetooth__controller.a(ull_scan.c.obj)
                0x00009da4                ull_scan_reset
 .text.ull_scan_handle_get
                0x00009db0       0x1c zephyr/subsys/bluetooth/controller/libsubsys__bluetooth__controller.a(ull_scan.c.obj)
                0x00009db0                ull_scan_handle_get
 .text.ull_scan_lll_handle_get
                0x00009dcc       0x1c zephyr/subsys/bluetooth/controller/libsubsys__bluetooth__controller.a(ull_scan.c.obj)
                0x00009dcc                ull_scan_lll_handle_get
 .text.ull_scan_is_enabled_get
                0x00009de8       0x1c zephyr/subsys/bluetooth/controller/libsubsys__bluetooth__controller.a(ull_scan.c.obj)
                0x00009de8                ull_scan_is_enabled_get
 .text.ull_scan_is_disabled_get
                0x00009e04       0x1c zephyr/subsys/bluetooth/controller/libsubsys__bluetooth__controller.a(ull_scan.c.obj)
                0x00009e04                ull_scan_is_disabled_get
 .text.ull_scan_is_enabled
                0x00009e20       0x30 zephyr/subsys/bluetooth/controller/libsubsys__bluetooth__controller.a(ull_scan.c.obj)
                0x00009e20                ull_scan_is_enabled
 .text.ull_scan_filter_pol_get
                0x00009e50       0x20 zephyr/subsys/bluetooth/controller/libsubsys__bluetooth__controller.a(ull_scan.c.obj)
                0x00009e50                ull_scan_filter_pol_get
 .text.tx_ull_dequeue
                0x00009e70       0x90 zephyr/subsys/bluetooth/controller/libsubsys__bluetooth__controller.a(ull_conn.c.obj)
 .text.ticker_update_latency_cancel_op_cb
                0x00009f00       0x48 zephyr/subsys/bluetooth/controller/libsubsys__bluetooth__controller.a(ull_conn.c.obj)
 .text.ctrl_tx_pause_enqueue
                0x00009f48       0xb0 zephyr/subsys/bluetooth/controller/libsubsys__bluetooth__controller.a(ull_conn.c.obj)
 .text.init_reset
                0x00009ff8       0x74 zephyr/subsys/bluetooth/controller/libsubsys__bluetooth__controller.a(ull_conn.c.obj)
 .text.tx_lll_flush
                0x0000a06c       0xf8 zephyr/subsys/bluetooth/controller/libsubsys__bluetooth__controller.a(ull_conn.c.obj)
 .text.ticker_op_stop_cb
                0x0000a164       0x64 zephyr/subsys/bluetooth/controller/libsubsys__bluetooth__controller.a(ull_conn.c.obj)
 .text.ticker_start_conn_op_cb
                0x0000a1c8       0x58 zephyr/subsys/bluetooth/controller/libsubsys__bluetooth__controller.a(ull_conn.c.obj)
 .text.ticker_stop_conn_op_cb
                0x0000a220       0x58 zephyr/subsys/bluetooth/controller/libsubsys__bluetooth__controller.a(ull_conn.c.obj)
 .text.ticker_update_conn_op_cb
                0x0000a278       0x40 zephyr/subsys/bluetooth/controller/libsubsys__bluetooth__controller.a(ull_conn.c.obj)
 .text.reject_ext_ind_send.isra.0
                0x0000a2b8       0xa4 zephyr/subsys/bluetooth/controller/libsubsys__bluetooth__controller.a(ull_conn.c.obj)
 .text.start_enc_rsp_send
                0x0000a35c       0xc4 zephyr/subsys/bluetooth/controller/libsubsys__bluetooth__controller.a(ull_conn.c.obj)
 .text.ctrl_tx_sec_enqueue
                0x0000a420      0x124 zephyr/subsys/bluetooth/controller/libsubsys__bluetooth__controller.a(ull_conn.c.obj)
 .text.feature_rsp_send.isra.0
                0x0000a544       0x84 zephyr/subsys/bluetooth/controller/libsubsys__bluetooth__controller.a(ull_conn.c.obj)
 .text.ll_conn_acquire
                0x0000a5c8        0xc zephyr/subsys/bluetooth/controller/libsubsys__bluetooth__controller.a(ull_conn.c.obj)
                0x0000a5c8                ll_conn_acquire
 .text.ll_conn_release
                0x0000a5d4        0xc zephyr/subsys/bluetooth/controller/libsubsys__bluetooth__controller.a(ull_conn.c.obj)
                0x0000a5d4                ll_conn_release
 .text.ll_conn_handle_get
                0x0000a5e0       0x10 zephyr/subsys/bluetooth/controller/libsubsys__bluetooth__controller.a(ull_conn.c.obj)
                0x0000a5e0                ll_conn_handle_get
 .text.ll_conn_get
                0x0000a5f0       0x10 zephyr/subsys/bluetooth/controller/libsubsys__bluetooth__controller.a(ull_conn.c.obj)
                0x0000a5f0                ll_conn_get
 .text.ll_connected_get
                0x0000a600       0x24 zephyr/subsys/bluetooth/controller/libsubsys__bluetooth__controller.a(ull_conn.c.obj)
                0x0000a600                ll_connected_get
 .text.ll_tx_mem_acquire
                0x0000a624        0xc zephyr/subsys/bluetooth/controller/libsubsys__bluetooth__controller.a(ull_conn.c.obj)
                0x0000a624                ll_tx_mem_acquire
 .text.ll_tx_mem_release
                0x0000a630        0xc zephyr/subsys/bluetooth/controller/libsubsys__bluetooth__controller.a(ull_conn.c.obj)
                0x0000a630                ll_tx_mem_release
 .text.ll_tx_mem_enqueue
                0x0000a63c       0xdc zephyr/subsys/bluetooth/controller/libsubsys__bluetooth__controller.a(ull_conn.c.obj)
                0x0000a63c                ll_tx_mem_enqueue
 .text.ll_conn_update
                0x0000a718      0x108 zephyr/subsys/bluetooth/controller/libsubsys__bluetooth__controller.a(ull_conn.c.obj)
                0x0000a718                ll_conn_update
 .text.ll_chm_get
                0x0000a820       0x40 zephyr/subsys/bluetooth/controller/libsubsys__bluetooth__controller.a(ull_conn.c.obj)
                0x0000a820                ll_chm_get
 .text.ll_terminate_ind_send
                0x0000a860       0x34 zephyr/subsys/bluetooth/controller/libsubsys__bluetooth__controller.a(ull_conn.c.obj)
                0x0000a860                ll_terminate_ind_send
 .text.ll_feature_req_send
                0x0000a894       0x38 zephyr/subsys/bluetooth/controller/libsubsys__bluetooth__controller.a(ull_conn.c.obj)
                0x0000a894                ll_feature_req_send
 .text.ll_version_ind_send
                0x0000a8cc       0x38 zephyr/subsys/bluetooth/controller/libsubsys__bluetooth__controller.a(ull_conn.c.obj)
                0x0000a8cc                ll_version_ind_send
 .text.ll_length_req_send
                0x0000a904       0x94 zephyr/subsys/bluetooth/controller/libsubsys__bluetooth__controller.a(ull_conn.c.obj)
                0x0000a904                ll_length_req_send
 .text.ll_length_default_get
                0x0000a998       0x18 zephyr/subsys/bluetooth/controller/libsubsys__bluetooth__controller.a(ull_conn.c.obj)
                0x0000a998                ll_length_default_get
 .text.ll_length_default_set
                0x0000a9b0       0x14 zephyr/subsys/bluetooth/controller/libsubsys__bluetooth__controller.a(ull_conn.c.obj)
                0x0000a9b0                ll_length_default_set
 .text.ll_length_max_get
                0x0000a9c4       0x14 zephyr/subsys/bluetooth/controller/libsubsys__bluetooth__controller.a(ull_conn.c.obj)
                0x0000a9c4                ll_length_max_get
 .text.ll_phy_get
                0x0000a9d8       0x3c zephyr/subsys/bluetooth/controller/libsubsys__bluetooth__controller.a(ull_conn.c.obj)
                0x0000a9d8                ll_phy_get
 .text.ll_phy_default_set
                0x0000aa14       0x14 zephyr/subsys/bluetooth/controller/libsubsys__bluetooth__controller.a(ull_conn.c.obj)
                0x0000aa14                ll_phy_default_set
 .text.ll_phy_req_send
                0x0000aa28       0x9c zephyr/subsys/bluetooth/controller/libsubsys__bluetooth__controller.a(ull_conn.c.obj)
                0x0000aa28                ll_phy_req_send
 .text.ll_rssi_get
                0x0000aac4       0x2c zephyr/subsys/bluetooth/controller/libsubsys__bluetooth__controller.a(ull_conn.c.obj)
                0x0000aac4                ll_rssi_get
 .text.ll_apto_get
                0x0000aaf0       0x48 zephyr/subsys/bluetooth/controller/libsubsys__bluetooth__controller.a(ull_conn.c.obj)
                0x0000aaf0                ll_apto_get
 .text.ll_apto_set
                0x0000ab38       0x44 zephyr/subsys/bluetooth/controller/libsubsys__bluetooth__controller.a(ull_conn.c.obj)
                0x0000ab38                ll_apto_set
 .text.ull_conn_init
                0x0000ab7c        0x4 zephyr/subsys/bluetooth/controller/libsubsys__bluetooth__controller.a(ull_conn.c.obj)
                0x0000ab7c                ull_conn_init
 .text.ull_conn_reset
                0x0000ab80       0xf4 zephyr/subsys/bluetooth/controller/libsubsys__bluetooth__controller.a(ull_conn.c.obj)
                0x0000ab80                ull_conn_reset
 .text.ull_conn_chan_map_cpy
                0x0000ac74       0x18 zephyr/subsys/bluetooth/controller/libsubsys__bluetooth__controller.a(ull_conn.c.obj)
                0x0000ac74                ull_conn_chan_map_cpy
 .text.ull_conn_chan_map_set
                0x0000ac8c       0x24 zephyr/subsys/bluetooth/controller/libsubsys__bluetooth__controller.a(ull_conn.c.obj)
                0x0000ac8c                ull_conn_chan_map_set
 .text.ull_conn_default_tx_octets_get
                0x0000acb0        0xc zephyr/subsys/bluetooth/controller/libsubsys__bluetooth__controller.a(ull_conn.c.obj)
                0x0000acb0                ull_conn_default_tx_octets_get
 .text.ull_conn_default_tx_time_get
                0x0000acbc        0xc zephyr/subsys/bluetooth/controller/libsubsys__bluetooth__controller.a(ull_conn.c.obj)
                0x0000acbc                ull_conn_default_tx_time_get
 .text.ull_conn_default_phy_tx_get
                0x0000acc8        0xc zephyr/subsys/bluetooth/controller/libsubsys__bluetooth__controller.a(ull_conn.c.obj)
                0x0000acc8                ull_conn_default_phy_tx_get
 .text.ull_conn_default_phy_rx_get
                0x0000acd4        0xc zephyr/subsys/bluetooth/controller/libsubsys__bluetooth__controller.a(ull_conn.c.obj)
                0x0000acd4                ull_conn_default_phy_rx_get
 .text.ull_conn_setup
                0x0000ace0       0x20 zephyr/subsys/bluetooth/controller/libsubsys__bluetooth__controller.a(ull_conn.c.obj)
                0x0000ace0                ull_conn_setup
 .text.ull_conn_rx
                0x0000ad00     0x1864 zephyr/subsys/bluetooth/controller/libsubsys__bluetooth__controller.a(ull_conn.c.obj)
                0x0000ad00                ull_conn_rx
 .text.ull_conn_tx_demux
                0x0000c564       0xfc zephyr/subsys/bluetooth/controller/libsubsys__bluetooth__controller.a(ull_conn.c.obj)
                0x0000c564                ull_conn_tx_demux
 .text.conn_cleanup
                0x0000c660       0xfc zephyr/subsys/bluetooth/controller/libsubsys__bluetooth__controller.a(ull_conn.c.obj)
 .text.ull_conn_done
                0x0000c75c      0x344 zephyr/subsys/bluetooth/controller/libsubsys__bluetooth__controller.a(ull_conn.c.obj)
                0x0000c75c                ull_conn_done
 .text.ull_conn_tx_lll_enqueue
                0x0000caa0      0x1ec zephyr/subsys/bluetooth/controller/libsubsys__bluetooth__controller.a(ull_conn.c.obj)
                0x0000caa0                ull_conn_tx_lll_enqueue
 .text.ull_conn_link_tx_release
                0x0000cc8c        0xc zephyr/subsys/bluetooth/controller/libsubsys__bluetooth__controller.a(ull_conn.c.obj)
                0x0000cc8c                ull_conn_link_tx_release
 .text.ull_conn_ack_last_idx_get
                0x0000cc98        0xc zephyr/subsys/bluetooth/controller/libsubsys__bluetooth__controller.a(ull_conn.c.obj)
                0x0000cc98                ull_conn_ack_last_idx_get
 .text.ull_conn_ack_peek
                0x0000cca4       0x34 zephyr/subsys/bluetooth/controller/libsubsys__bluetooth__controller.a(ull_conn.c.obj)
                0x0000cca4                ull_conn_ack_peek
 .text.ull_conn_ack_by_last_peek
                0x0000ccd8       0x2c zephyr/subsys/bluetooth/controller/libsubsys__bluetooth__controller.a(ull_conn.c.obj)
                0x0000ccd8                ull_conn_ack_by_last_peek
 .text.ull_conn_ack_dequeue
                0x0000cd04       0x30 zephyr/subsys/bluetooth/controller/libsubsys__bluetooth__controller.a(ull_conn.c.obj)
                0x0000cd04                ull_conn_ack_dequeue
 .text.ull_conn_lll_ack_enqueue
                0x0000cd34       0x60 zephyr/subsys/bluetooth/controller/libsubsys__bluetooth__controller.a(ull_conn.c.obj)
                0x0000cd34                ull_conn_lll_ack_enqueue
 .text.ull_conn_tx_ack
                0x0000cd94      0x37c zephyr/subsys/bluetooth/controller/libsubsys__bluetooth__controller.a(ull_conn.c.obj)
                0x0000cd94                ull_conn_tx_ack
 .text.ull_conn_llcp_req
                0x0000d110       0x18 zephyr/subsys/bluetooth/controller/libsubsys__bluetooth__controller.a(ull_conn.c.obj)
                0x0000d110                ull_conn_llcp_req
 .text.ull_conn_lll_max_tx_octets_get
                0x0000d128       0x34 zephyr/subsys/bluetooth/controller/libsubsys__bluetooth__controller.a(ull_conn.c.obj)
                0x0000d128                ull_conn_lll_max_tx_octets_get
 .text.ticker_op_cb
                0x0000d15c       0x30 zephyr/subsys/bluetooth/controller/libsubsys__bluetooth__controller.a(ull_slave.c.obj)
 .text.ticker_op_stop_adv_cb.part.0
                0x0000d18c       0x2c zephyr/subsys/bluetooth/controller/libsubsys__bluetooth__controller.a(ull_slave.c.obj)
 .text.ticker_op_stop_adv_cb
                0x0000d1b8       0x1c zephyr/subsys/bluetooth/controller/libsubsys__bluetooth__controller.a(ull_slave.c.obj)
 .text.ull_slave_ticker_cb
                0x0000d1d4       0xac zephyr/subsys/bluetooth/controller/libsubsys__bluetooth__controller.a(ull_slave.c.obj)
                0x0000d1d4                ull_slave_ticker_cb
 .text.ll_start_enc_req_send
                0x0000d280       0x94 zephyr/subsys/bluetooth/controller/libsubsys__bluetooth__controller.a(ull_slave.c.obj)
                0x0000d280                ll_start_enc_req_send
 .text.ticker_op_stop_scan_cb
                0x0000d314        0x4 zephyr/subsys/bluetooth/controller/libsubsys__bluetooth__controller.a(ull_master.c.obj)
 .text.ticker_op_cb
                0x0000d318       0x30 zephyr/subsys/bluetooth/controller/libsubsys__bluetooth__controller.a(ull_master.c.obj)
 .text.ull_master_ticker_cb
                0x0000d348       0xb8 zephyr/subsys/bluetooth/controller/libsubsys__bluetooth__controller.a(ull_master.c.obj)
                0x0000d348                ull_master_ticker_cb
 .text.ll_create_connection
                0x0000d400      0x51c zephyr/subsys/bluetooth/controller/libsubsys__bluetooth__controller.a(ull_master.c.obj)
                0x0000d400                ll_create_connection
 .text.ll_connect_disable
                0x0000d91c       0x8c zephyr/subsys/bluetooth/controller/libsubsys__bluetooth__controller.a(ull_master.c.obj)
                0x0000d91c                ll_connect_disable
 .text.ll_chm_update
                0x0000d9a8       0x54 zephyr/subsys/bluetooth/controller/libsubsys__bluetooth__controller.a(ull_master.c.obj)
                0x0000d9a8                ll_chm_update
 .text.ll_enc_req_send
                0x0000d9fc       0xe4 zephyr/subsys/bluetooth/controller/libsubsys__bluetooth__controller.a(ull_master.c.obj)
                0x0000d9fc                ll_enc_req_send
 .text.ull_sched_after_mstr_slot_get
                0x0000dae0        0x4 zephyr/subsys/bluetooth/controller/libsubsys__bluetooth__controller.a(ull_sched.c.obj)
                0x0000dae0                ull_sched_after_mstr_slot_get
 .text.ull_sched_mfy_after_mstr_offset_get
                0x0000dae4        0x8 zephyr/subsys/bluetooth/controller/libsubsys__bluetooth__controller.a(ull_sched.c.obj)
                0x0000dae4                ull_sched_mfy_after_mstr_offset_get
 .text.ull_sched_mfy_free_win_offset_calc
                0x0000daec        0x4 zephyr/subsys/bluetooth/controller/libsubsys__bluetooth__controller.a(ull_sched.c.obj)
                0x0000daec                ull_sched_mfy_free_win_offset_calc
 .text.ull_sched_mfy_win_offset_use
                0x0000daf0        0x4 zephyr/subsys/bluetooth/controller/libsubsys__bluetooth__controller.a(ull_sched.c.obj)
                0x0000daf0                ull_sched_mfy_win_offset_use
 .text.ull_sched_mfy_win_offset_select
                0x0000daf4        0x4 zephyr/subsys/bluetooth/controller/libsubsys__bluetooth__controller.a(ull_sched.c.obj)
                0x0000daf4                ull_sched_mfy_win_offset_select
 .text.wl_find  0x0000daf8       0x70 zephyr/subsys/bluetooth/controller/libsubsys__bluetooth__controller.a(ull_filter.c.obj)
 .text.wl_update
                0x0000db68       0x9c zephyr/subsys/bluetooth/controller/libsubsys__bluetooth__controller.a(ull_filter.c.obj)
 .text.rl_update
                0x0000dc04       0x6c zephyr/subsys/bluetooth/controller/libsubsys__bluetooth__controller.a(ull_filter.c.obj)
 .text.rl_access_check.part.0
                0x0000dc70       0x10 zephyr/subsys/bluetooth/controller/libsubsys__bluetooth__controller.a(ull_filter.c.obj)
 .text.ll_wl_size_get
                0x0000dc80        0x4 zephyr/subsys/bluetooth/controller/libsubsys__bluetooth__controller.a(ull_filter.c.obj)
                0x0000dc80                ll_wl_size_get
 .text.ll_wl_clear
                0x0000dc84       0x5c zephyr/subsys/bluetooth/controller/libsubsys__bluetooth__controller.a(ull_filter.c.obj)
                0x0000dc84                ll_wl_clear
 .text.ll_wl_remove
                0x0000dce0       0x74 zephyr/subsys/bluetooth/controller/libsubsys__bluetooth__controller.a(ull_filter.c.obj)
                0x0000dce0                ll_wl_remove
 .text.ll_rl_id_addr_get
                0x0000dd54       0x88 zephyr/subsys/bluetooth/controller/libsubsys__bluetooth__controller.a(ull_filter.c.obj)
                0x0000dd54                ll_rl_id_addr_get
 .text.ll_rl_size_get
                0x0000dddc        0x4 zephyr/subsys/bluetooth/controller/libsubsys__bluetooth__controller.a(ull_filter.c.obj)
                0x0000dddc                ll_rl_size_get
 .text.ll_rl_clear
                0x0000dde0       0x8c zephyr/subsys/bluetooth/controller/libsubsys__bluetooth__controller.a(ull_filter.c.obj)
                0x0000dde0                ll_rl_clear
 .text.ll_rl_enable
                0x0000de6c       0x38 zephyr/subsys/bluetooth/controller/libsubsys__bluetooth__controller.a(ull_filter.c.obj)
                0x0000de6c                ll_rl_enable
 .text.ll_rl_timeout_set
                0x0000dea4       0x14 zephyr/subsys/bluetooth/controller/libsubsys__bluetooth__controller.a(ull_filter.c.obj)
                0x0000dea4                ll_rl_timeout_set
 .text.ull_filter_adv_scan_state_cb
                0x0000deb8       0x44 zephyr/subsys/bluetooth/controller/libsubsys__bluetooth__controller.a(ull_filter.c.obj)
                0x0000deb8                ull_filter_adv_scan_state_cb
 .text.ull_filter_adv_update
                0x0000defc       0x44 zephyr/subsys/bluetooth/controller/libsubsys__bluetooth__controller.a(ull_filter.c.obj)
                0x0000defc                ull_filter_adv_update
 .text.ull_filter_scan_update
                0x0000df40       0x48 zephyr/subsys/bluetooth/controller/libsubsys__bluetooth__controller.a(ull_filter.c.obj)
                0x0000df40                ull_filter_scan_update
 .text.ull_filter_adv_pdu_update
                0x0000df88      0x118 zephyr/subsys/bluetooth/controller/libsubsys__bluetooth__controller.a(ull_filter.c.obj)
                0x0000df88                ull_filter_adv_pdu_update
 .text.ull_filter_rpa_update
                0x0000e0a0      0x230 zephyr/subsys/bluetooth/controller/libsubsys__bluetooth__controller.a(ull_filter.c.obj)
                0x0000e0a0                ull_filter_rpa_update
 .text.rpa_timeout
                0x0000e2d0       0x40 zephyr/subsys/bluetooth/controller/libsubsys__bluetooth__controller.a(ull_filter.c.obj)
 .text.ull_filter_rl_find
                0x0000e310       0x78 zephyr/subsys/bluetooth/controller/libsubsys__bluetooth__controller.a(ull_filter.c.obj)
                0x0000e310                ull_filter_rl_find
 .text.ll_wl_add
                0x0000e388       0xc4 zephyr/subsys/bluetooth/controller/libsubsys__bluetooth__controller.a(ull_filter.c.obj)
                0x0000e388                ll_wl_add
 .text.ll_rl_add
                0x0000e44c      0x17c zephyr/subsys/bluetooth/controller/libsubsys__bluetooth__controller.a(ull_filter.c.obj)
                0x0000e44c                ll_rl_add
 .text.ll_rl_remove
                0x0000e5c8      0x104 zephyr/subsys/bluetooth/controller/libsubsys__bluetooth__controller.a(ull_filter.c.obj)
                0x0000e5c8                ll_rl_remove
 .text.ll_rl_crpa_set
                0x0000e6cc       0x48 zephyr/subsys/bluetooth/controller/libsubsys__bluetooth__controller.a(ull_filter.c.obj)
                0x0000e6cc                ll_rl_crpa_set
 .text.ll_rl_crpa_get
                0x0000e714       0x44 zephyr/subsys/bluetooth/controller/libsubsys__bluetooth__controller.a(ull_filter.c.obj)
                0x0000e714                ll_rl_crpa_get
 .text.ll_rl_lrpa_get
                0x0000e758       0x38 zephyr/subsys/bluetooth/controller/libsubsys__bluetooth__controller.a(ull_filter.c.obj)
                0x0000e758                ll_rl_lrpa_get
 .text.ll_priv_mode_set
                0x0000e790       0x6c zephyr/subsys/bluetooth/controller/libsubsys__bluetooth__controller.a(ull_filter.c.obj)
                0x0000e790                ll_priv_mode_set
 .text.ull_filter_reset
                0x0000e7fc       0xf0 zephyr/subsys/bluetooth/controller/libsubsys__bluetooth__controller.a(ull_filter.c.obj)
                0x0000e7fc                ull_filter_reset
 .text.ull_filter_lll_lrpa_used
                0x0000e8ec       0x1c zephyr/subsys/bluetooth/controller/libsubsys__bluetooth__controller.a(ull_filter.c.obj)
                0x0000e8ec                ull_filter_lll_lrpa_used
 .text.ull_filter_lll_lrpa_get
                0x0000e908       0x28 zephyr/subsys/bluetooth/controller/libsubsys__bluetooth__controller.a(ull_filter.c.obj)
                0x0000e908                ull_filter_lll_lrpa_get
 .text.ull_filter_lll_irks_get
                0x0000e930       0x14 zephyr/subsys/bluetooth/controller/libsubsys__bluetooth__controller.a(ull_filter.c.obj)
                0x0000e930                ull_filter_lll_irks_get
 .text.ull_filter_lll_rl_idx
                0x0000e944       0xd4 zephyr/subsys/bluetooth/controller/libsubsys__bluetooth__controller.a(ull_filter.c.obj)
                0x0000e944                ull_filter_lll_rl_idx
 .text.ull_filter_lll_rl_irk_idx
                0x0000ea18       0xa4 zephyr/subsys/bluetooth/controller/libsubsys__bluetooth__controller.a(ull_filter.c.obj)
                0x0000ea18                ull_filter_lll_rl_irk_idx
 .text.ull_filter_lll_irk_whitelisted
                0x0000eabc       0x60 zephyr/subsys/bluetooth/controller/libsubsys__bluetooth__controller.a(ull_filter.c.obj)
                0x0000eabc                ull_filter_lll_irk_whitelisted
 .text.ull_filter_lll_get
                0x0000eb1c       0x18 zephyr/subsys/bluetooth/controller/libsubsys__bluetooth__controller.a(ull_filter.c.obj)
                0x0000eb1c                ull_filter_lll_get
 .text.ull_filter_lll_rl_idx_allowed
                0x0000eb34       0x68 zephyr/subsys/bluetooth/controller/libsubsys__bluetooth__controller.a(ull_filter.c.obj)
                0x0000eb34                ull_filter_lll_rl_idx_allowed
 .text.ull_filter_lll_rl_addr_allowed
                0x0000eb9c       0x7c zephyr/subsys/bluetooth/controller/libsubsys__bluetooth__controller.a(ull_filter.c.obj)
                0x0000eb9c                ull_filter_lll_rl_addr_allowed
 .text.ull_filter_lll_rl_addr_resolve
                0x0000ec18       0x44 zephyr/subsys/bluetooth/controller/libsubsys__bluetooth__controller.a(ull_filter.c.obj)
                0x0000ec18                ull_filter_lll_rl_addr_resolve
 .text.ull_filter_lll_rl_enabled
                0x0000ec5c       0x10 zephyr/subsys/bluetooth/controller/libsubsys__bluetooth__controller.a(ull_filter.c.obj)
                0x0000ec5c                ull_filter_lll_rl_enabled
 .text.radio_nrf5_isr
                0x0000ec6c       0x20 zephyr/subsys/bluetooth/controller/libsubsys__bluetooth__controller.a(lll.c.obj)
                0x0000ec6c                radio_nrf5_isr
 .text.rtc0_nrf5_isr
                0x0000ec8c       0x2c zephyr/subsys/bluetooth/controller/libsubsys__bluetooth__controller.a(lll.c.obj)
 .text.swi_lll_nrf5_isr
                0x0000ecb8        0x8 zephyr/subsys/bluetooth/controller/libsubsys__bluetooth__controller.a(lll.c.obj)
 .text.ticker_start_op_cb
                0x0000ecc0       0x30 zephyr/subsys/bluetooth/controller/libsubsys__bluetooth__controller.a(lll.c.obj)
 .text.preempt_ticker_start.isra.0
                0x0000ecf0       0x74 zephyr/subsys/bluetooth/controller/libsubsys__bluetooth__controller.a(lll.c.obj)
 .text.preempt  0x0000ed64      0x148 zephyr/subsys/bluetooth/controller/libsubsys__bluetooth__controller.a(lll.c.obj)
 .text.prepare  0x0000eeac       0xd8 zephyr/subsys/bluetooth/controller/libsubsys__bluetooth__controller.a(lll.c.obj)
 .text.preempt_ticker_cb
                0x0000ef84       0x40 zephyr/subsys/bluetooth/controller/libsubsys__bluetooth__controller.a(lll.c.obj)
 .text.lll_init
                0x0000efc4       0x64 zephyr/subsys/bluetooth/controller/libsubsys__bluetooth__controller.a(lll.c.obj)
                0x0000efc4                lll_init
 .text.lll_trng_get
                0x0000f028       0x18 zephyr/subsys/bluetooth/controller/libsubsys__bluetooth__controller.a(lll.c.obj)
                0x0000f028                lll_trng_get
 .text.lll_trng_isr_get
                0x0000f040       0x28 zephyr/subsys/bluetooth/controller/libsubsys__bluetooth__controller.a(lll.c.obj)
                0x0000f040                lll_trng_isr_get
 .text.lll_rng_isr_get
                0x0000f068        0x4 zephyr/subsys/bluetooth/controller/libsubsys__bluetooth__controller.a(lll.c.obj)
                0x0000f068                lll_rng_isr_get
 .text.lll_reset
                0x0000f06c        0x4 zephyr/subsys/bluetooth/controller/libsubsys__bluetooth__controller.a(lll.c.obj)
                0x0000f06c                lll_reset
 .text.lll_prepare
                0x0000f070       0x14 zephyr/subsys/bluetooth/controller/libsubsys__bluetooth__controller.a(lll.c.obj)
                0x0000f070                lll_prepare
 .text.lll_resume
                0x0000f084       0x50 zephyr/subsys/bluetooth/controller/libsubsys__bluetooth__controller.a(lll.c.obj)
                0x0000f084                lll_resume
 .text.lll_disable
                0x0000f0d4       0xb0 zephyr/subsys/bluetooth/controller/libsubsys__bluetooth__controller.a(lll.c.obj)
                0x0000f0d4                lll_disable
 .text.lll_prepare_done
                0x0000f184        0x4 zephyr/subsys/bluetooth/controller/libsubsys__bluetooth__controller.a(lll.c.obj)
                0x0000f184                lll_prepare_done
 .text.lll_done
                0x0000f188       0xa8 zephyr/subsys/bluetooth/controller/libsubsys__bluetooth__controller.a(lll.c.obj)
                0x0000f188                lll_done
 .text.lll_is_done
                0x0000f230       0x10 zephyr/subsys/bluetooth/controller/libsubsys__bluetooth__controller.a(lll.c.obj)
                0x0000f230                lll_is_done
 .text.lll_evt_offset_get
                0x0000f240       0x14 zephyr/subsys/bluetooth/controller/libsubsys__bluetooth__controller.a(lll.c.obj)
                0x0000f240                lll_evt_offset_get
 .text.lll_preempt_calc
                0x0000f254       0x24 zephyr/subsys/bluetooth/controller/libsubsys__bluetooth__controller.a(lll.c.obj)
                0x0000f254                lll_preempt_calc
 .text.lll_chan_set
                0x0000f278       0x84 zephyr/subsys/bluetooth/controller/libsubsys__bluetooth__controller.a(lll.c.obj)
                0x0000f278                lll_chan_set
 .text.clock_ready
                0x0000f2fc        0x8 zephyr/subsys/bluetooth/controller/libsubsys__bluetooth__controller.a(lll_clock.c.obj)
 .text.lll_clock_init
                0x0000f304       0x28 zephyr/subsys/bluetooth/controller/libsubsys__bluetooth__controller.a(lll_clock.c.obj)
                0x0000f304                lll_clock_init
 .text.lll_clock_wait
                0x0000f32c       0x58 zephyr/subsys/bluetooth/controller/libsubsys__bluetooth__controller.a(lll_clock.c.obj)
                0x0000f32c                lll_clock_wait
 .text.lll_hfclock_on
                0x0000f384       0x10 zephyr/subsys/bluetooth/controller/libsubsys__bluetooth__controller.a(lll_clock.c.obj)
                0x0000f384                lll_hfclock_on
 .text.lll_hfclock_off
                0x0000f394       0x10 zephyr/subsys/bluetooth/controller/libsubsys__bluetooth__controller.a(lll_clock.c.obj)
                0x0000f394                lll_hfclock_off
 .text.isr_race
                0x0000f3a4        0x4 zephyr/subsys/bluetooth/controller/libsubsys__bluetooth__controller.a(lll_adv.c.obj)
 .text.isr_cleanup
                0x0000f3a8       0x64 zephyr/subsys/bluetooth/controller/libsubsys__bluetooth__controller.a(lll_adv.c.obj)
 .text.isr_abort
                0x0000f40c       0x28 zephyr/subsys/bluetooth/controller/libsubsys__bluetooth__controller.a(lll_adv.c.obj)
 .text.isr_tx   0x0000f434       0xb8 zephyr/subsys/bluetooth/controller/libsubsys__bluetooth__controller.a(lll_adv.c.obj)
 .text.chan_prepare
                0x0000f4ec      0x120 zephyr/subsys/bluetooth/controller/libsubsys__bluetooth__controller.a(lll_adv.c.obj)
 .text.prepare_cb
                0x0000f60c      0x130 zephyr/subsys/bluetooth/controller/libsubsys__bluetooth__controller.a(lll_adv.c.obj)
 .text.resume_prepare_cb
                0x0000f73c       0x28 zephyr/subsys/bluetooth/controller/libsubsys__bluetooth__controller.a(lll_adv.c.obj)
 .text.is_abort_cb
                0x0000f764       0x78 zephyr/subsys/bluetooth/controller/libsubsys__bluetooth__controller.a(lll_adv.c.obj)
 .text.abort_cb
                0x0000f7dc       0x54 zephyr/subsys/bluetooth/controller/libsubsys__bluetooth__controller.a(lll_adv.c.obj)
 .text.isr_done
                0x0000f830       0x54 zephyr/subsys/bluetooth/controller/libsubsys__bluetooth__controller.a(lll_adv.c.obj)
 .text.isr_rx   0x0000f884      0x394 zephyr/subsys/bluetooth/controller/libsubsys__bluetooth__controller.a(lll_adv.c.obj)
 .text.lll_adv_init
                0x0000fc18        0x4 zephyr/subsys/bluetooth/controller/libsubsys__bluetooth__controller.a(lll_adv.c.obj)
                0x0000fc18                lll_adv_init
 .text.lll_adv_reset
                0x0000fc1c        0x4 zephyr/subsys/bluetooth/controller/libsubsys__bluetooth__controller.a(lll_adv.c.obj)
                0x0000fc1c                lll_adv_reset
 .text.lll_adv_prepare
                0x0000fc20       0x78 zephyr/subsys/bluetooth/controller/libsubsys__bluetooth__controller.a(lll_adv.c.obj)
                0x0000fc20                lll_adv_prepare
 .text.ticker_stop_cb
                0x0000fc98       0x18 zephyr/subsys/bluetooth/controller/libsubsys__bluetooth__controller.a(lll_scan.c.obj)
 .text.prepare_cb
                0x0000fcb0      0x204 zephyr/subsys/bluetooth/controller/libsubsys__bluetooth__controller.a(lll_scan.c.obj)
 .text.isr_race
                0x0000feb4        0x4 zephyr/subsys/bluetooth/controller/libsubsys__bluetooth__controller.a(lll_scan.c.obj)
 .text.isr_common_done
                0x0000feb8       0x94 zephyr/subsys/bluetooth/controller/libsubsys__bluetooth__controller.a(lll_scan.c.obj)
 .text.isr_done
                0x0000ff4c       0x14 zephyr/subsys/bluetooth/controller/libsubsys__bluetooth__controller.a(lll_scan.c.obj)
 .text.isr_tx   0x0000ff60       0xd8 zephyr/subsys/bluetooth/controller/libsubsys__bluetooth__controller.a(lll_scan.c.obj)
 .text.resume_prepare_cb
                0x00010038       0x28 zephyr/subsys/bluetooth/controller/libsubsys__bluetooth__controller.a(lll_scan.c.obj)
 .text.isr_window
                0x00010060       0x1c zephyr/subsys/bluetooth/controller/libsubsys__bluetooth__controller.a(lll_scan.c.obj)
 .text.ticker_op_start_cb
                0x0001007c       0x30 zephyr/subsys/bluetooth/controller/libsubsys__bluetooth__controller.a(lll_scan.c.obj)
 .text.abort_cb
                0x000100ac       0x54 zephyr/subsys/bluetooth/controller/libsubsys__bluetooth__controller.a(lll_scan.c.obj)
 .text.is_abort_cb
                0x00010100       0x8c zephyr/subsys/bluetooth/controller/libsubsys__bluetooth__controller.a(lll_scan.c.obj)
 .text.isr_cleanup
                0x0001018c       0x8c zephyr/subsys/bluetooth/controller/libsubsys__bluetooth__controller.a(lll_scan.c.obj)
 .text.isr_abort
                0x00010218       0x38 zephyr/subsys/bluetooth/controller/libsubsys__bluetooth__controller.a(lll_scan.c.obj)
 .text.isr_rx_scan_report.isra.0
                0x00010250       0x48 zephyr/subsys/bluetooth/controller/libsubsys__bluetooth__controller.a(lll_scan.c.obj)
 .text.lll_scan_init
                0x00010298        0x4 zephyr/subsys/bluetooth/controller/libsubsys__bluetooth__controller.a(lll_scan.c.obj)
                0x00010298                lll_scan_init
 .text.lll_scan_reset
                0x0001029c        0x4 zephyr/subsys/bluetooth/controller/libsubsys__bluetooth__controller.a(lll_scan.c.obj)
                0x0001029c                lll_scan_reset
 .text.lll_scan_prepare
                0x000102a0       0x78 zephyr/subsys/bluetooth/controller/libsubsys__bluetooth__controller.a(lll_scan.c.obj)
                0x000102a0                lll_scan_prepare
 .text.isr_race
                0x00010318        0x4 zephyr/subsys/bluetooth/controller/libsubsys__bluetooth__controller.a(lll_conn.c.obj)
 .text.isr_cleanup
                0x0001031c       0x64 zephyr/subsys/bluetooth/controller/libsubsys__bluetooth__controller.a(lll_conn.c.obj)
 .text.isr_done
                0x00010380       0xc0 zephyr/subsys/bluetooth/controller/libsubsys__bluetooth__controller.a(lll_conn.c.obj)
 .text.empty_tx_enqueue
                0x00010440       0x40 zephyr/subsys/bluetooth/controller/libsubsys__bluetooth__controller.a(lll_conn.c.obj)
 .text.lll_conn_init
                0x00010480        0x4 zephyr/subsys/bluetooth/controller/libsubsys__bluetooth__controller.a(lll_conn.c.obj)
                0x00010480                lll_conn_init
 .text.lll_conn_reset
                0x00010484        0x4 zephyr/subsys/bluetooth/controller/libsubsys__bluetooth__controller.a(lll_conn.c.obj)
                0x00010484                lll_conn_reset
 .text.lll_conn_sca_local_get
                0x00010488        0x4 zephyr/subsys/bluetooth/controller/libsubsys__bluetooth__controller.a(lll_conn.c.obj)
                0x00010488                lll_conn_sca_local_get
 .text.lll_conn_ppm_local_get
                0x0001048c        0x4 zephyr/subsys/bluetooth/controller/libsubsys__bluetooth__controller.a(lll_conn.c.obj)
                0x0001048c                lll_conn_ppm_local_get
 .text.lll_conn_ppm_get
                0x00010490        0xc zephyr/subsys/bluetooth/controller/libsubsys__bluetooth__controller.a(lll_conn.c.obj)
                0x00010490                lll_conn_ppm_get
 .text.lll_conn_prepare_reset
                0x0001049c       0x28 zephyr/subsys/bluetooth/controller/libsubsys__bluetooth__controller.a(lll_conn.c.obj)
                0x0001049c                lll_conn_prepare_reset
 .text.lll_conn_is_abort_cb
                0x000104c4        0x8 zephyr/subsys/bluetooth/controller/libsubsys__bluetooth__controller.a(lll_conn.c.obj)
                0x000104c4                lll_conn_is_abort_cb
 .text.lll_conn_abort_cb
                0x000104cc       0x50 zephyr/subsys/bluetooth/controller/libsubsys__bluetooth__controller.a(lll_conn.c.obj)
                0x000104cc                lll_conn_abort_cb
 .text.lll_conn_isr_abort
                0x0001051c       0x24 zephyr/subsys/bluetooth/controller/libsubsys__bluetooth__controller.a(lll_conn.c.obj)
                0x0001051c                lll_conn_isr_abort
 .text.lll_conn_rx_pkt_set
                0x00010540       0x94 zephyr/subsys/bluetooth/controller/libsubsys__bluetooth__controller.a(lll_conn.c.obj)
                0x00010540                lll_conn_rx_pkt_set
 .text.lll_conn_isr_tx
                0x000105d4       0xd4 zephyr/subsys/bluetooth/controller/libsubsys__bluetooth__controller.a(lll_conn.c.obj)
                0x000105d4                lll_conn_isr_tx
 .text.lll_conn_tx_pkt_set
                0x000106a8       0x60 zephyr/subsys/bluetooth/controller/libsubsys__bluetooth__controller.a(lll_conn.c.obj)
                0x000106a8                lll_conn_tx_pkt_set
 .text.lll_conn_pdu_tx_prep
                0x00010708       0xa8 zephyr/subsys/bluetooth/controller/libsubsys__bluetooth__controller.a(lll_conn.c.obj)
                0x00010708                lll_conn_pdu_tx_prep
 .text.lll_conn_isr_rx
                0x000107b0      0x42c zephyr/subsys/bluetooth/controller/libsubsys__bluetooth__controller.a(lll_conn.c.obj)
                0x000107b0                lll_conn_isr_rx
 .text.lll_conn_flush
                0x00010bdc        0x4 zephyr/subsys/bluetooth/controller/libsubsys__bluetooth__controller.a(lll_conn.c.obj)
                0x00010bdc                lll_conn_flush
 .text.prepare_cb
                0x00010be0      0x1b0 zephyr/subsys/bluetooth/controller/libsubsys__bluetooth__controller.a(lll_slave.c.obj)
 .text.lll_slave_prepare
                0x00010d90       0x98 zephyr/subsys/bluetooth/controller/libsubsys__bluetooth__controller.a(lll_slave.c.obj)
                0x00010d90                lll_slave_prepare
 .text.prepare_cb
                0x00010e28      0x144 zephyr/subsys/bluetooth/controller/libsubsys__bluetooth__controller.a(lll_master.c.obj)
 .text.lll_master_prepare
                0x00010f6c       0x84 zephyr/subsys/bluetooth/controller/libsubsys__bluetooth__controller.a(lll_master.c.obj)
                0x00010f6c                lll_master_prepare
 .text.cntr_init
                0x00010ff0       0x1c zephyr/subsys/bluetooth/controller/libsubsys__bluetooth__controller.a(cntr.c.obj)
                0x00010ff0                cntr_init
 .text.cntr_start
                0x0001100c       0x20 zephyr/subsys/bluetooth/controller/libsubsys__bluetooth__controller.a(cntr.c.obj)
                0x0001100c                cntr_start
 .text.cntr_stop
                0x0001102c       0x4c zephyr/subsys/bluetooth/controller/libsubsys__bluetooth__controller.a(cntr.c.obj)
                0x0001102c                cntr_stop
 .text.cntr_cnt_get
                0x00011078        0xc zephyr/subsys/bluetooth/controller/libsubsys__bluetooth__controller.a(cntr.c.obj)
                0x00011078                cntr_cnt_get
 .text.cntr_cmp_set
                0x00011084       0x10 zephyr/subsys/bluetooth/controller/libsubsys__bluetooth__controller.a(cntr.c.obj)
                0x00011084                cntr_cmp_set
 .text.do_ecb   0x00011094       0x54 zephyr/subsys/bluetooth/controller/libsubsys__bluetooth__controller.a(ecb.c.obj)
 .text.ecb_encrypt
                0x000110e8       0x44 zephyr/subsys/bluetooth/controller/libsubsys__bluetooth__controller.a(ecb.c.obj)
                0x000110e8                ecb_encrypt
 .text.sw_switch.isra.0
                0x0001112c       0xc8 zephyr/subsys/bluetooth/controller/libsubsys__bluetooth__controller.a(radio.c.obj)
 .text.isr_radio
                0x000111f4       0x20 zephyr/subsys/bluetooth/controller/libsubsys__bluetooth__controller.a(radio.c.obj)
                0x000111f4                isr_radio
 .text.radio_isr_set
                0x00011214       0x40 zephyr/subsys/bluetooth/controller/libsubsys__bluetooth__controller.a(radio.c.obj)
                0x00011214                radio_isr_set
 .text.radio_reset
                0x00011254       0x48 zephyr/subsys/bluetooth/controller/libsubsys__bluetooth__controller.a(radio.c.obj)
                0x00011254                radio_reset
 .text.radio_phy_set
                0x0001129c       0x20 zephyr/subsys/bluetooth/controller/libsubsys__bluetooth__controller.a(radio.c.obj)
                0x0001129c                radio_phy_set
 .text.radio_tx_power_set
                0x000112bc        0xc zephyr/subsys/bluetooth/controller/libsubsys__bluetooth__controller.a(radio.c.obj)
                0x000112bc                radio_tx_power_set
 .text.radio_freq_chan_set
                0x000112c8        0xc zephyr/subsys/bluetooth/controller/libsubsys__bluetooth__controller.a(radio.c.obj)
                0x000112c8                radio_freq_chan_set
 .text.radio_whiten_iv_set
                0x000112d4       0x24 zephyr/subsys/bluetooth/controller/libsubsys__bluetooth__controller.a(radio.c.obj)
                0x000112d4                radio_whiten_iv_set
 .text.radio_aa_set
                0x000112f8       0x34 zephyr/subsys/bluetooth/controller/libsubsys__bluetooth__controller.a(radio.c.obj)
                0x000112f8                radio_aa_set
 .text.radio_pkt_configure
                0x0001132c       0x5c zephyr/subsys/bluetooth/controller/libsubsys__bluetooth__controller.a(radio.c.obj)
                0x0001132c                radio_pkt_configure
 .text.radio_pkt_rx_set
                0x00011388        0xc zephyr/subsys/bluetooth/controller/libsubsys__bluetooth__controller.a(radio.c.obj)
                0x00011388                radio_pkt_rx_set
 .text.radio_pkt_tx_set
                0x00011394        0xc zephyr/subsys/bluetooth/controller/libsubsys__bluetooth__controller.a(radio.c.obj)
                0x00011394                radio_pkt_tx_set
 .text.radio_tx_ready_delay_get
                0x000113a0        0xc zephyr/subsys/bluetooth/controller/libsubsys__bluetooth__controller.a(radio.c.obj)
                0x000113a0                radio_tx_ready_delay_get
 .text.radio_tx_chain_delay_get
                0x000113ac        0x4 zephyr/subsys/bluetooth/controller/libsubsys__bluetooth__controller.a(radio.c.obj)
                0x000113ac                radio_tx_chain_delay_get
 .text.radio_rx_ready_delay_get
                0x000113b0        0x4 zephyr/subsys/bluetooth/controller/libsubsys__bluetooth__controller.a(radio.c.obj)
                0x000113b0                radio_rx_ready_delay_get
 .text.radio_rx_chain_delay_get
                0x000113b4        0xc zephyr/subsys/bluetooth/controller/libsubsys__bluetooth__controller.a(radio.c.obj)
                0x000113b4                radio_rx_chain_delay_get
 .text.radio_rx_enable
                0x000113c0        0xc zephyr/subsys/bluetooth/controller/libsubsys__bluetooth__controller.a(radio.c.obj)
                0x000113c0                radio_rx_enable
 .text.radio_tx_enable
                0x000113cc        0xc zephyr/subsys/bluetooth/controller/libsubsys__bluetooth__controller.a(radio.c.obj)
                0x000113cc                radio_tx_enable
 .text.radio_disable
                0x000113d8       0x30 zephyr/subsys/bluetooth/controller/libsubsys__bluetooth__controller.a(radio.c.obj)
                0x000113d8                radio_disable
 .text.radio_status_reset
                0x00011408       0x18 zephyr/subsys/bluetooth/controller/libsubsys__bluetooth__controller.a(radio.c.obj)
                0x00011408                radio_status_reset
 .text.radio_is_ready
                0x00011420       0x14 zephyr/subsys/bluetooth/controller/libsubsys__bluetooth__controller.a(radio.c.obj)
                0x00011420                radio_is_ready
 .text.radio_is_done
                0x00011434       0x14 zephyr/subsys/bluetooth/controller/libsubsys__bluetooth__controller.a(radio.c.obj)
                0x00011434                radio_is_done
 .text.radio_is_idle
                0x00011448       0x14 zephyr/subsys/bluetooth/controller/libsubsys__bluetooth__controller.a(radio.c.obj)
                0x00011448                radio_is_idle
 .text.radio_crc_configure
                0x0001145c       0x18 zephyr/subsys/bluetooth/controller/libsubsys__bluetooth__controller.a(radio.c.obj)
                0x0001145c                radio_crc_configure
 .text.radio_crc_is_valid
                0x00011474       0x14 zephyr/subsys/bluetooth/controller/libsubsys__bluetooth__controller.a(radio.c.obj)
                0x00011474                radio_crc_is_valid
 .text.radio_pkt_empty_get
                0x00011488        0x8 zephyr/subsys/bluetooth/controller/libsubsys__bluetooth__controller.a(radio.c.obj)
                0x00011488                radio_pkt_empty_get
 .text.radio_pkt_scratch_get
                0x00011490        0x8 zephyr/subsys/bluetooth/controller/libsubsys__bluetooth__controller.a(radio.c.obj)
                0x00011490                radio_pkt_scratch_get
 .text.radio_pkt_decrypt_get
                0x00011498        0x8 zephyr/subsys/bluetooth/controller/libsubsys__bluetooth__controller.a(radio.c.obj)
                0x00011498                radio_pkt_decrypt_get
 .text.radio_switch_complete_and_rx
                0x000114a0       0x1c zephyr/subsys/bluetooth/controller/libsubsys__bluetooth__controller.a(radio.c.obj)
                0x000114a0                radio_switch_complete_and_rx
 .text.radio_switch_complete_and_tx
                0x000114bc       0x18 zephyr/subsys/bluetooth/controller/libsubsys__bluetooth__controller.a(radio.c.obj)
                0x000114bc                radio_switch_complete_and_tx
 .text.radio_switch_complete_and_disable
                0x000114d4       0x1c zephyr/subsys/bluetooth/controller/libsubsys__bluetooth__controller.a(radio.c.obj)
                0x000114d4                radio_switch_complete_and_disable
 .text.radio_rssi_measure
                0x000114f0       0x14 zephyr/subsys/bluetooth/controller/libsubsys__bluetooth__controller.a(radio.c.obj)
                0x000114f0                radio_rssi_measure
 .text.radio_rssi_get
                0x00011504        0xc zephyr/subsys/bluetooth/controller/libsubsys__bluetooth__controller.a(radio.c.obj)
                0x00011504                radio_rssi_get
 .text.radio_rssi_status_reset
                0x00011510       0x10 zephyr/subsys/bluetooth/controller/libsubsys__bluetooth__controller.a(radio.c.obj)
                0x00011510                radio_rssi_status_reset
 .text.radio_rssi_is_ready
                0x00011520       0x14 zephyr/subsys/bluetooth/controller/libsubsys__bluetooth__controller.a(radio.c.obj)
                0x00011520                radio_rssi_is_ready
 .text.radio_filter_configure
                0x00011534       0x38 zephyr/subsys/bluetooth/controller/libsubsys__bluetooth__controller.a(radio.c.obj)
                0x00011534                radio_filter_configure
 .text.radio_filter_disable
                0x0001156c       0x14 zephyr/subsys/bluetooth/controller/libsubsys__bluetooth__controller.a(radio.c.obj)
                0x0001156c                radio_filter_disable
 .text.radio_filter_status_reset
                0x00011580       0x10 zephyr/subsys/bluetooth/controller/libsubsys__bluetooth__controller.a(radio.c.obj)
                0x00011580                radio_filter_status_reset
 .text.radio_filter_has_match
                0x00011590       0x14 zephyr/subsys/bluetooth/controller/libsubsys__bluetooth__controller.a(radio.c.obj)
                0x00011590                radio_filter_has_match
 .text.radio_filter_match_get
                0x000115a4        0xc zephyr/subsys/bluetooth/controller/libsubsys__bluetooth__controller.a(radio.c.obj)
                0x000115a4                radio_filter_match_get
 .text.radio_tmr_status_reset
                0x000115b0       0x20 zephyr/subsys/bluetooth/controller/libsubsys__bluetooth__controller.a(radio.c.obj)
                0x000115b0                radio_tmr_status_reset
 .text.radio_tmr_tifs_set
                0x000115d0       0x18 zephyr/subsys/bluetooth/controller/libsubsys__bluetooth__controller.a(radio.c.obj)
                0x000115d0                radio_tmr_tifs_set
 .text.radio_tmr_start
                0x000115e8      0x100 zephyr/subsys/bluetooth/controller/libsubsys__bluetooth__controller.a(radio.c.obj)
                0x000115e8                radio_tmr_start
 .text.radio_tmr_start_tick
                0x000116e8       0x74 zephyr/subsys/bluetooth/controller/libsubsys__bluetooth__controller.a(radio.c.obj)
                0x000116e8                radio_tmr_start_tick
 .text.radio_tmr_start_get
                0x0001175c        0xc zephyr/subsys/bluetooth/controller/libsubsys__bluetooth__controller.a(radio.c.obj)
                0x0001175c                radio_tmr_start_get
 .text.radio_tmr_stop
                0x00011768       0x28 zephyr/subsys/bluetooth/controller/libsubsys__bluetooth__controller.a(radio.c.obj)
                0x00011768                radio_tmr_stop
 .text.radio_tmr_hcto_configure
                0x00011790       0x1c zephyr/subsys/bluetooth/controller/libsubsys__bluetooth__controller.a(radio.c.obj)
                0x00011790                radio_tmr_hcto_configure
 .text.radio_tmr_aa_capture
                0x000117ac       0x28 zephyr/subsys/bluetooth/controller/libsubsys__bluetooth__controller.a(radio.c.obj)
                0x000117ac                radio_tmr_aa_capture
 .text.radio_tmr_aa_get
                0x000117d4        0xc zephyr/subsys/bluetooth/controller/libsubsys__bluetooth__controller.a(radio.c.obj)
                0x000117d4                radio_tmr_aa_get
 .text.radio_tmr_aa_save
                0x000117e0        0xc zephyr/subsys/bluetooth/controller/libsubsys__bluetooth__controller.a(radio.c.obj)
                0x000117e0                radio_tmr_aa_save
 .text.radio_tmr_aa_restore
                0x000117ec        0xc zephyr/subsys/bluetooth/controller/libsubsys__bluetooth__controller.a(radio.c.obj)
                0x000117ec                radio_tmr_aa_restore
 .text.radio_tmr_ready_get
                0x000117f8        0xc zephyr/subsys/bluetooth/controller/libsubsys__bluetooth__controller.a(radio.c.obj)
                0x000117f8                radio_tmr_ready_get
 .text.radio_tmr_end_capture
                0x00011804       0x10 zephyr/subsys/bluetooth/controller/libsubsys__bluetooth__controller.a(radio.c.obj)
                0x00011804                radio_tmr_end_capture
 .text.radio_tmr_end_get
                0x00011814        0xc zephyr/subsys/bluetooth/controller/libsubsys__bluetooth__controller.a(radio.c.obj)
                0x00011814                radio_tmr_end_get
 .text.radio_tmr_tifs_base_get
                0x00011820        0xc zephyr/subsys/bluetooth/controller/libsubsys__bluetooth__controller.a(radio.c.obj)
                0x00011820                radio_tmr_tifs_base_get
 .text.radio_ccm_rx_pkt_set
                0x0001182c       0x6c zephyr/subsys/bluetooth/controller/libsubsys__bluetooth__controller.a(radio.c.obj)
                0x0001182c                radio_ccm_rx_pkt_set
 .text.radio_ccm_tx_pkt_set
                0x00011898       0x54 zephyr/subsys/bluetooth/controller/libsubsys__bluetooth__controller.a(radio.c.obj)
                0x00011898                radio_ccm_tx_pkt_set
 .text.radio_ccm_is_done
                0x000118ec       0x44 zephyr/subsys/bluetooth/controller/libsubsys__bluetooth__controller.a(radio.c.obj)
                0x000118ec                radio_ccm_is_done
 .text.radio_ccm_mic_is_valid
                0x00011930       0x14 zephyr/subsys/bluetooth/controller/libsubsys__bluetooth__controller.a(radio.c.obj)
                0x00011930                radio_ccm_mic_is_valid
 .text.radio_ar_configure
                0x00011944       0x68 zephyr/subsys/bluetooth/controller/libsubsys__bluetooth__controller.a(radio.c.obj)
                0x00011944                radio_ar_configure
 .text.radio_ar_match_get
                0x000119ac        0xc zephyr/subsys/bluetooth/controller/libsubsys__bluetooth__controller.a(radio.c.obj)
                0x000119ac                radio_ar_match_get
 .text.radio_ar_status_reset
                0x000119b8       0x18 zephyr/subsys/bluetooth/controller/libsubsys__bluetooth__controller.a(radio.c.obj)
                0x000119b8                radio_ar_status_reset
 .text.radio_ar_has_match
                0x000119d0       0x28 zephyr/subsys/bluetooth/controller/libsubsys__bluetooth__controller.a(radio.c.obj)
                0x000119d0                radio_ar_has_match
 .text.mayfly_enable_cb
                0x000119f8       0x40 zephyr/subsys/bluetooth/controller/libsubsys__bluetooth__controller.a(mayfly.c.obj)
                0x000119f8                mayfly_enable_cb
 .text.mayfly_is_enabled
                0x00011a38       0x40 zephyr/subsys/bluetooth/controller/libsubsys__bluetooth__controller.a(mayfly.c.obj)
                0x00011a38                mayfly_is_enabled
 .text.mayfly_prio_is_equal
                0x00011a78       0x3c zephyr/subsys/bluetooth/controller/libsubsys__bluetooth__controller.a(mayfly.c.obj)
                0x00011a78                mayfly_prio_is_equal
 .text.mayfly_pend
                0x00011ab4       0x50 zephyr/subsys/bluetooth/controller/libsubsys__bluetooth__controller.a(mayfly.c.obj)
                0x00011ab4                mayfly_pend
 .text.hal_ticker_instance0_caller_id_get
                0x00011b04       0x64 zephyr/subsys/bluetooth/controller/libsubsys__bluetooth__controller.a(ticker.c.obj)
                0x00011b04                hal_ticker_instance0_caller_id_get
 .text.hal_ticker_instance0_sched
                0x00011b68       0xe0 zephyr/subsys/bluetooth/controller/libsubsys__bluetooth__controller.a(ticker.c.obj)
                0x00011b68                hal_ticker_instance0_sched
 .text.hal_ticker_instance0_trigger_set
                0x00011c48        0x8 zephyr/subsys/bluetooth/controller/libsubsys__bluetooth__controller.a(ticker.c.obj)
                0x00011c48                hal_ticker_instance0_trigger_set
 .text.hci_vendor_read_static_addr
                0x00011c50       0xe4 zephyr/subsys/bluetooth/controller/libsubsys__bluetooth__controller.a(hci_vendor.c.obj)
                0x00011c50                hci_vendor_read_static_addr
 .text.hci_vendor_read_key_hierarchy_roots
                0x00011d34       0x90 zephyr/subsys/bluetooth/controller/libsubsys__bluetooth__controller.a(hci_vendor.c.obj)
                0x00011d34                hci_vendor_read_key_hierarchy_roots
 .text.net_buf_id
                0x00011dc4       0x20 zephyr/subsys/net/libsubsys__net.a(buf.c.obj)
                0x00011dc4                net_buf_id
 .text.fixed_data_alloc
                0x00011de4       0x30 zephyr/subsys/net/libsubsys__net.a(buf.c.obj)
 .text.net_buf_alloc_len
                0x00011e14      0x118 zephyr/subsys/net/libsubsys__net.a(buf.c.obj)
                0x00011e14                net_buf_alloc_len
 .text.net_buf_unref
                0x00011f2c       0x68 zephyr/subsys/net/libsubsys__net.a(buf.c.obj)
                0x00011f2c                net_buf_unref
 .text.gpio_nrfx_init
                0x00011f94       0x30 zephyr/drivers/gpio/libdrivers__gpio.a(gpio_nrfx.c.obj)
 .text.gpio_nrfx_config
                0x00011fc4       0xbc zephyr/drivers/gpio/libdrivers__gpio.a(gpio_nrfx.c.obj)
 .text.gpiote_pin_int_cfg
                0x00012080      0x148 zephyr/drivers/gpio/libdrivers__gpio.a(gpio_nrfx.c.obj)
 .text.gpiote_event_handler
                0x000121c8      0x160 zephyr/drivers/gpio/libdrivers__gpio.a(gpio_nrfx.c.obj)
 .text.event_txdrdy_check
                0x00012328       0x20 zephyr/drivers/serial/libdrivers__serial.a(uart_nrfx_uart.c.obj)
 .text.uart_nrfx_err_check
                0x00012348       0x10 zephyr/drivers/serial/libdrivers__serial.a(uart_nrfx_uart.c.obj)
 .text.uart_nrfx_irq_rx_enable
                0x00012358       0x10 zephyr/drivers/serial/libdrivers__serial.a(uart_nrfx_uart.c.obj)
 .text.uart_nrfx_irq_rx_disable
                0x00012368       0x10 zephyr/drivers/serial/libdrivers__serial.a(uart_nrfx_uart.c.obj)
 .text.uart_nrfx_irq_rx_ready
                0x00012378       0x10 zephyr/drivers/serial/libdrivers__serial.a(uart_nrfx_uart.c.obj)
 .text.uart_nrfx_irq_err_enable
                0x00012388       0x10 zephyr/drivers/serial/libdrivers__serial.a(uart_nrfx_uart.c.obj)