Archive member included to satisfy reference by file (symbol)

app/libapp.a(main.c.obj)      (--whole-archive)
zephyr/libzephyr.a(crc32_sw.c.obj)
                              (--whole-archive)
zephyr/libzephyr.a(crc16_sw.c.obj)
                              (--whole-archive)
zephyr/libzephyr.a(crc8_sw.c.obj)
                              (--whole-archive)
zephyr/libzephyr.a(crc7_sw.c.obj)
                              (--whole-archive)
zephyr/libzephyr.a(dec.c.obj)
                              (--whole-archive)
zephyr/libzephyr.a(fdtable.c.obj)
                              (--whole-archive)
zephyr/libzephyr.a(hex.c.obj)
                              (--whole-archive)
zephyr/libzephyr.a(mempool.c.obj)
                              (--whole-archive)
zephyr/libzephyr.a(notify.c.obj)
                              (--whole-archive)
zephyr/libzephyr.a(printk.c.obj)
                              (--whole-archive)
zephyr/libzephyr.a(onoff.c.obj)
                              (--whole-archive)
zephyr/libzephyr.a(rb.c.obj)  (--whole-archive)
zephyr/libzephyr.a(sem.c.obj)
                              (--whole-archive)
zephyr/libzephyr.a(thread_entry.c.obj)
                              (--whole-archive)
zephyr/libzephyr.a(timeutil.c.obj)
                              (--whole-archive)
zephyr/libzephyr.a(work_q.c.obj)
                              (--whole-archive)
zephyr/libzephyr.a(heap.c.obj)
                              (--whole-archive)
zephyr/libzephyr.a(heap-validate.c.obj)
                              (--whole-archive)
zephyr/libzephyr.a(configs.c.obj)
                              (--whole-archive)
zephyr/libzephyr.a(validate_base_addresses.c.obj)
                              (--whole-archive)
zephyr/libzephyr.a(validate_enabled_instances.c.obj)
                              (--whole-archive)
zephyr/libzephyr.a(addr_utils.c.obj)
                              (--whole-archive)
zephyr/libzephyr.a(power.c.obj)
                              (--whole-archive)
zephyr/libzephyr.a(policy_residency.c.obj)
                              (--whole-archive)
zephyr/libzephyr.a(nrf_power_clock.c.obj)
                              (--whole-archive)
zephyr/libzephyr.a(sys_clock_init.c.obj)
                              (--whole-archive)
zephyr/libzephyr.a(nrf_rtc_timer.c.obj)
                              (--whole-archive)
zephyr/libzephyr.a(utils.c.obj)
                              (--whole-archive)
zephyr/libzephyr.a(aes_decrypt.c.obj)
                              (--whole-archive)
zephyr/libzephyr.a(aes_encrypt.c.obj)
                              (--whole-archive)
zephyr/arch/common/libarch__common.a(isr_tables.c.obj)
                              (--whole-archive)
zephyr/arch/common/libarch__common.a(sw_isr_common.c.obj)
                              (--whole-archive)
zephyr/arch/arch/arm/core/aarch32/libarch__arm__core__aarch32.a(swap.c.obj)
                              (--whole-archive)
zephyr/arch/arch/arm/core/aarch32/libarch__arm__core__aarch32.a(irq_manage.c.obj)
                              (--whole-archive)
zephyr/arch/arch/arm/core/aarch32/libarch__arm__core__aarch32.a(thread.c.obj)
                              (--whole-archive)
zephyr/arch/arch/arm/core/aarch32/libarch__arm__core__aarch32.a(fatal.c.obj)
                              (--whole-archive)
zephyr/arch/arch/arm/core/aarch32/libarch__arm__core__aarch32.a(nmi.c.obj)
                              (--whole-archive)
zephyr/arch/arch/arm/core/aarch32/libarch__arm__core__aarch32.a(prep_c.c.obj)
                              (--whole-archive)
zephyr/arch/arch/arm/core/aarch32/libarch__arm__core__aarch32.a(swap_helper.S.obj)
                              (--whole-archive)
zephyr/arch/arch/arm/core/aarch32/libarch__arm__core__aarch32.a(cpu_idle.S.obj)
                              (--whole-archive)
zephyr/arch/arch/arm/core/aarch32/libarch__arm__core__aarch32.a(nmi_on_reset.S.obj)
                              (--whole-archive)
zephyr/arch/arch/arm/core/aarch32/libarch__arm__core__aarch32.a(isr_wrapper.S.obj)
                              (--whole-archive)
zephyr/arch/arch/arm/core/aarch32/cortex_m/libarch__arm__core__aarch32__cortex_m.a(vector_table.S.obj)
                              (--whole-archive)
zephyr/arch/arch/arm/core/aarch32/cortex_m/libarch__arm__core__aarch32__cortex_m.a(reset.S.obj)
                              (--whole-archive)
zephyr/arch/arch/arm/core/aarch32/cortex_m/libarch__arm__core__aarch32__cortex_m.a(fault_s.S.obj)
                              (--whole-archive)
zephyr/arch/arch/arm/core/aarch32/cortex_m/libarch__arm__core__aarch32__cortex_m.a(exc_exit.S.obj)
                              (--whole-archive)
zephyr/arch/arch/arm/core/aarch32/cortex_m/libarch__arm__core__aarch32__cortex_m.a(fault.c.obj)
                              (--whole-archive)
zephyr/arch/arch/arm/core/aarch32/cortex_m/libarch__arm__core__aarch32__cortex_m.a(scb.c.obj)
                              (--whole-archive)
[...]
Memory Configuration

Name             Origin             Length             Attributes
FLASH            0x00000000         0x00080000         xr
SRAM             0x20000000         0x00010000         xw
IDT_LIST         0x20010000         0x00000800         xw
*default*        0x00000000         0xffffffff

Linker script and memory map

LOAD zephyr/CMakeFiles/zephyr_final.dir/misc/empty_file.c.obj
LOAD zephyr/CMakeFiles/zephyr_final.dir/isr_tables.c.obj
                0x00000020                _region_min_align = 0x20

.rel.plt        0x00000000        0x0
 *(SORT_BY_ALIGNMENT(.rel.plt))
                [!provide]                PROVIDE (__rel_iplt_start = .)
 *(SORT_BY_ALIGNMENT(.rel.iplt))
 .rel.iplt      0x00000000        0x0 zephyr/CMakeFiles/zephyr_final.dir/isr_tables.c.obj
                [!provide]                PROVIDE (__rel_iplt_end = .)

.rela.plt       0x00000000        0x0
 *(SORT_BY_ALIGNMENT(.rela.plt))
                [!provide]                PROVIDE (__rela_iplt_start = .)
 *(SORT_BY_ALIGNMENT(.rela.iplt))
                [!provide]                PROVIDE (__rela_iplt_end = .)

.rel.dyn
 *(SORT_BY_ALIGNMENT(.rel.*))

.rela.dyn
 *(SORT_BY_ALIGNMENT(.rela.*))

/DISCARD/
 *(SORT_BY_ALIGNMENT(.plt))
 *(SORT_BY_ALIGNMENT(.iplt))
 *(SORT_BY_ALIGNMENT(.got.plt))
 *(SORT_BY_ALIGNMENT(.igot.plt))
 *(SORT_BY_ALIGNMENT(.got))
 *(SORT_BY_ALIGNMENT(.igot))
 *(SORT_BY_ALIGNMENT(.irq_info))
 *(SORT_BY_ALIGNMENT(.intList))
 *(SORT_BY_ALIGNMENT(.irq_info))
 *(SORT_BY_ALIGNMENT(.intList))
 *(SORT_BY_ALIGNMENT(.note.GNU-stack))
                0x00000000                _image_rom_start = 0x0

rom_start       0x00000000       0xdc
                0x00000000                . = 0x0
                0x00000000                . = ALIGN (0x4)
                0x00000000                . = 0x0
                0x00000000                . = ALIGN (0x4)
                0x000000dc                _vector_start = .
 *(SORT_BY_ALIGNMENT(.exc_vector_table))
 *(SORT_BY_ALIGNMENT(.exc_vector_table.*))
 .exc_vector_table._vector_table_section
                0x00000000       0x40 zephyr/arch/arch/arm/core/aarch32/cortex_m/libarch__arm__core__aarch32__cortex_m.a(vector_table.S.obj)
                0x00000000                _vector_table
 *(SORT_BY_ALIGNMENT(.gnu.linkonce.irq_vector_table))
 .gnu.linkonce.irq_vector_table
                0x00000040       0x9c zephyr/CMakeFiles/zephyr_final.dir/isr_tables.c.obj
                0x00000040                _irq_vector_table
 *(SORT_BY_ALIGNMENT(.vectors))
                0x000000dc                _vector_end = .
 *(SORT_BY_ALIGNMENT(.openocd_dbg))
 *(SORT_BY_ALIGNMENT(.openocd_dbg.*))
                0x000000dc                _vector_start = .
 *(SORT_BY_ALIGNMENT(.exc_vector_table))
 *(SORT_BY_ALIGNMENT(.exc_vector_table.*))
 *(SORT_BY_ALIGNMENT(.gnu.linkonce.irq_vector_table))
 *(SORT_BY_ALIGNMENT(.vectors))
                0x000000dc                _vector_end = .
 *(SORT_BY_ALIGNMENT(.openocd_dbg))
 *(SORT_BY_ALIGNMENT(.openocd_dbg.*))

text            0x000000e0    0x14e8c
                0x000000e0                _image_text_start = .
 *(SORT_BY_ALIGNMENT(.text))
 .text          0x000000e0       0x30 c:/users/admin/ncs/v1.3.1/toolchain/opt/bin/../lib/gcc/arm-none-eabi/9.2.1/thumb/v7e-m/nofp\libgcc.a(_aeabi_uldivmod.o)
                0x000000e0                __aeabi_uldivmod
 .text          0x00000110      0x2c0 c:/users/admin/ncs/v1.3.1/toolchain/opt/bin/../lib/gcc/arm-none-eabi/9.2.1/thumb/v7e-m/nofp\libgcc.a(_udivmoddi4.o)
                0x00000110                __udivmoddi4
 .text          0x000003d0        0x4 c:/users/admin/ncs/v1.3.1/toolchain/opt/bin/../lib/gcc/arm-none-eabi/9.2.1/thumb/v7e-m/nofp\libgcc.a(_dvmd_tls.o)
                0x000003d0                __aeabi_idiv0
                0x000003d0                __aeabi_ldiv0
 *(SORT_BY_ALIGNMENT(.text.*))
 *fill*         0x000003d4        0x4 
 .text.ll_adv_enable
                0x000003d8      0x5fc zephyr/subsys/bluetooth/controller/libsubsys__bluetooth__controller.a(ull_adv.c.obj)
                0x000003d8                ll_adv_enable
 *fill*         0x000009d4        0x4 
 .text.ll_scan_params_set
                0x000009d8       0x70 zephyr/subsys/bluetooth/controller/libsubsys__bluetooth__controller.a(ull_scan.c.obj)
                0x000009d8                ll_scan_params_set
 .text.ull_scan_params_set
                0x00000a48       0x4c zephyr/subsys/bluetooth/controller/libsubsys__bluetooth__controller.a(ull_scan.c.obj)
                0x00000a48                ull_scan_params_set
 *fill*         0x00000a94        0x4 
 .text.ull_scan_enable
                0x00000a98      0x168 zephyr/subsys/bluetooth/controller/libsubsys__bluetooth__controller.a(ull_scan.c.obj)
                0x00000a98                ull_scan_enable
 .text.ull_conn_llcp
                0x00000c00     0x1a48 zephyr/subsys/bluetooth/controller/libsubsys__bluetooth__controller.a(ull_conn.c.obj)
                0x00000c00                ull_conn_llcp
 .text.ull_slave_setup
                0x00002648      0x414 zephyr/subsys/bluetooth/controller/libsubsys__bluetooth__controller.a(ull_slave.c.obj)
                0x00002648                ull_slave_setup
 *fill*         0x00002a5c        0x4 
 .text.ull_slave_done
                0x00002a60       0x8c zephyr/subsys/bluetooth/controller/libsubsys__bluetooth__controller.a(ull_slave.c.obj)
                0x00002a60                ull_slave_done
 *fill*         0x00002aec        0x4 
 .text.ull_master_setup
                0x00002af0      0x284 zephyr/subsys/bluetooth/controller/libsubsys__bluetooth__controller.a(ull_master.c.obj)
                0x00002af0                ull_master_setup
 *fill*         0x00002d74        0x4 
 .text.isr_rx   0x00002d78      0x6d0 zephyr/subsys/bluetooth/controller/libsubsys__bluetooth__controller.a(lll_scan.c.obj)
 .text.tx_thread
                0x00003448       0x2c app/libapp.a(main.c.obj)
 .text.hci_uart_task_init
                0x00003474       0x54 app/libapp.a(main.c.obj)
 .text.bt_uart_isr
                0x000034c8      0x144 app/libapp.a(main.c.obj)
 .text.main     0x0000360c       0x80 app/libapp.a(main.c.obj)
                0x0000360c                main
 .text.char_out
                0x0000368c       0x10 zephyr/libzephyr.a(printk.c.obj)
 .text._printk_dec_ulong
                0x0000369c       0xa0 zephyr/libzephyr.a(printk.c.obj)
 .text.z_vprintk
                0x0000373c      0x328 zephyr/libzephyr.a(printk.c.obj)
                0x0000373c                z_vprintk
 .text.vprintk  0x00003a64       0x1c zephyr/libzephyr.a(printk.c.obj)
                0x00003a64                vprintk
 .text.clkstarted_handle.constprop.0
                0x00003a80       0x50 zephyr/libzephyr.a(nrf_power_clock.c.obj)
 .text.clock_async_start
                0x00003ad0       0xe8 zephyr/libzephyr.a(nrf_power_clock.c.obj)
 .text.nrf_power_clock_isr
                0x00003bb8       0x64 zephyr/libzephyr.a(nrf_power_clock.c.obj)
                0x00003bb8                nrf_power_clock_isr
 .text.handle_next_tick_case
                0x00003c1c       0x28 zephyr/libzephyr.a(nrf_rtc_timer.c.obj)
 .text.event_clear
                0x00003c44       0x18 zephyr/libzephyr.a(nrf_rtc_timer.c.obj)
 .text.rtc1_nrf_isr
                0x00003c5c       0x2c zephyr/libzephyr.a(nrf_rtc_timer.c.obj)
                0x00003c5c                rtc1_nrf_isr
 .text.z_clock_driver_init
                0x00003c88       0x64 zephyr/libzephyr.a(nrf_rtc_timer.c.obj)
                0x00003c88                z_clock_driver_init
 .text.z_clock_set_timeout
                0x00003cec       0xbc zephyr/libzephyr.a(nrf_rtc_timer.c.obj)
                0x00003cec                z_clock_set_timeout
 .text.z_clock_elapsed
                0x00003da8       0x34 zephyr/libzephyr.a(nrf_rtc_timer.c.obj)
                0x00003da8                z_clock_elapsed
 .text.arch_swap
                0x00003ddc       0x34 zephyr/arch/arch/arm/core/aarch32/libarch__arm__core__aarch32.a(swap.c.obj)
                0x00003ddc                arch_swap
 .text.arch_irq_enable
                0x00003e10       0x20 zephyr/arch/arch/arm/core/aarch32/libarch__arm__core__aarch32.a(irq_manage.c.obj)
                0x00003e10                arch_irq_enable
 .text.arch_irq_disable
                0x00003e30       0x28 zephyr/arch/arch/arm/core/aarch32/libarch__arm__core__aarch32.a(irq_manage.c.obj)
                0x00003e30                arch_irq_disable
 .text.arch_irq_is_enabled
                0x00003e58       0x1c zephyr/arch/arch/arm/core/aarch32/libarch__arm__core__aarch32.a(irq_manage.c.obj)
                0x00003e58                arch_irq_is_enabled
 .text.z_arm_irq_priority_set
                0x00003e74       0x30 zephyr/arch/arch/arm/core/aarch32/libarch__arm__core__aarch32.a(irq_manage.c.obj)
                0x00003e74                z_arm_irq_priority_set
 .text._arch_isr_direct_pm
                0x00003ea4       0x1c zephyr/arch/arch/arm/core/aarch32/libarch__arm__core__aarch32.a(irq_manage.c.obj)
                0x00003ea4                _arch_isr_direct_pm
 .text.arch_new_thread
                0x00003ec0       0x34 zephyr/arch/arch/arm/core/aarch32/libarch__arm__core__aarch32.a(thread.c.obj)
                0x00003ec0                arch_new_thread
 .text.arch_switch_to_main_thread
                0x00003ef4       0x38 zephyr/arch/arch/arm/core/aarch32/libarch__arm__core__aarch32.a(thread.c.obj)
                0x00003ef4                arch_switch_to_main_thread
 .text.z_arm_prep_c
                0x00003f2c       0x44 zephyr/arch/arch/arm/core/aarch32/libarch__arm__core__aarch32.a(prep_c.c.obj)
                0x00003f2c                z_arm_prep_c
 .text.z_arm_pendsv
                0x00003f70       0x48 zephyr/arch/arch/arm/core/aarch32/libarch__arm__core__aarch32.a(swap_helper.S.obj)
                0x00003f70                z_arm_pendsv
 .text.z_arm_svc
                0x00003fb8       0x20 zephyr/arch/arch/arm/core/aarch32/libarch__arm__core__aarch32.a(swap_helper.S.obj)
                0x00003fb8                z_arm_svc
 .text.z_arm_cpu_idle_init
                0x00003fd8        0xc zephyr/arch/arch/arm/core/aarch32/libarch__arm__core__aarch32.a(cpu_idle.S.obj)
                0x00003fd8                z_arm_cpu_idle_init
 .text.arch_cpu_idle
                0x00003fe4       0x1c zephyr/arch/arch/arm/core/aarch32/libarch__arm__core__aarch32.a(cpu_idle.S.obj)
                0x00003fe4                arch_cpu_idle
 .text.z_SysNmiOnReset
                0x00004000        0x8 zephyr/arch/arch/arm/core/aarch32/libarch__arm__core__aarch32.a(nmi_on_reset.S.obj)
                0x00004000                z_SysNmiOnReset
 .text._isr_wrapper
                0x00004008       0x40 zephyr/arch/arch/arm/core/aarch32/libarch__arm__core__aarch32.a(isr_wrapper.S.obj)
                0x00004008                _isr_wrapper
 .text._reset_section
                0x00004048       0x30 zephyr/arch/arch/arm/core/aarch32/cortex_m/libarch__arm__core__aarch32__cortex_m.a(reset.S.obj)
                0x00004048                __start
                0x00004048                z_arm_reset
 .text.__fault  0x00004078       0x14 zephyr/arch/arch/arm/core/aarch32/cortex_m/libarch__arm__core__aarch32__cortex_m.a(fault_s.S.obj)
                0x00004078                z_arm_usage_fault
                0x00004078                z_arm_mpu_fault
                0x00004078                z_arm_exc_spurious
                0x00004078                z_arm_debug_monitor
                0x00004078                z_arm_hard_fault
                0x00004078                z_arm_bus_fault
 .text._HandlerModeExit
                0x0000408c       0x1c zephyr/arch/arch/arm/core/aarch32/cortex_m/libarch__arm__core__aarch32__cortex_m.a(exc_exit.S.obj)
                0x0000408c                z_arm_int_exit
                0x0000408c                z_arm_exc_exit
 .text.mem_manage_fault.isra.0
                0x000040a8       0x38 zephyr/arch/arch/arm/core/aarch32/cortex_m/libarch__arm__core__aarch32__cortex_m.a(fault.c.obj)
 .text.bus_fault.isra.0
                0x000040e0       0x3c zephyr/arch/arch/arm/core/aarch32/cortex_m/libarch__arm__core__aarch32__cortex_m.a(fault.c.obj)
 .text.usage_fault.isra.0
                0x0000411c       0x24 zephyr/arch/arch/arm/core/aarch32/cortex_m/libarch__arm__core__aarch32__cortex_m.a(fault.c.obj)
 .text.z_arm_fault
                0x00004140       0xe8 zephyr/arch/arch/arm/core/aarch32/cortex_m/libarch__arm__core__aarch32__cortex_m.a(fault.c.obj)
                0x00004140                z_arm_fault
 .text.z_arm_fault_init
                0x00004228       0x10 zephyr/arch/arch/arm/core/aarch32/cortex_m/libarch__arm__core__aarch32__cortex_m.a(fault.c.obj)
                0x00004228                z_arm_fault_init
 .text.z_arm_interrupt_init
                0x00004238       0x18 zephyr/arch/arch/arm/core/aarch32/cortex_m/libarch__arm__core__aarch32__cortex_m.a(irq_init.c.obj)
                0x00004238                z_arm_interrupt_init
 .text.z_impl_k_thread_abort
                0x00004250       0x4c zephyr/arch/arch/arm/core/aarch32/cortex_m/libarch__arm__core__aarch32__cortex_m.a(thread_abort.c.obj)
                0x00004250                z_impl_k_thread_abort
 .text.z_arm_configure_static_mpu_regions
                0x0000429c       0x38 zephyr/arch/arch/arm/core/aarch32/cortex_m/mpu/libarch__arm__core__aarch32__cortex_m__mpu.a(arm_core_mpu.c.obj)
                0x0000429c                z_arm_configure_static_mpu_regions
 .text.mpu_configure_regions
                0x000042d4       0x8c zephyr/arch/arch/arm/core/aarch32/cortex_m/mpu/libarch__arm__core__aarch32__cortex_m__mpu.a(arm_mpu.c.obj)
 .text.arm_core_mpu_enable
                0x00004360       0x14 zephyr/arch/arch/arm/core/aarch32/cortex_m/mpu/libarch__arm__core__aarch32__cortex_m__mpu.a(arm_mpu.c.obj)
                0x00004360                arm_core_mpu_enable
 .text.arm_core_mpu_disable
                0x00004374       0x10 zephyr/arch/arch/arm/core/aarch32/cortex_m/mpu/libarch__arm__core__aarch32__cortex_m__mpu.a(arm_mpu.c.obj)
                0x00004374                arm_core_mpu_disable
 .text.arm_mpu_init
                0x00004384       0x5c zephyr/arch/arch/arm/core/aarch32/cortex_m/mpu/libarch__arm__core__aarch32__cortex_m__mpu.a(arm_mpu.c.obj)
 .text.arm_core_mpu_configure_static_mpu_regions
                0x000043e0       0x14 zephyr/arch/arch/arm/core/aarch32/cortex_m/mpu/libarch__arm__core__aarch32__cortex_m__mpu.a(arm_mpu.c.obj)
                0x000043e0                arm_core_mpu_configure_static_mpu_regions
 .text.nordicsemi_nrf52_init
                0x000043f4       0x30 zephyr/soc/arm/nordic_nrf/nrf52/libsoc__arm__nordic_nrf__nrf52.a(soc.c.obj)
 .text.sys_arch_reboot
                0x00004424       0x2c zephyr/soc/arm/nordic_nrf/nrf52/libsoc__arm__nordic_nrf__nrf52.a(soc.c.obj)
                0x00004424                sys_arch_reboot
 .text.arch_busy_wait
                0x00004450       0x14 zephyr/soc/arm/nordic_nrf/nrf52/libsoc__arm__nordic_nrf__nrf52.a(soc.c.obj)
                0x00004450                arch_busy_wait
 .text.bt_hci_driver_register
                0x00004464       0x24 zephyr/subsys/bluetooth/host/libsubsys__bluetooth__host.a(hci_raw.c.obj)
                0x00004464                bt_hci_driver_register
 .text.bt_buf_get_rx
                0x00004488       0x2c zephyr/subsys/bluetooth/host/libsubsys__bluetooth__host.a(hci_raw.c.obj)
                0x00004488                bt_buf_get_rx
 .text.bt_buf_get_tx
                0x000044b4       0x78 zephyr/subsys/bluetooth/host/libsubsys__bluetooth__host.a(hci_raw.c.obj)
                0x000044b4                bt_buf_get_tx
 .text.bt_recv  0x0000452c       0x40 zephyr/subsys/bluetooth/host/libsubsys__bluetooth__host.a(hci_raw.c.obj)
                0x0000452c                bt_recv
 .text.bt_send  0x0000456c        0xc zephyr/subsys/bluetooth/host/libsubsys__bluetooth__host.a(hci_raw.c.obj)
                0x0000456c                bt_send
 .text.bt_enable_raw
                0x00004578       0x1c zephyr/subsys/bluetooth/host/libsubsys__bluetooth__host.a(hci_raw.c.obj)
                0x00004578                bt_enable_raw
 .text.mem_init
                0x00004594       0x5c zephyr/subsys/bluetooth/controller/libsubsys__bluetooth__controller.a(mem.c.obj)
                0x00004594                mem_init
 .text.mem_acquire
                0x000045f0       0x34 zephyr/subsys/bluetooth/controller/libsubsys__bluetooth__controller.a(mem.c.obj)
                0x000045f0                mem_acquire
 .text.mem_release
                0x00004624       0x30 zephyr/subsys/bluetooth/controller/libsubsys__bluetooth__controller.a(mem.c.obj)
                0x00004624                mem_release
 .text.mem_get  0x00004654        0x8 zephyr/subsys/bluetooth/controller/libsubsys__bluetooth__controller.a(mem.c.obj)
                0x00004654                mem_get
 .text.mem_index_get
                0x0000465c        0xc zephyr/subsys/bluetooth/controller/libsubsys__bluetooth__controller.a(mem.c.obj)
                0x0000465c                mem_index_get
 .text.mem_rcopy
                0x00004668       0x1c zephyr/subsys/bluetooth/controller/libsubsys__bluetooth__controller.a(mem.c.obj)
                0x00004668                mem_rcopy
 .text.mem_nz   0x00004684       0x18 zephyr/subsys/bluetooth/controller/libsubsys__bluetooth__controller.a(mem.c.obj)
                0x00004684                mem_nz
 .text.memq_init
                0x0000469c        0x8 zephyr/subsys/bluetooth/controller/libsubsys__bluetooth__controller.a(memq.c.obj)
                0x0000469c                memq_init
 .text.memq_deinit
                0x000046a4       0x14 zephyr/subsys/bluetooth/controller/libsubsys__bluetooth__controller.a(memq.c.obj)
                0x000046a4                memq_deinit
 .text.memq_enqueue
                0x000046b8       0x10 zephyr/subsys/bluetooth/controller/libsubsys__bluetooth__controller.a(memq.c.obj)
                0x000046b8                memq_enqueue
 .text.memq_peek
                0x000046c8       0x10 zephyr/subsys/bluetooth/controller/libsubsys__bluetooth__controller.a(memq.c.obj)
                0x000046c8                memq_peek
 .text.memq_dequeue
                0x000046d8       0x20 zephyr/subsys/bluetooth/controller/libsubsys__bluetooth__controller.a(memq.c.obj)
                0x000046d8                memq_dequeue
 .text.mayfly_init
                0x000046f8       0x40 zephyr/subsys/bluetooth/controller/libsubsys__bluetooth__controller.a(mayfly.c.obj)
                0x000046f8                mayfly_init
 .text.mayfly_enable
                0x00004738       0x68 zephyr/subsys/bluetooth/controller/libsubsys__bluetooth__controller.a(mayfly.c.obj)
                0x00004738                mayfly_enable
 .text.mayfly_enqueue
                0x000047a0       0xa8 zephyr/subsys/bluetooth/controller/libsubsys__bluetooth__controller.a(mayfly.c.obj)
                0x000047a0                mayfly_enqueue
 .text.mayfly_run
                0x00004848      0x13c zephyr/subsys/bluetooth/controller/libsubsys__bluetooth__controller.a(mayfly.c.obj)
                0x00004848                mayfly_run
 .text.util_ones_count_get
                0x00004984       0x30 zephyr/subsys/bluetooth/controller/libsubsys__bluetooth__controller.a(util.c.obj)
                0x00004984                util_ones_count_get
 .text.ticker_worker
                0x000049b4      0x240 zephyr/subsys/bluetooth/controller/libsubsys__bluetooth__controller.a(ticker.c.obj)
                0x000049b4                ticker_worker
 .text.ticker_job
                0x00004bf4      0xe38 zephyr/subsys/bluetooth/controller/libsubsys__bluetooth__controller.a(ticker.c.obj)
                0x00004bf4                ticker_job
 .text.ticker_init
                0x00005a2c       0x98 zephyr/subsys/bluetooth/controller/libsubsys__bluetooth__controller.a(ticker.c.obj)
                0x00005a2c                ticker_init
 .text.ticker_trigger
                0x00005ac4       0x30 zephyr/subsys/bluetooth/controller/libsubsys__bluetooth__controller.a(ticker.c.obj)
                0x00005ac4                ticker_trigger
 .text.ticker_start_ext
                0x00005af4       0xac zephyr/subsys/bluetooth/controller/libsubsys__bluetooth__controller.a(ticker.c.obj)
                0x00005af4                ticker_start_ext
 .text.ticker_start
                0x00005ba0       0x38 zephyr/subsys/bluetooth/controller/libsubsys__bluetooth__controller.a(ticker.c.obj)
                0x00005ba0                ticker_start
 .text.ticker_update
                0x00005bd8       0xa0 zephyr/subsys/bluetooth/controller/libsubsys__bluetooth__controller.a(ticker.c.obj)
                0x00005bd8                ticker_update
 .text.ticker_stop
                0x00005c78       0x8c zephyr/subsys/bluetooth/controller/libsubsys__bluetooth__controller.a(ticker.c.obj)
                0x00005c78                ticker_stop
 .text.ticker_ticks_now_get
                0x00005d04        0x4 zephyr/subsys/bluetooth/controller/libsubsys__bluetooth__controller.a(ticker.c.obj)
                0x00005d04                ticker_ticks_now_get
 .text.ticker_ticks_diff_get
                0x00005d08        0x8 zephyr/subsys/bluetooth/controller/libsubsys__bluetooth__controller.a(ticker.c.obj)
                0x00005d08                ticker_ticks_diff_get
 .text.ll_addr_get
                0x00005d10       0x3c zephyr/subsys/bluetooth/controller/libsubsys__bluetooth__controller.a(ll_addr.c.obj)
                0x00005d10                ll_addr_get
 .text.ll_addr_set
                0x00005d4c       0x40 zephyr/subsys/bluetooth/controller/libsubsys__bluetooth__controller.a(ll_addr.c.obj)
                0x00005d4c                ll_addr_set
 .text.ll_tx_pwr_lvl_get
                0x00005d8c       0x20 zephyr/subsys/bluetooth/controller/libsubsys__bluetooth__controller.a(ll_tx_pwr.c.obj)
                0x00005d8c                ll_tx_pwr_lvl_get
 .text.ll_tx_pwr_get
                0x00005dac        0x8 zephyr/subsys/bluetooth/controller/libsubsys__bluetooth__controller.a(ll_tx_pwr.c.obj)
                0x00005dac                ll_tx_pwr_get
 .text.hci_driver_init
                0x00005db4       0x10 zephyr/subsys/bluetooth/controller/libsubsys__bluetooth__controller.a(hci_driver.c.obj)
 .text.hci_driver_send
                0x00005dc4       0x6c zephyr/subsys/bluetooth/controller/libsubsys__bluetooth__controller.a(hci_driver.c.obj)
 .text.prio_recv_thread
                0x00005e30       0xc0 zephyr/subsys/bluetooth/controller/libsubsys__bluetooth__controller.a(hci_driver.c.obj)
 .text.hci_driver_open
                0x00005ef0       0x98 zephyr/subsys/bluetooth/controller/libsubsys__bluetooth__controller.a(hci_driver.c.obj)
 .text.recv_thread
                0x00005f88      0x398 zephyr/subsys/bluetooth/controller/libsubsys__bluetooth__controller.a(hci_driver.c.obj)
 .text.meta_evt
                0x00006320       0x30 zephyr/subsys/bluetooth/controller/libsubsys__bluetooth__controller.a(hci.c.obj)
 .text.le_remote_feat_complete
                0x00006350       0x6c zephyr/subsys/bluetooth/controller/libsubsys__bluetooth__controller.a(hci.c.obj)
 .text.encrypt_change.part.0
                0x000063bc       0x34 zephyr/subsys/bluetooth/controller/libsubsys__bluetooth__controller.a(hci.c.obj)
 .text.hci_disconn_complete_encode.part.0
                0x000063f0       0x2c zephyr/subsys/bluetooth/controller/libsubsys__bluetooth__controller.a(hci.c.obj)
 .text.bt_hci_evt_create
                0x0000641c       0x28 zephyr/subsys/bluetooth/controller/libsubsys__bluetooth__controller.a(hci.c.obj)
                0x0000641c                bt_hci_evt_create
 .text.bt_hci_cmd_complete_create
                0x00006444       0x28 zephyr/subsys/bluetooth/controller/libsubsys__bluetooth__controller.a(hci.c.obj)
                0x00006444                bt_hci_cmd_complete_create
 .text.bt_hci_cmd_status_create
                0x0000646c       0x28 zephyr/subsys/bluetooth/controller/libsubsys__bluetooth__controller.a(hci.c.obj)
                0x0000646c                bt_hci_cmd_status_create
 .text.hci_cmd_complete
                0x00006494       0x20 zephyr/subsys/bluetooth/controller/libsubsys__bluetooth__controller.a(hci.c.obj)
                0x00006494                hci_cmd_complete
 .text.reset    0x000064b4       0xcc zephyr/subsys/bluetooth/controller/libsubsys__bluetooth__controller.a(hci.c.obj)
 .text.hci_vendor_cmd_handle_common
                0x00006580      0x120 zephyr/subsys/bluetooth/controller/libsubsys__bluetooth__controller.a(hci.c.obj)
                0x00006580                hci_vendor_cmd_handle_common
 .text.hci_cmd_handle
                0x000066a0      0xa10 zephyr/subsys/bluetooth/controller/libsubsys__bluetooth__controller.a(hci.c.obj)
                0x000066a0                hci_cmd_handle
 .text.hci_acl_handle
                0x000070b0       0xcc zephyr/subsys/bluetooth/controller/libsubsys__bluetooth__controller.a(hci.c.obj)
                0x000070b0                hci_acl_handle
 .text.hci_disconn_complete_encode
                0x0000717c       0x24 zephyr/subsys/bluetooth/controller/libsubsys__bluetooth__controller.a(hci.c.obj)
                0x0000717c                hci_disconn_complete_encode
 .text.hci_disconn_complete_process
                0x000071a0       0x58 zephyr/subsys/bluetooth/controller/libsubsys__bluetooth__controller.a(hci.c.obj)
                0x000071a0                hci_disconn_complete_process
 .text.hci_acl_encode
                0x000071f8       0xf4 zephyr/subsys/bluetooth/controller/libsubsys__bluetooth__controller.a(hci.c.obj)
                0x000071f8                hci_acl_encode
 .text.hci_evt_encode
                0x000072ec      0x834 zephyr/subsys/bluetooth/controller/libsubsys__bluetooth__controller.a(hci.c.obj)
                0x000072ec                hci_evt_encode
 .text.hci_num_cmplt_encode
                0x00007b20       0x30 zephyr/subsys/bluetooth/controller/libsubsys__bluetooth__controller.a(hci.c.obj)
                0x00007b20                hci_num_cmplt_encode
 .text.hci_get_class
                0x00007b50       0x30 zephyr/subsys/bluetooth/controller/libsubsys__bluetooth__controller.a(hci.c.obj)
                0x00007b50                hci_get_class
 .text.hci_init
                0x00007b80       0x14 zephyr/subsys/bluetooth/controller/libsubsys__bluetooth__controller.a(hci.c.obj)
                0x00007b80                hci_init
 .text.bt_rand  0x00007b94        0x4 zephyr/subsys/bluetooth/controller/libsubsys__bluetooth__controller.a(crypto.c.obj)
                0x00007b94                bt_rand
 .text.bt_encrypt_le
                0x00007b98        0xc zephyr/subsys/bluetooth/controller/libsubsys__bluetooth__controller.a(crypto.c.obj)
                0x00007b98                bt_encrypt_le
 .text.perform_lll_reset
                0x00007ba4       0xc0 zephyr/subsys/bluetooth/controller/libsubsys__bluetooth__controller.a(ull.c.obj)
 .text.disabled_cb
                0x00007c64        0x4 zephyr/subsys/bluetooth/controller/libsubsys__bluetooth__controller.a(ull.c.obj)
 .text.tx_cmplt_get
                0x00007c68       0xcc zephyr/subsys/bluetooth/controller/libsubsys__bluetooth__controller.a(ull.c.obj)
 .text.rx_demux
                0x00007d34      0x3ac zephyr/subsys/bluetooth/controller/libsubsys__bluetooth__controller.a(ull.c.obj)
 .text.ll_init  0x000080e0      0x2e4 zephyr/subsys/bluetooth/controller/libsubsys__bluetooth__controller.a(ull.c.obj)
                0x000080e0                ll_init
 .text.ll_reset
                0x000083c4      0x340 zephyr/subsys/bluetooth/controller/libsubsys__bluetooth__controller.a(ull.c.obj)
                0x000083c4                ll_reset
 .text.ll_rx_get
                0x00008704      0x1b4 zephyr/subsys/bluetooth/controller/libsubsys__bluetooth__controller.a(ull.c.obj)
                0x00008704                ll_rx_get
 .text.ll_rx_dequeue
                0x000088b8      0x1a0 zephyr/subsys/bluetooth/controller/libsubsys__bluetooth__controller.a(ull.c.obj)
                0x000088b8                ll_rx_dequeue
 .text.ll_rx_mem_release
                0x00008a58      0x328 zephyr/subsys/bluetooth/controller/libsubsys__bluetooth__controller.a(ull.c.obj)
                0x00008a58                ll_rx_mem_release
 .text.ll_rx_link_alloc
                0x00008d80        0xc zephyr/subsys/bluetooth/controller/libsubsys__bluetooth__controller.a(ull.c.obj)
                0x00008d80                ll_rx_link_alloc
 .text.ll_rx_link_release
                0x00008d8c        0xc zephyr/subsys/bluetooth/controller/libsubsys__bluetooth__controller.a(ull.c.obj)
                0x00008d8c                ll_rx_link_release
 .text.ll_rx_alloc
                0x00008d98        0xc zephyr/subsys/bluetooth/controller/libsubsys__bluetooth__controller.a(ull.c.obj)
                0x00008d98                ll_rx_alloc
 .text.ll_rx_release
                0x00008da4        0xc zephyr/subsys/bluetooth/controller/libsubsys__bluetooth__controller.a(ull.c.obj)
                0x00008da4                ll_rx_release
 .text.ll_rx_put
                0x00008db0       0x14 zephyr/subsys/bluetooth/controller/libsubsys__bluetooth__controller.a(ull.c.obj)
                0x00008db0                ll_rx_put
 .text.ll_rx_sched
                0x00008dc4        0xc zephyr/subsys/bluetooth/controller/libsubsys__bluetooth__controller.a(ull.c.obj)
                0x00008dc4                ll_rx_sched
 .text.ll_pdu_rx_alloc_peek
                0x00008dd0       0x3c zephyr/subsys/bluetooth/controller/libsubsys__bluetooth__controller.a(ull.c.obj)
                0x00008dd0                ll_pdu_rx_alloc_peek
 .text.ll_pdu_rx_alloc
                0x00008e0c       0x30 zephyr/subsys/bluetooth/controller/libsubsys__bluetooth__controller.a(ull.c.obj)
                0x00008e0c                ll_pdu_rx_alloc
 .text.ll_tx_ack_put
                0x00008e3c       0x60 zephyr/subsys/bluetooth/controller/libsubsys__bluetooth__controller.a(ull.c.obj)
                0x00008e3c                ll_tx_ack_put
 .text.ull_ticker_status_give
                0x00008e9c        0xc zephyr/subsys/bluetooth/controller/libsubsys__bluetooth__controller.a(ull.c.obj)
                0x00008e9c                ull_ticker_status_give
 .text.ull_ticker_status_take
                0x00008ea8       0x1c zephyr/subsys/bluetooth/controller/libsubsys__bluetooth__controller.a(ull.c.obj)
                0x00008ea8                ull_ticker_status_take
 .text.ull_disable_mark
                0x00008ec4       0x18 zephyr/subsys/bluetooth/controller/libsubsys__bluetooth__controller.a(ull.c.obj)
                0x00008ec4                ull_disable_mark
 .text.ull_disable_unmark
                0x00008edc       0x18 zephyr/subsys/bluetooth/controller/libsubsys__bluetooth__controller.a(ull.c.obj)
                0x00008edc                ull_disable_unmark
 .text.ull_disable_mark_get
                0x00008ef4        0xc zephyr/subsys/bluetooth/controller/libsubsys__bluetooth__controller.a(ull.c.obj)
                0x00008ef4                ull_disable_mark_get
 .text.ull_update_mark
                0x00008f00       0x18 zephyr/subsys/bluetooth/controller/libsubsys__bluetooth__controller.a(ull.c.obj)
                0x00008f00                ull_update_mark
 .text.ull_update_unmark
                0x00008f18       0x18 zephyr/subsys/bluetooth/controller/libsubsys__bluetooth__controller.a(ull.c.obj)
                0x00008f18                ull_update_unmark
 .text.ull_update_mark_get
                0x00008f30        0xc zephyr/subsys/bluetooth/controller/libsubsys__bluetooth__controller.a(ull.c.obj)
                0x00008f30                ull_update_mark_get
 .text.ull_disable
                0x00008f3c       0x7c zephyr/subsys/bluetooth/controller/libsubsys__bluetooth__controller.a(ull.c.obj)
                0x00008f3c                ull_disable
 .text.ull_pdu_rx_alloc_peek
                0x00008fb8       0x3c zephyr/subsys/bluetooth/controller/libsubsys__bluetooth__controller.a(ull.c.obj)
                0x00008fb8                ull_pdu_rx_alloc_peek
 .text.ull_pdu_rx_alloc
                0x00008ff4       0x30 zephyr/subsys/bluetooth/controller/libsubsys__bluetooth__controller.a(ull.c.obj)
                0x00008ff4                ull_pdu_rx_alloc
 .text.ull_rx_put
                0x00009024       0x20 zephyr/subsys/bluetooth/controller/libsubsys__bluetooth__controller.a(ull.c.obj)
                0x00009024                ull_rx_put
 .text.ull_rx_sched
                0x00009044       0x10 zephyr/subsys/bluetooth/controller/libsubsys__bluetooth__controller.a(ull.c.obj)
                0x00009044                ull_rx_sched
 .text.ull_prepare_enqueue
                0x00009054       0x70 zephyr/subsys/bluetooth/controller/libsubsys__bluetooth__controller.a(ull.c.obj)
                0x00009054                ull_prepare_enqueue
 .text.ull_prepare_dequeue_get
                0x000090c4       0x1c zephyr/subsys/bluetooth/controller/libsubsys__bluetooth__controller.a(ull.c.obj)
                0x000090c4                ull_prepare_dequeue_get
 .text.ull_prepare_dequeue_iter
                0x000090e0       0x3c zephyr/subsys/bluetooth/controller/libsubsys__bluetooth__controller.a(ull.c.obj)
                0x000090e0                ull_prepare_dequeue_iter
 .text.ull_event_done_extra_get
                0x0000911c       0x20 zephyr/subsys/bluetooth/controller/libsubsys__bluetooth__controller.a(ull.c.obj)
                0x0000911c                ull_event_done_extra_get
 .text.ull_event_done
                0x0000913c       0x60 zephyr/subsys/bluetooth/controller/libsubsys__bluetooth__controller.a(ull.c.obj)
                0x0000913c                ull_event_done
 .text.lll_chan_sel_1
                0x0000919c       0x78 zephyr/subsys/bluetooth/controller/libsubsys__bluetooth__controller.a(lll_chan.c.obj)
                0x0000919c                lll_chan_sel_1
 .text.lll_chan_sel_2
                0x00009214       0xcc zephyr/subsys/bluetooth/controller/libsubsys__bluetooth__controller.a(lll_chan.c.obj)
                0x00009214                lll_chan_sel_2
 .text.disabled_cb
                0x000092e0       0xa8 zephyr/subsys/bluetooth/controller/libsubsys__bluetooth__controller.a(ull_adv.c.obj)
 .text.ticker_cb
                0x00009388      0x130 zephyr/subsys/bluetooth/controller/libsubsys__bluetooth__controller.a(ull_adv.c.obj)
 .text.ticker_op_stop_cb
                0x000094b8       0xa0 zephyr/subsys/bluetooth/controller/libsubsys__bluetooth__controller.a(ull_adv.c.obj)
 .text.ticker_op_update_cb
                0x00009558       0x38 zephyr/subsys/bluetooth/controller/libsubsys__bluetooth__controller.a(ull_adv.c.obj)
 .text.ticker_stop_cb
                0x00009590       0x88 zephyr/subsys/bluetooth/controller/libsubsys__bluetooth__controller.a(ull_adv.c.obj)
 .text.conn_release.constprop.0
                0x00009618       0x8c zephyr/subsys/bluetooth/controller/libsubsys__bluetooth__controller.a(ull_adv.c.obj)
 .text.ll_adv_params_set
                0x000096a4      0x13c zephyr/subsys/bluetooth/controller/libsubsys__bluetooth__controller.a(ull_adv.c.obj)
                0x000096a4                ll_adv_params_set
 .text.ll_adv_data_set
                0x000097e0       0x90 zephyr/subsys/bluetooth/controller/libsubsys__bluetooth__controller.a(ull_adv.c.obj)
                0x000097e0                ll_adv_data_set
 .text.ll_adv_scan_rsp_set
                0x00009870       0x78 zephyr/subsys/bluetooth/controller/libsubsys__bluetooth__controller.a(ull_adv.c.obj)
                0x00009870                ll_adv_scan_rsp_set
 .text.ull_adv_init
                0x000098e8        0x4 zephyr/subsys/bluetooth/controller/libsubsys__bluetooth__controller.a(ull_adv.c.obj)
                0x000098e8                ull_adv_init
 .text.ull_adv_reset
                0x000098ec      0x148 zephyr/subsys/bluetooth/controller/libsubsys__bluetooth__controller.a(ull_adv.c.obj)
                0x000098ec                ull_adv_reset
 .text.ull_adv_handle_get
                0x00009a34       0x1c zephyr/subsys/bluetooth/controller/libsubsys__bluetooth__controller.a(ull_adv.c.obj)
                0x00009a34                ull_adv_handle_get
 .text.ull_adv_lll_handle_get
                0x00009a50       0x1c zephyr/subsys/bluetooth/controller/libsubsys__bluetooth__controller.a(ull_adv.c.obj)
                0x00009a50                ull_adv_lll_handle_get
 .text.ull_adv_is_enabled_get
                0x00009a6c       0x1c zephyr/subsys/bluetooth/controller/libsubsys__bluetooth__controller.a(ull_adv.c.obj)
                0x00009a6c                ull_adv_is_enabled_get
 .text.ull_adv_is_enabled
                0x00009a88       0x18 zephyr/subsys/bluetooth/controller/libsubsys__bluetooth__controller.a(ull_adv.c.obj)
                0x00009a88                ull_adv_is_enabled
 .text.ull_adv_filter_pol_get
                0x00009aa0       0x20 zephyr/subsys/bluetooth/controller/libsubsys__bluetooth__controller.a(ull_adv.c.obj)
                0x00009aa0                ull_adv_filter_pol_get
 .text.ticker_cb
                0x00009ac0       0xc8 zephyr/subsys/bluetooth/controller/libsubsys__bluetooth__controller.a(ull_scan.c.obj)
 .text.ull_scan_init
                0x00009b88        0x4 zephyr/subsys/bluetooth/controller/libsubsys__bluetooth__controller.a(ull_scan.c.obj)
                0x00009b88                ull_scan_init
 .text.ull_scan_disable
                0x00009b8c       0xe4 zephyr/subsys/bluetooth/controller/libsubsys__bluetooth__controller.a(ull_scan.c.obj)
                0x00009b8c                ull_scan_disable
 .text.disable.constprop.0
                0x00009c70       0x40 zephyr/subsys/bluetooth/controller/libsubsys__bluetooth__controller.a(ull_scan.c.obj)
 .text.ll_scan_enable
                0x00009cb0       0x88 zephyr/subsys/bluetooth/controller/libsubsys__bluetooth__controller.a(ull_scan.c.obj)
                0x00009cb0                ll_scan_enable
 .text.ull_scan_reset
                0x00009d38        0xc zephyr/subsys/bluetooth/controller/libsubsys__bluetooth__controller.a(ull_scan.c.obj)
                0x00009d38                ull_scan_reset
 .text.ull_scan_handle_get
                0x00009d44       0x1c zephyr/subsys/bluetooth/controller/libsubsys__bluetooth__controller.a(ull_scan.c.obj)
                0x00009d44                ull_scan_handle_get
 .text.ull_scan_lll_handle_get
                0x00009d60       0x1c zephyr/subsys/bluetooth/controller/libsubsys__bluetooth__controller.a(ull_scan.c.obj)
                0x00009d60                ull_scan_lll_handle_get
 .text.ull_scan_is_enabled_get
                0x00009d7c       0x1c zephyr/subsys/bluetooth/controller/libsubsys__bluetooth__controller.a(ull_scan.c.obj)
                0x00009d7c                ull_scan_is_enabled_get
 .text.ull_scan_is_disabled_get
                0x00009d98       0x1c zephyr/subsys/bluetooth/controller/libsubsys__bluetooth__controller.a(ull_scan.c.obj)
                0x00009d98                ull_scan_is_disabled_get
 .text.ull_scan_is_enabled
                0x00009db4       0x30 zephyr/subsys/bluetooth/controller/libsubsys__bluetooth__controller.a(ull_scan.c.obj)
                0x00009db4                ull_scan_is_enabled
 .text.ull_scan_filter_pol_get
                0x00009de4       0x20 zephyr/subsys/bluetooth/controller/libsubsys__bluetooth__controller.a(ull_scan.c.obj)
                0x00009de4                ull_scan_filter_pol_get
 .text.tx_ull_dequeue
                0x00009e04       0x90 zephyr/subsys/bluetooth/controller/libsubsys__bluetooth__controller.a(ull_conn.c.obj)
 .text.ticker_update_latency_cancel_op_cb
                0x00009e94       0x48 zephyr/subsys/bluetooth/controller/libsubsys__bluetooth__controller.a(ull_conn.c.obj)
 .text.ctrl_tx_pause_enqueue
                0x00009edc       0xb0 zephyr/subsys/bluetooth/controller/libsubsys__bluetooth__controller.a(ull_conn.c.obj)
 .text.init_reset
                0x00009f8c       0x74 zephyr/subsys/bluetooth/controller/libsubsys__bluetooth__controller.a(ull_conn.c.obj)
 .text.tx_lll_flush
                0x0000a000       0xf8 zephyr/subsys/bluetooth/controller/libsubsys__bluetooth__controller.a(ull_conn.c.obj)
 .text.ticker_op_stop_cb
                0x0000a0f8       0x64 zephyr/subsys/bluetooth/controller/libsubsys__bluetooth__controller.a(ull_conn.c.obj)
 .text.ticker_start_conn_op_cb
                0x0000a15c       0x58 zephyr/subsys/bluetooth/controller/libsubsys__bluetooth__controller.a(ull_conn.c.obj)
 .text.ticker_stop_conn_op_cb
                0x0000a1b4       0x58 zephyr/subsys/bluetooth/controller/libsubsys__bluetooth__controller.a(ull_conn.c.obj)
 .text.ticker_update_conn_op_cb
                0x0000a20c       0x40 zephyr/subsys/bluetooth/controller/libsubsys__bluetooth__controller.a(ull_conn.c.obj)
 .text.reject_ext_ind_send.isra.0
                0x0000a24c       0xa4 zephyr/subsys/bluetooth/controller/libsubsys__bluetooth__controller.a(ull_conn.c.obj)
 .text.start_enc_rsp_send
                0x0000a2f0       0xc4 zephyr/subsys/bluetooth/controller/libsubsys__bluetooth__controller.a(ull_conn.c.obj)
 .text.ctrl_tx_sec_enqueue
                0x0000a3b4      0x124 zephyr/subsys/bluetooth/controller/libsubsys__bluetooth__controller.a(ull_conn.c.obj)
 .text.feature_rsp_send.isra.0
                0x0000a4d8       0x84 zephyr/subsys/bluetooth/controller/libsubsys__bluetooth__controller.a(ull_conn.c.obj)
 .text.ll_conn_acquire
                0x0000a55c        0xc zephyr/subsys/bluetooth/controller/libsubsys__bluetooth__controller.a(ull_conn.c.obj)
                0x0000a55c                ll_conn_acquire
 .text.ll_conn_release
                0x0000a568        0xc zephyr/subsys/bluetooth/controller/libsubsys__bluetooth__controller.a(ull_conn.c.obj)
                0x0000a568                ll_conn_release
 .text.ll_conn_handle_get
                0x0000a574       0x10 zephyr/subsys/bluetooth/controller/libsubsys__bluetooth__controller.a(ull_conn.c.obj)
                0x0000a574                ll_conn_handle_get
 .text.ll_conn_get
                0x0000a584       0x10 zephyr/subsys/bluetooth/controller/libsubsys__bluetooth__controller.a(ull_conn.c.obj)
                0x0000a584                ll_conn_get
 .text.ll_connected_get
                0x0000a594       0x24 zephyr/subsys/bluetooth/controller/libsubsys__bluetooth__controller.a(ull_conn.c.obj)
                0x0000a594                ll_connected_get
 .text.ll_tx_mem_acquire
                0x0000a5b8        0xc zephyr/subsys/bluetooth/controller/libsubsys__bluetooth__controller.a(ull_conn.c.obj)
                0x0000a5b8                ll_tx_mem_acquire
 .text.ll_tx_mem_release
                0x0000a5c4        0xc zephyr/subsys/bluetooth/controller/libsubsys__bluetooth__controller.a(ull_conn.c.obj)
                0x0000a5c4                ll_tx_mem_release
 .text.ll_tx_mem_enqueue
                0x0000a5d0       0xdc zephyr/subsys/bluetooth/controller/libsubsys__bluetooth__controller.a(ull_conn.c.obj)
                0x0000a5d0                ll_tx_mem_enqueue
 .text.ll_conn_update
                0x0000a6ac      0x108 zephyr/subsys/bluetooth/controller/libsubsys__bluetooth__controller.a(ull_conn.c.obj)
                0x0000a6ac                ll_conn_update
 .text.ll_chm_get
                0x0000a7b4       0x40 zephyr/subsys/bluetooth/controller/libsubsys__bluetooth__controller.a(ull_conn.c.obj)
                0x0000a7b4                ll_chm_get
 .text.ll_terminate_ind_send
                0x0000a7f4       0x34 zephyr/subsys/bluetooth/controller/libsubsys__bluetooth__controller.a(ull_conn.c.obj)
                0x0000a7f4                ll_terminate_ind_send
 .text.ll_feature_req_send
                0x0000a828       0x38 zephyr/subsys/bluetooth/controller/libsubsys__bluetooth__controller.a(ull_conn.c.obj)
                0x0000a828                ll_feature_req_send
 .text.ll_version_ind_send
                0x0000a860       0x38 zephyr/subsys/bluetooth/controller/libsubsys__bluetooth__controller.a(ull_conn.c.obj)
                0x0000a860                ll_version_ind_send
 .text.ll_length_req_send
                0x0000a898       0x94 zephyr/subsys/bluetooth/controller/libsubsys__bluetooth__controller.a(ull_conn.c.obj)
                0x0000a898                ll_length_req_send
 .text.ll_length_default_get
                0x0000a92c       0x18 zephyr/subsys/bluetooth/controller/libsubsys__bluetooth__controller.a(ull_conn.c.obj)
                0x0000a92c                ll_length_default_get
 .text.ll_length_default_set
                0x0000a944       0x14 zephyr/subsys/bluetooth/controller/libsubsys__bluetooth__controller.a(ull_conn.c.obj)
                0x0000a944                ll_length_default_set
 .text.ll_length_max_get
                0x0000a958       0x14 zephyr/subsys/bluetooth/controller/libsubsys__bluetooth__controller.a(ull_conn.c.obj)
                0x0000a958                ll_length_max_get
 .text.ll_phy_get
                0x0000a96c       0x3c zephyr/subsys/bluetooth/controller/libsubsys__bluetooth__controller.a(ull_conn.c.obj)
                0x0000a96c                ll_phy_get
 .text.ll_phy_default_set
                0x0000a9a8       0x14 zephyr/subsys/bluetooth/controller/libsubsys__bluetooth__controller.a(ull_conn.c.obj)
                0x0000a9a8                ll_phy_default_set
 .text.ll_phy_req_send
                0x0000a9bc       0x9c zephyr/subsys/bluetooth/controller/libsubsys__bluetooth__controller.a(ull_conn.c.obj)
                0x0000a9bc                ll_phy_req_send
 .text.ll_rssi_get
                0x0000aa58       0x2c zephyr/subsys/bluetooth/controller/libsubsys__bluetooth__controller.a(ull_conn.c.obj)
                0x0000aa58                ll_rssi_get
 .text.ll_apto_get
                0x0000aa84       0x48 zephyr/subsys/bluetooth/controller/libsubsys__bluetooth__controller.a(ull_conn.c.obj)
                0x0000aa84                ll_apto_get
 .text.ll_apto_set
                0x0000aacc       0x44 zephyr/subsys/bluetooth/controller/libsubsys__bluetooth__controller.a(ull_conn.c.obj)
                0x0000aacc                ll_apto_set
 .text.ull_conn_init
                0x0000ab10        0x4 zephyr/subsys/bluetooth/controller/libsubsys__bluetooth__controller.a(ull_conn.c.obj)
                0x0000ab10                ull_conn_init
 .text.ull_conn_reset
                0x0000ab14       0xf4 zephyr/subsys/bluetooth/controller/libsubsys__bluetooth__controller.a(ull_conn.c.obj)
                0x0000ab14                ull_conn_reset
 .text.ull_conn_chan_map_cpy
                0x0000ac08       0x18 zephyr/subsys/bluetooth/controller/libsubsys__bluetooth__controller.a(ull_conn.c.obj)
                0x0000ac08                ull_conn_chan_map_cpy
 .text.ull_conn_chan_map_set
                0x0000ac20       0x24 zephyr/subsys/bluetooth/controller/libsubsys__bluetooth__controller.a(ull_conn.c.obj)
                0x0000ac20                ull_conn_chan_map_set
 .text.ull_conn_default_tx_octets_get
                0x0000ac44        0xc zephyr/subsys/bluetooth/controller/libsubsys__bluetooth__controller.a(ull_conn.c.obj)
                0x0000ac44                ull_conn_default_tx_octets_get
 .text.ull_conn_default_tx_time_get
                0x0000ac50        0xc zephyr/subsys/bluetooth/controller/libsubsys__bluetooth__controller.a(ull_conn.c.obj)
                0x0000ac50                ull_conn_default_tx_time_get
 .text.ull_conn_default_phy_tx_get
                0x0000ac5c        0xc zephyr/subsys/bluetooth/controller/libsubsys__bluetooth__controller.a(ull_conn.c.obj)
                0x0000ac5c                ull_conn_default_phy_tx_get
 .text.ull_conn_default_phy_rx_get
                0x0000ac68        0xc zephyr/subsys/bluetooth/controller/libsubsys__bluetooth__controller.a(ull_conn.c.obj)
                0x0000ac68                ull_conn_default_phy_rx_get
 .text.ull_conn_setup
                0x0000ac74       0x20 zephyr/subsys/bluetooth/controller/libsubsys__bluetooth__controller.a(ull_conn.c.obj)
                0x0000ac74                ull_conn_setup
 .text.ull_conn_rx
                0x0000ac94     0x1864 zephyr/subsys/bluetooth/controller/libsubsys__bluetooth__controller.a(ull_conn.c.obj)
                0x0000ac94                ull_conn_rx
 .text.ull_conn_tx_demux
                0x0000c4f8       0xfc zephyr/subsys/bluetooth/controller/libsubsys__bluetooth__controller.a(ull_conn.c.obj)
                0x0000c4f8                ull_conn_tx_demux
 .text.conn_cleanup
                0x0000c5f4       0xfc zephyr/subsys/bluetooth/controller/libsubsys__bluetooth__controller.a(ull_conn.c.obj)
 .text.ull_conn_done
                0x0000c6f0      0x344 zephyr/subsys/bluetooth/controller/libsubsys__bluetooth__controller.a(ull_conn.c.obj)
                0x0000c6f0                ull_conn_done
 .text.ull_conn_tx_lll_enqueue
                0x0000ca34      0x1ec zephyr/subsys/bluetooth/controller/libsubsys__bluetooth__controller.a(ull_conn.c.obj)
                0x0000ca34                ull_conn_tx_lll_enqueue
 .text.ull_conn_link_tx_release
                0x0000cc20        0xc zephyr/subsys/bluetooth/controller/libsubsys__bluetooth__controller.a(ull_conn.c.obj)
                0x0000cc20                ull_conn_link_tx_release
 .text.ull_conn_ack_last_idx_get
                0x0000cc2c        0xc zephyr/subsys/bluetooth/controller/libsubsys__bluetooth__controller.a(ull_conn.c.obj)
                0x0000cc2c                ull_conn_ack_last_idx_get
 .text.ull_conn_ack_peek
                0x0000cc38       0x34 zephyr/subsys/bluetooth/controller/libsubsys__bluetooth__controller.a(ull_conn.c.obj)
                0x0000cc38                ull_conn_ack_peek
 .text.ull_conn_ack_by_last_peek
                0x0000cc6c       0x2c zephyr/subsys/bluetooth/controller/libsubsys__bluetooth__controller.a(ull_conn.c.obj)
                0x0000cc6c                ull_conn_ack_by_last_peek
 .text.ull_conn_ack_dequeue
                0x0000cc98       0x30 zephyr/subsys/bluetooth/controller/libsubsys__bluetooth__controller.a(ull_conn.c.obj)
                0x0000cc98                ull_conn_ack_dequeue
 .text.ull_conn_lll_ack_enqueue
                0x0000ccc8       0x60 zephyr/subsys/bluetooth/controller/libsubsys__bluetooth__controller.a(ull_conn.c.obj)
                0x0000ccc8                ull_conn_lll_ack_enqueue
 .text.ull_conn_tx_ack
                0x0000cd28      0x37c zephyr/subsys/bluetooth/controller/libsubsys__bluetooth__controller.a(ull_conn.c.obj)
                0x0000cd28                ull_conn_tx_ack
 .text.ull_conn_llcp_req
                0x0000d0a4       0x18 zephyr/subsys/bluetooth/controller/libsubsys__bluetooth__controller.a(ull_conn.c.obj)
                0x0000d0a4                ull_conn_llcp_req
 .text.ull_conn_lll_max_tx_octets_get
                0x0000d0bc       0x34 zephyr/subsys/bluetooth/controller/libsubsys__bluetooth__controller.a(ull_conn.c.obj)
                0x0000d0bc                ull_conn_lll_max_tx_octets_get
 .text.ticker_op_cb
                0x0000d0f0       0x30 zephyr/subsys/bluetooth/controller/libsubsys__bluetooth__controller.a(ull_slave.c.obj)
 .text.ticker_op_stop_adv_cb.part.0
                0x0000d120       0x2c zephyr/subsys/bluetooth/controller/libsubsys__bluetooth__controller.a(ull_slave.c.obj)
 .text.ticker_op_stop_adv_cb
                0x0000d14c       0x1c zephyr/subsys/bluetooth/controller/libsubsys__bluetooth__controller.a(ull_slave.c.obj)
 .text.ull_slave_ticker_cb
                0x0000d168       0xac zephyr/subsys/bluetooth/controller/libsubsys__bluetooth__controller.a(ull_slave.c.obj)
                0x0000d168                ull_slave_ticker_cb
 .text.ll_start_enc_req_send
                0x0000d214       0x94 zephyr/subsys/bluetooth/controller/libsubsys__bluetooth__controller.a(ull_slave.c.obj)
                0x0000d214                ll_start_enc_req_send
 .text.ticker_op_stop_scan_cb
                0x0000d2a8        0x4 zephyr/subsys/bluetooth/controller/libsubsys__bluetooth__controller.a(ull_master.c.obj)
 .text.ticker_op_cb
                0x0000d2ac       0x30 zephyr/subsys/bluetooth/controller/libsubsys__bluetooth__controller.a(ull_master.c.obj)
 .text.ull_master_ticker_cb
                0x0000d2dc       0xb8 zephyr/subsys/bluetooth/controller/libsubsys__bluetooth__controller.a(ull_master.c.obj)
                0x0000d2dc                ull_master_ticker_cb
 .text.ll_create_connection
                0x0000d394      0x51c zephyr/subsys/bluetooth/controller/libsubsys__bluetooth__controller.a(ull_master.c.obj)
                0x0000d394                ll_create_connection
 .text.ll_connect_disable
                0x0000d8b0       0x8c zephyr/subsys/bluetooth/controller/libsubsys__bluetooth__controller.a(ull_master.c.obj)
                0x0000d8b0                ll_connect_disable
 .text.ll_chm_update
                0x0000d93c       0x54 zephyr/subsys/bluetooth/controller/libsubsys__bluetooth__controller.a(ull_master.c.obj)
                0x0000d93c                ll_chm_update
 .text.ll_enc_req_send
                0x0000d990       0xe4 zephyr/subsys/bluetooth/controller/libsubsys__bluetooth__controller.a(ull_master.c.obj)
                0x0000d990                ll_enc_req_send
 .text.ull_sched_after_mstr_slot_get
                0x0000da74        0x4 zephyr/subsys/bluetooth/controller/libsubsys__bluetooth__controller.a(ull_sched.c.obj)
                0x0000da74                ull_sched_after_mstr_slot_get
 .text.ull_sched_mfy_after_mstr_offset_get
                0x0000da78        0x8 zephyr/subsys/bluetooth/controller/libsubsys__bluetooth__controller.a(ull_sched.c.obj)
                0x0000da78                ull_sched_mfy_after_mstr_offset_get
 .text.ull_sched_mfy_free_win_offset_calc
                0x0000da80        0x4 zephyr/subsys/bluetooth/controller/libsubsys__bluetooth__controller.a(ull_sched.c.obj)
                0x0000da80                ull_sched_mfy_free_win_offset_calc
 .text.ull_sched_mfy_win_offset_use
                0x0000da84        0x4 zephyr/subsys/bluetooth/controller/libsubsys__bluetooth__controller.a(ull_sched.c.obj)
                0x0000da84                ull_sched_mfy_win_offset_use
 .text.ull_sched_mfy_win_offset_select
                0x0000da88        0x4 zephyr/subsys/bluetooth/controller/libsubsys__bluetooth__controller.a(ull_sched.c.obj)
                0x0000da88                ull_sched_mfy_win_offset_select
 .text.wl_find  0x0000da8c       0x70 zephyr/subsys/bluetooth/controller/libsubsys__bluetooth__controller.a(ull_filter.c.obj)
 .text.wl_update
                0x0000dafc       0x9c zephyr/subsys/bluetooth/controller/libsubsys__bluetooth__controller.a(ull_filter.c.obj)
 .text.rl_update
                0x0000db98       0x6c zephyr/subsys/bluetooth/controller/libsubsys__bluetooth__controller.a(ull_filter.c.obj)
 .text.rl_access_check.part.0
                0x0000dc04       0x10 zephyr/subsys/bluetooth/controller/libsubsys__bluetooth__controller.a(ull_filter.c.obj)
 .text.ll_wl_size_get
                0x0000dc14        0x4 zephyr/subsys/bluetooth/controller/libsubsys__bluetooth__controller.a(ull_filter.c.obj)
                0x0000dc14                ll_wl_size_get
 .text.ll_wl_clear
                0x0000dc18       0x5c zephyr/subsys/bluetooth/controller/libsubsys__bluetooth__controller.a(ull_filter.c.obj)
                0x0000dc18                ll_wl_clear
 .text.ll_wl_remove
                0x0000dc74       0x74 zephyr/subsys/bluetooth/controller/libsubsys__bluetooth__controller.a(ull_filter.c.obj)
                0x0000dc74                ll_wl_remove
 .text.ll_rl_id_addr_get
                0x0000dce8       0x88 zephyr/subsys/bluetooth/controller/libsubsys__bluetooth__controller.a(ull_filter.c.obj)
                0x0000dce8                ll_rl_id_addr_get
 .text.ll_rl_size_get
                0x0000dd70        0x4 zephyr/subsys/bluetooth/controller/libsubsys__bluetooth__controller.a(ull_filter.c.obj)
                0x0000dd70                ll_rl_size_get
 .text.ll_rl_clear
                0x0000dd74       0x8c zephyr/subsys/bluetooth/controller/libsubsys__bluetooth__controller.a(ull_filter.c.obj)
                0x0000dd74                ll_rl_clear
 .text.ll_rl_enable
                0x0000de00       0x38 zephyr/subsys/bluetooth/controller/libsubsys__bluetooth__controller.a(ull_filter.c.obj)
                0x0000de00                ll_rl_enable
 .text.ll_rl_timeout_set
                0x0000de38       0x14 zephyr/subsys/bluetooth/controller/libsubsys__bluetooth__controller.a(ull_filter.c.obj)
                0x0000de38                ll_rl_timeout_set
 .text.ull_filter_adv_scan_state_cb
                0x0000de4c       0x44 zephyr/subsys/bluetooth/controller/libsubsys__bluetooth__controller.a(ull_filter.c.obj)
                0x0000de4c                ull_filter_adv_scan_state_cb
 .text.ull_filter_adv_update
                0x0000de90       0x44 zephyr/subsys/bluetooth/controller/libsubsys__bluetooth__controller.a(ull_filter.c.obj)
                0x0000de90                ull_filter_adv_update
 .text.ull_filter_scan_update
                0x0000ded4       0x48 zephyr/subsys/bluetooth/controller/libsubsys__bluetooth__controller.a(ull_filter.c.obj)
                0x0000ded4                ull_filter_scan_update
 .text.ull_filter_adv_pdu_update
                0x0000df1c      0x118 zephyr/subsys/bluetooth/controller/libsubsys__bluetooth__controller.a(ull_filter.c.obj)
                0x0000df1c                ull_filter_adv_pdu_update
 .text.ull_filter_rpa_update
                0x0000e034      0x230 zephyr/subsys/bluetooth/controller/libsubsys__bluetooth__controller.a(ull_filter.c.obj)
                0x0000e034                ull_filter_rpa_update
 .text.rpa_timeout
                0x0000e264       0x40 zephyr/subsys/bluetooth/controller/libsubsys__bluetooth__controller.a(ull_filter.c.obj)
 .text.ull_filter_rl_find
                0x0000e2a4       0x78 zephyr/subsys/bluetooth/controller/libsubsys__bluetooth__controller.a(ull_filter.c.obj)
                0x0000e2a4                ull_filter_rl_find
 .text.ll_wl_add
                0x0000e31c       0xc4 zephyr/subsys/bluetooth/controller/libsubsys__bluetooth__controller.a(ull_filter.c.obj)
                0x0000e31c                ll_wl_add
 .text.ll_rl_add
                0x0000e3e0      0x17c zephyr/subsys/bluetooth/controller/libsubsys__bluetooth__controller.a(ull_filter.c.obj)
                0x0000e3e0                ll_rl_add
 .text.ll_rl_remove
                0x0000e55c      0x104 zephyr/subsys/bluetooth/controller/libsubsys__bluetooth__controller.a(ull_filter.c.obj)
                0x0000e55c                ll_rl_remove
 .text.ll_rl_crpa_set
                0x0000e660       0x48 zephyr/subsys/bluetooth/controller/libsubsys__bluetooth__controller.a(ull_filter.c.obj)
                0x0000e660                ll_rl_crpa_set
 .text.ll_rl_crpa_get
                0x0000e6a8       0x44 zephyr/subsys/bluetooth/controller/libsubsys__bluetooth__controller.a(ull_filter.c.obj)
                0x0000e6a8                ll_rl_crpa_get
 .text.ll_rl_lrpa_get
                0x0000e6ec       0x38 zephyr/subsys/bluetooth/controller/libsubsys__bluetooth__controller.a(ull_filter.c.obj)
                0x0000e6ec                ll_rl_lrpa_get
 .text.ll_priv_mode_set
                0x0000e724       0x6c zephyr/subsys/bluetooth/controller/libsubsys__bluetooth__controller.a(ull_filter.c.obj)
                0x0000e724                ll_priv_mode_set
 .text.ull_filter_reset
                0x0000e790       0xf0 zephyr/subsys/bluetooth/controller/libsubsys__bluetooth__controller.a(ull_filter.c.obj)
                0x0000e790                ull_filter_reset
 .text.ull_filter_lll_lrpa_used
                0x0000e880       0x1c zephyr/subsys/bluetooth/controller/libsubsys__bluetooth__controller.a(ull_filter.c.obj)
                0x0000e880                ull_filter_lll_lrpa_used
 .text.ull_filter_lll_lrpa_get
                0x0000e89c       0x28 zephyr/subsys/bluetooth/controller/libsubsys__bluetooth__controller.a(ull_filter.c.obj)
                0x0000e89c                ull_filter_lll_lrpa_get
 .text.ull_filter_lll_irks_get
                0x0000e8c4       0x14 zephyr/subsys/bluetooth/controller/libsubsys__bluetooth__controller.a(ull_filter.c.obj)
                0x0000e8c4                ull_filter_lll_irks_get
 .text.ull_filter_lll_rl_idx
                0x0000e8d8       0xd4 zephyr/subsys/bluetooth/controller/libsubsys__bluetooth__controller.a(ull_filter.c.obj)
                0x0000e8d8                ull_filter_lll_rl_idx
 .text.ull_filter_lll_rl_irk_idx
                0x0000e9ac       0xa4 zephyr/subsys/bluetooth/controller/libsubsys__bluetooth__controller.a(ull_filter.c.obj)
                0x0000e9ac                ull_filter_lll_rl_irk_idx
 .text.ull_filter_lll_irk_whitelisted
                0x0000ea50       0x60 zephyr/subsys/bluetooth/controller/libsubsys__bluetooth__controller.a(ull_filter.c.obj)
                0x0000ea50                ull_filter_lll_irk_whitelisted
 .text.ull_filter_lll_get
                0x0000eab0       0x18 zephyr/subsys/bluetooth/controller/libsubsys__bluetooth__controller.a(ull_filter.c.obj)
                0x0000eab0                ull_filter_lll_get
 .text.ull_filter_lll_rl_idx_allowed
                0x0000eac8       0x68 zephyr/subsys/bluetooth/controller/libsubsys__bluetooth__controller.a(ull_filter.c.obj)
                0x0000eac8                ull_filter_lll_rl_idx_allowed
 .text.ull_filter_lll_rl_addr_allowed
                0x0000eb30       0x7c zephyr/subsys/bluetooth/controller/libsubsys__bluetooth__controller.a(ull_filter.c.obj)
                0x0000eb30                ull_filter_lll_rl_addr_allowed
 .text.ull_filter_lll_rl_addr_resolve
                0x0000ebac       0x44 zephyr/subsys/bluetooth/controller/libsubsys__bluetooth__controller.a(ull_filter.c.obj)
                0x0000ebac                ull_filter_lll_rl_addr_resolve
 .text.ull_filter_lll_rl_enabled
                0x0000ebf0       0x10 zephyr/subsys/bluetooth/controller/libsubsys__bluetooth__controller.a(ull_filter.c.obj)
                0x0000ebf0                ull_filter_lll_rl_enabled
 .text.radio_nrf5_isr
                0x0000ec00       0x20 zephyr/subsys/bluetooth/controller/libsubsys__bluetooth__controller.a(lll.c.obj)
                0x0000ec00                radio_nrf5_isr
 .text.rtc0_nrf5_isr
                0x0000ec20       0x2c zephyr/subsys/bluetooth/controller/libsubsys__bluetooth__controller.a(lll.c.obj)
 .text.swi_lll_nrf5_isr
                0x0000ec4c        0x8 zephyr/subsys/bluetooth/controller/libsubsys__bluetooth__controller.a(lll.c.obj)
 .text.ticker_start_op_cb
                0x0000ec54       0x30 zephyr/subsys/bluetooth/controller/libsubsys__bluetooth__controller.a(lll.c.obj)
 .text.preempt_ticker_start.isra.0
                0x0000ec84       0x74 zephyr/subsys/bluetooth/controller/libsubsys__bluetooth__controller.a(lll.c.obj)
 .text.preempt  0x0000ecf8      0x148 zephyr/subsys/bluetooth/controller/libsubsys__bluetooth__controller.a(lll.c.obj)
 .text.prepare  0x0000ee40       0xd8 zephyr/subsys/bluetooth/controller/libsubsys__bluetooth__controller.a(lll.c.obj)
 .text.preempt_ticker_cb
                0x0000ef18       0x40 zephyr/subsys/bluetooth/controller/libsubsys__bluetooth__controller.a(lll.c.obj)
 .text.lll_init
                0x0000ef58       0x64 zephyr/subsys/bluetooth/controller/libsubsys__bluetooth__controller.a(lll.c.obj)
                0x0000ef58                lll_init
 .text.lll_trng_get
                0x0000efbc       0x18 zephyr/subsys/bluetooth/controller/libsubsys__bluetooth__controller.a(lll.c.obj)
                0x0000efbc                lll_trng_get
 .text.lll_trng_isr_get
                0x0000efd4       0x28 zephyr/subsys/bluetooth/controller/libsubsys__bluetooth__controller.a(lll.c.obj)
                0x0000efd4                lll_trng_isr_get
 .text.lll_rng_isr_get
                0x0000effc        0x4 zephyr/subsys/bluetooth/controller/libsubsys__bluetooth__controller.a(lll.c.obj)
                0x0000effc                lll_rng_isr_get
 .text.lll_reset
                0x0000f000        0x4 zephyr/subsys/bluetooth/controller/libsubsys__bluetooth__controller.a(lll.c.obj)
                0x0000f000                lll_reset
 .text.lll_prepare
                0x0000f004       0x14 zephyr/subsys/bluetooth/controller/libsubsys__bluetooth__controller.a(lll.c.obj)
                0x0000f004                lll_prepare
 .text.lll_resume
                0x0000f018       0x50 zephyr/subsys/bluetooth/controller/libsubsys__bluetooth__controller.a(lll.c.obj)
                0x0000f018                lll_resume
 .text.lll_disable
                0x0000f068       0xb0 zephyr/subsys/bluetooth/controller/libsubsys__bluetooth__controller.a(lll.c.obj)
                0x0000f068                lll_disable
 .text.lll_prepare_done
                0x0000f118        0x4 zephyr/subsys/bluetooth/controller/libsubsys__bluetooth__controller.a(lll.c.obj)
                0x0000f118                lll_prepare_done
 .text.lll_done
                0x0000f11c       0xa8 zephyr/subsys/bluetooth/controller/libsubsys__bluetooth__controller.a(lll.c.obj)
                0x0000f11c                lll_done
 .text.lll_is_done
                0x0000f1c4       0x10 zephyr/subsys/bluetooth/controller/libsubsys__bluetooth__controller.a(lll.c.obj)
                0x0000f1c4                lll_is_done
 .text.lll_evt_offset_get
                0x0000f1d4       0x14 zephyr/subsys/bluetooth/controller/libsubsys__bluetooth__controller.a(lll.c.obj)
                0x0000f1d4                lll_evt_offset_get
 .text.lll_preempt_calc
                0x0000f1e8       0x24 zephyr/subsys/bluetooth/controller/libsubsys__bluetooth__controller.a(lll.c.obj)
                0x0000f1e8                lll_preempt_calc
 .text.lll_chan_set
                0x0000f20c       0x84 zephyr/subsys/bluetooth/controller/libsubsys__bluetooth__controller.a(lll.c.obj)
                0x0000f20c                lll_chan_set
 .text.clock_ready
                0x0000f290        0x8 zephyr/subsys/bluetooth/controller/libsubsys__bluetooth__controller.a(lll_clock.c.obj)
 .text.lll_clock_init
                0x0000f298       0x28 zephyr/subsys/bluetooth/controller/libsubsys__bluetooth__controller.a(lll_clock.c.obj)
                0x0000f298                lll_clock_init
 .text.lll_clock_wait
                0x0000f2c0       0x58 zephyr/subsys/bluetooth/controller/libsubsys__bluetooth__controller.a(lll_clock.c.obj)
                0x0000f2c0                lll_clock_wait
 .text.lll_hfclock_on
                0x0000f318       0x10 zephyr/subsys/bluetooth/controller/libsubsys__bluetooth__controller.a(lll_clock.c.obj)
                0x0000f318                lll_hfclock_on
 .text.lll_hfclock_off
                0x0000f328       0x10 zephyr/subsys/bluetooth/controller/libsubsys__bluetooth__controller.a(lll_clock.c.obj)
                0x0000f328                lll_hfclock_off
 .text.isr_race
                0x0000f338        0x4 zephyr/subsys/bluetooth/controller/libsubsys__bluetooth__controller.a(lll_adv.c.obj)
 .text.isr_cleanup
                0x0000f33c       0x64 zephyr/subsys/bluetooth/controller/libsubsys__bluetooth__controller.a(lll_adv.c.obj)
 .text.isr_abort
                0x0000f3a0       0x28 zephyr/subsys/bluetooth/controller/libsubsys__bluetooth__controller.a(lll_adv.c.obj)
 .text.isr_tx   0x0000f3c8       0xb8 zephyr/subsys/bluetooth/controller/libsubsys__bluetooth__controller.a(lll_adv.c.obj)
 .text.chan_prepare
                0x0000f480      0x120 zephyr/subsys/bluetooth/controller/libsubsys__bluetooth__controller.a(lll_adv.c.obj)
 .text.prepare_cb
                0x0000f5a0      0x130 zephyr/subsys/bluetooth/controller/libsubsys__bluetooth__controller.a(lll_adv.c.obj)
 .text.resume_prepare_cb
                0x0000f6d0       0x28 zephyr/subsys/bluetooth/controller/libsubsys__bluetooth__controller.a(lll_adv.c.obj)
 .text.is_abort_cb
                0x0000f6f8       0x78 zephyr/subsys/bluetooth/controller/libsubsys__bluetooth__controller.a(lll_adv.c.obj)
 .text.abort_cb
                0x0000f770       0x54 zephyr/subsys/bluetooth/controller/libsubsys__bluetooth__controller.a(lll_adv.c.obj)
 .text.isr_done
                0x0000f7c4       0x54 zephyr/subsys/bluetooth/controller/libsubsys__bluetooth__controller.a(lll_adv.c.obj)
 .text.isr_rx   0x0000f818      0x394 zephyr/subsys/bluetooth/controller/libsubsys__bluetooth__controller.a(lll_adv.c.obj)
 .text.lll_adv_init
                0x0000fbac        0x4 zephyr/subsys/bluetooth/controller/libsubsys__bluetooth__controller.a(lll_adv.c.obj)
                0x0000fbac                lll_adv_init
 .text.lll_adv_reset
                0x0000fbb0        0x4 zephyr/subsys/bluetooth/controller/libsubsys__bluetooth__controller.a(lll_adv.c.obj)
                0x0000fbb0                lll_adv_reset
 .text.lll_adv_prepare
                0x0000fbb4       0x78 zephyr/subsys/bluetooth/controller/libsubsys__bluetooth__controller.a(lll_adv.c.obj)
                0x0000fbb4                lll_adv_prepare
 .text.ticker_stop_cb
                0x0000fc2c       0x18 zephyr/subsys/bluetooth/controller/libsubsys__bluetooth__controller.a(lll_scan.c.obj)
 .text.prepare_cb
                0x0000fc44      0x204 zephyr/subsys/bluetooth/controller/libsubsys__bluetooth__controller.a(lll_scan.c.obj)
 .text.isr_race
                0x0000fe48        0x4 zephyr/subsys/bluetooth/controller/libsubsys__bluetooth__controller.a(lll_scan.c.obj)
 .text.isr_common_done
                0x0000fe4c       0x94 zephyr/subsys/bluetooth/controller/libsubsys__bluetooth__controller.a(lll_scan.c.obj)
 .text.isr_done
                0x0000fee0       0x14 zephyr/subsys/bluetooth/controller/libsubsys__bluetooth__controller.a(lll_scan.c.obj)
 .text.isr_tx   0x0000fef4       0xd8 zephyr/subsys/bluetooth/controller/libsubsys__bluetooth__controller.a(lll_scan.c.obj)
 .text.resume_prepare_cb
                0x0000ffcc       0x28 zephyr/subsys/bluetooth/controller/libsubsys__bluetooth__controller.a(lll_scan.c.obj)
 .text.isr_window
                0x0000fff4       0x1c zephyr/subsys/bluetooth/controller/libsubsys__bluetooth__controller.a(lll_scan.c.obj)
 .text.ticker_op_start_cb
                0x00010010       0x30 zephyr/subsys/bluetooth/controller/libsubsys__bluetooth__controller.a(lll_scan.c.obj)
 .text.abort_cb
                0x00010040       0x54 zephyr/subsys/bluetooth/controller/libsubsys__bluetooth__controller.a(lll_scan.c.obj)
 .text.is_abort_cb
                0x00010094       0x8c zephyr/subsys/bluetooth/controller/libsubsys__bluetooth__controller.a(lll_scan.c.obj)
 .text.isr_cleanup
                0x00010120       0x8c zephyr/subsys/bluetooth/controller/libsubsys__bluetooth__controller.a(lll_scan.c.obj)
 .text.isr_abort
                0x000101ac       0x38 zephyr/subsys/bluetooth/controller/libsubsys__bluetooth__controller.a(lll_scan.c.obj)
 .text.isr_rx_scan_report.isra.0
                0x000101e4       0x48 zephyr/subsys/bluetooth/controller/libsubsys__bluetooth__controller.a(lll_scan.c.obj)
 .text.lll_scan_init
                0x0001022c        0x4 zephyr/subsys/bluetooth/controller/libsubsys__bluetooth__controller.a(lll_scan.c.obj)
                0x0001022c                lll_scan_init
 .text.lll_scan_reset
                0x00010230        0x4 zephyr/subsys/bluetooth/controller/libsubsys__bluetooth__controller.a(lll_scan.c.obj)
                0x00010230                lll_scan_reset
 .text.lll_scan_prepare
                0x00010234       0x78 zephyr/subsys/bluetooth/controller/libsubsys__bluetooth__controller.a(lll_scan.c.obj)
                0x00010234                lll_scan_prepare
 .text.isr_race
                0x000102ac        0x4 zephyr/subsys/bluetooth/controller/libsubsys__bluetooth__controller.a(lll_conn.c.obj)
 .text.isr_cleanup
                0x000102b0       0x64 zephyr/subsys/bluetooth/controller/libsubsys__bluetooth__controller.a(lll_conn.c.obj)
 .text.isr_done
                0x00010314       0xc0 zephyr/subsys/bluetooth/controller/libsubsys__bluetooth__controller.a(lll_conn.c.obj)
 .text.empty_tx_enqueue
                0x000103d4       0x40 zephyr/subsys/bluetooth/controller/libsubsys__bluetooth__controller.a(lll_conn.c.obj)
 .text.lll_conn_init
                0x00010414        0x4 zephyr/subsys/bluetooth/controller/libsubsys__bluetooth__controller.a(lll_conn.c.obj)
                0x00010414                lll_conn_init
 .text.lll_conn_reset
                0x00010418        0x4 zephyr/subsys/bluetooth/controller/libsubsys__bluetooth__controller.a(lll_conn.c.obj)
                0x00010418                lll_conn_reset
 .text.lll_conn_sca_local_get
                0x0001041c        0x4 zephyr/subsys/bluetooth/controller/libsubsys__bluetooth__controller.a(lll_conn.c.obj)
                0x0001041c                lll_conn_sca_local_get
 .text.lll_conn_ppm_local_get
                0x00010420        0x4 zephyr/subsys/bluetooth/controller/libsubsys__bluetooth__controller.a(lll_conn.c.obj)
                0x00010420                lll_conn_ppm_local_get
 .text.lll_conn_ppm_get
                0x00010424        0xc zephyr/subsys/bluetooth/controller/libsubsys__bluetooth__controller.a(lll_conn.c.obj)
                0x00010424                lll_conn_ppm_get
 .text.lll_conn_prepare_reset
                0x00010430       0x28 zephyr/subsys/bluetooth/controller/libsubsys__bluetooth__controller.a(lll_conn.c.obj)
                0x00010430                lll_conn_prepare_reset
 .text.lll_conn_is_abort_cb
                0x00010458        0x8 zephyr/subsys/bluetooth/controller/libsubsys__bluetooth__controller.a(lll_conn.c.obj)
                0x00010458                lll_conn_is_abort_cb
 .text.lll_conn_abort_cb
                0x00010460       0x50 zephyr/subsys/bluetooth/controller/libsubsys__bluetooth__controller.a(lll_conn.c.obj)
                0x00010460                lll_conn_abort_cb
 .text.lll_conn_isr_abort
                0x000104b0       0x24 zephyr/subsys/bluetooth/controller/libsubsys__bluetooth__controller.a(lll_conn.c.obj)
                0x000104b0                lll_conn_isr_abort
 .text.lll_conn_rx_pkt_set
                0x000104d4       0x94 zephyr/subsys/bluetooth/controller/libsubsys__bluetooth__controller.a(lll_conn.c.obj)
                0x000104d4                lll_conn_rx_pkt_set
 .text.lll_conn_isr_tx
                0x00010568       0xd4 zephyr/subsys/bluetooth/controller/libsubsys__bluetooth__controller.a(lll_conn.c.obj)
                0x00010568                lll_conn_isr_tx
 .text.lll_conn_tx_pkt_set
                0x0001063c       0x60 zephyr/subsys/bluetooth/controller/libsubsys__bluetooth__controller.a(lll_conn.c.obj)
                0x0001063c                lll_conn_tx_pkt_set
 .text.lll_conn_pdu_tx_prep
                0x0001069c       0xa8 zephyr/subsys/bluetooth/controller/libsubsys__bluetooth__controller.a(lll_conn.c.obj)
                0x0001069c                lll_conn_pdu_tx_prep
 .text.lll_conn_isr_rx
                0x00010744      0x42c zephyr/subsys/bluetooth/controller/libsubsys__bluetooth__controller.a(lll_conn.c.obj)
                0x00010744                lll_conn_isr_rx
 .text.lll_conn_flush
                0x00010b70        0x4 zephyr/subsys/bluetooth/controller/libsubsys__bluetooth__controller.a(lll_conn.c.obj)
                0x00010b70                lll_conn_flush
 .text.prepare_cb
                0x00010b74      0x1b0 zephyr/subsys/bluetooth/controller/libsubsys__bluetooth__controller.a(lll_slave.c.obj)
 .text.lll_slave_prepare
                0x00010d24       0x98 zephyr/subsys/bluetooth/controller/libsubsys__bluetooth__controller.a(lll_slave.c.obj)
                0x00010d24                lll_slave_prepare
 .text.prepare_cb
                0x00010dbc      0x144 zephyr/subsys/bluetooth/controller/libsubsys__bluetooth__controller.a(lll_master.c.obj)
 .text.lll_master_prepare
                0x00010f00       0x84 zephyr/subsys/bluetooth/controller/libsubsys__bluetooth__controller.a(lll_master.c.obj)
                0x00010f00                lll_master_prepare
 .text.cntr_init
                0x00010f84       0x1c zephyr/subsys/bluetooth/controller/libsubsys__bluetooth__controller.a(cntr.c.obj)
                0x00010f84                cntr_init
 .text.cntr_start
                0x00010fa0       0x20 zephyr/subsys/bluetooth/controller/libsubsys__bluetooth__controller.a(cntr.c.obj)
                0x00010fa0                cntr_start
 .text.cntr_stop
                0x00010fc0       0x4c zephyr/subsys/bluetooth/controller/libsubsys__bluetooth__controller.a(cntr.c.obj)
                0x00010fc0                cntr_stop
 .text.cntr_cnt_get
                0x0001100c        0xc zephyr/subsys/bluetooth/controller/libsubsys__bluetooth__controller.a(cntr.c.obj)
                0x0001100c                cntr_cnt_get
 .text.cntr_cmp_set
                0x00011018       0x10 zephyr/subsys/bluetooth/controller/libsubsys__bluetooth__controller.a(cntr.c.obj)
                0x00011018                cntr_cmp_set
 .text.do_ecb   0x00011028       0x54 zephyr/subsys/bluetooth/controller/libsubsys__bluetooth__controller.a(ecb.c.obj)
 .text.ecb_encrypt
                0x0001107c       0x44 zephyr/subsys/bluetooth/controller/libsubsys__bluetooth__controller.a(ecb.c.obj)
                0x0001107c                ecb_encrypt
 .text.sw_switch.isra.0
                0x000110c0       0xc8 zephyr/subsys/bluetooth/controller/libsubsys__bluetooth__controller.a(radio.c.obj)
 .text.isr_radio
                0x00011188       0x20 zephyr/subsys/bluetooth/controller/libsubsys__bluetooth__controller.a(radio.c.obj)
                0x00011188                isr_radio
 .text.radio_isr_set
                0x000111a8       0x40 zephyr/subsys/bluetooth/controller/libsubsys__bluetooth__controller.a(radio.c.obj)
                0x000111a8                radio_isr_set
 .text.radio_reset
                0x000111e8       0x48 zephyr/subsys/bluetooth/controller/libsubsys__bluetooth__controller.a(radio.c.obj)
                0x000111e8                radio_reset
 .text.radio_phy_set
                0x00011230       0x20 zephyr/subsys/bluetooth/controller/libsubsys__bluetooth__controller.a(radio.c.obj)
                0x00011230                radio_phy_set
 .text.radio_tx_power_set
                0x00011250        0xc zephyr/subsys/bluetooth/controller/libsubsys__bluetooth__controller.a(radio.c.obj)
                0x00011250                radio_tx_power_set
 .text.radio_freq_chan_set
                0x0001125c        0xc zephyr/subsys/bluetooth/controller/libsubsys__bluetooth__controller.a(radio.c.obj)
                0x0001125c                radio_freq_chan_set
 .text.radio_whiten_iv_set
                0x00011268       0x24 zephyr/subsys/bluetooth/controller/libsubsys__bluetooth__controller.a(radio.c.obj)
                0x00011268                radio_whiten_iv_set
 .text.radio_aa_set
                0x0001128c       0x34 zephyr/subsys/bluetooth/controller/libsubsys__bluetooth__controller.a(radio.c.obj)
                0x0001128c                radio_aa_set
 .text.radio_pkt_configure
                0x000112c0       0x5c zephyr/subsys/bluetooth/controller/libsubsys__bluetooth__controller.a(radio.c.obj)
                0x000112c0                radio_pkt_configure
 .text.radio_pkt_rx_set
                0x0001131c        0xc zephyr/subsys/bluetooth/controller/libsubsys__bluetooth__controller.a(radio.c.obj)
                0x0001131c                radio_pkt_rx_set
 .text.radio_pkt_tx_set
                0x00011328        0xc zephyr/subsys/bluetooth/controller/libsubsys__bluetooth__controller.a(radio.c.obj)
                0x00011328                radio_pkt_tx_set
 .text.radio_tx_ready_delay_get
                0x00011334        0xc zephyr/subsys/bluetooth/controller/libsubsys__bluetooth__controller.a(radio.c.obj)
                0x00011334                radio_tx_ready_delay_get
 .text.radio_tx_chain_delay_get
                0x00011340        0x4 zephyr/subsys/bluetooth/controller/libsubsys__bluetooth__controller.a(radio.c.obj)
                0x00011340                radio_tx_chain_delay_get
 .text.radio_rx_ready_delay_get
                0x00011344        0x4 zephyr/subsys/bluetooth/controller/libsubsys__bluetooth__controller.a(radio.c.obj)
                0x00011344                radio_rx_ready_delay_get
 .text.radio_rx_chain_delay_get
                0x00011348        0xc zephyr/subsys/bluetooth/controller/libsubsys__bluetooth__controller.a(radio.c.obj)
                0x00011348                radio_rx_chain_delay_get
 .text.radio_rx_enable
                0x00011354        0xc zephyr/subsys/bluetooth/controller/libsubsys__bluetooth__controller.a(radio.c.obj)
                0x00011354                radio_rx_enable
 .text.radio_tx_enable
                0x00011360        0xc zephyr/subsys/bluetooth/controller/libsubsys__bluetooth__controller.a(radio.c.obj)
                0x00011360                radio_tx_enable
 .text.radio_disable
                0x0001136c       0x30 zephyr/subsys/bluetooth/controller/libsubsys__bluetooth__controller.a(radio.c.obj)
                0x0001136c                radio_disable
 .text.radio_status_reset
                0x0001139c       0x18 zephyr/subsys/bluetooth/controller/libsubsys__bluetooth__controller.a(radio.c.obj)
                0x0001139c                radio_status_reset
 .text.radio_is_ready
                0x000113b4       0x14 zephyr/subsys/bluetooth/controller/libsubsys__bluetooth__controller.a(radio.c.obj)
                0x000113b4                radio_is_ready
 .text.radio_is_done
                0x000113c8       0x14 zephyr/subsys/bluetooth/controller/libsubsys__bluetooth__controller.a(radio.c.obj)
                0x000113c8                radio_is_done
 .text.radio_is_idle
                0x000113dc       0x14 zephyr/subsys/bluetooth/controller/libsubsys__bluetooth__controller.a(radio.c.obj)
                0x000113dc                radio_is_idle
 .text.radio_crc_configure
                0x000113f0       0x18 zephyr/subsys/bluetooth/controller/libsubsys__bluetooth__controller.a(radio.c.obj)
                0x000113f0                radio_crc_configure
 .text.radio_crc_is_valid
                0x00011408       0x14 zephyr/subsys/bluetooth/controller/libsubsys__bluetooth__controller.a(radio.c.obj)
                0x00011408                radio_crc_is_valid
 .text.radio_pkt_empty_get
                0x0001141c        0x8 zephyr/subsys/bluetooth/controller/libsubsys__bluetooth__controller.a(radio.c.obj)
                0x0001141c                radio_pkt_empty_get
 .text.radio_pkt_scratch_get
                0x00011424        0x8 zephyr/subsys/bluetooth/controller/libsubsys__bluetooth__controller.a(radio.c.obj)
                0x00011424                radio_pkt_scratch_get
 .text.radio_pkt_decrypt_get
                0x0001142c        0x8 zephyr/subsys/bluetooth/controller/libsubsys__bluetooth__controller.a(radio.c.obj)
                0x0001142c                radio_pkt_decrypt_get
 .text.radio_switch_complete_and_rx
                0x00011434       0x1c zephyr/subsys/bluetooth/controller/libsubsys__bluetooth__controller.a(radio.c.obj)
                0x00011434                radio_switch_complete_and_rx
 .text.radio_switch_complete_and_tx
                0x00011450       0x18 zephyr/subsys/bluetooth/controller/libsubsys__bluetooth__controller.a(radio.c.obj)
                0x00011450                radio_switch_complete_and_tx
 .text.radio_switch_complete_and_disable
                0x00011468       0x1c zephyr/subsys/bluetooth/controller/libsubsys__bluetooth__controller.a(radio.c.obj)
                0x00011468                radio_switch_complete_and_disable
 .text.radio_rssi_measure
                0x00011484       0x14 zephyr/subsys/bluetooth/controller/libsubsys__bluetooth__controller.a(radio.c.obj)
                0x00011484                radio_rssi_measure
 .text.radio_rssi_get
                0x00011498        0xc zephyr/subsys/bluetooth/controller/libsubsys__bluetooth__controller.a(radio.c.obj)
                0x00011498                radio_rssi_get
 .text.radio_rssi_status_reset
                0x000114a4       0x10 zephyr/subsys/bluetooth/controller/libsubsys__bluetooth__controller.a(radio.c.obj)
                0x000114a4                radio_rssi_status_reset
 .text.radio_rssi_is_ready
                0x000114b4       0x14 zephyr/subsys/bluetooth/controller/libsubsys__bluetooth__controller.a(radio.c.obj)
                0x000114b4                radio_rssi_is_ready
 .text.radio_filter_configure
                0x000114c8       0x38 zephyr/subsys/bluetooth/controller/libsubsys__bluetooth__controller.a(radio.c.obj)
                0x000114c8                radio_filter_configure
 .text.radio_filter_disable
                0x00011500       0x14 zephyr/subsys/bluetooth/controller/libsubsys__bluetooth__controller.a(radio.c.obj)
                0x00011500                radio_filter_disable
 .text.radio_filter_status_reset
                0x00011514       0x10 zephyr/subsys/bluetooth/controller/libsubsys__bluetooth__controller.a(radio.c.obj)
                0x00011514                radio_filter_status_reset
 .text.radio_filter_has_match
                0x00011524       0x14 zephyr/subsys/bluetooth/controller/libsubsys__bluetooth__controller.a(radio.c.obj)
                0x00011524                radio_filter_has_match
 .text.radio_filter_match_get
                0x00011538        0xc zephyr/subsys/bluetooth/controller/libsubsys__bluetooth__controller.a(radio.c.obj)
                0x00011538                radio_filter_match_get
 .text.radio_tmr_status_reset
                0x00011544       0x20 zephyr/subsys/bluetooth/controller/libsubsys__bluetooth__controller.a(radio.c.obj)
                0x00011544                radio_tmr_status_reset
 .text.radio_tmr_tifs_set
                0x00011564       0x18 zephyr/subsys/bluetooth/controller/libsubsys__bluetooth__controller.a(radio.c.obj)
                0x00011564                radio_tmr_tifs_set
 .text.radio_tmr_start
                0x0001157c      0x100 zephyr/subsys/bluetooth/controller/libsubsys__bluetooth__controller.a(radio.c.obj)
                0x0001157c                radio_tmr_start
 .text.radio_tmr_start_tick
                0x0001167c       0x74 zephyr/subsys/bluetooth/controller/libsubsys__bluetooth__controller.a(radio.c.obj)
                0x0001167c                radio_tmr_start_tick
 .text.radio_tmr_start_get
                0x000116f0        0xc zephyr/subsys/bluetooth/controller/libsubsys__bluetooth__controller.a(radio.c.obj)
                0x000116f0                radio_tmr_start_get
 .text.radio_tmr_stop
                0x000116fc       0x28 zephyr/subsys/bluetooth/controller/libsubsys__bluetooth__controller.a(radio.c.obj)
                0x000116fc                radio_tmr_stop
 .text.radio_tmr_hcto_configure
                0x00011724       0x1c zephyr/subsys/bluetooth/controller/libsubsys__bluetooth__controller.a(radio.c.obj)
                0x00011724                radio_tmr_hcto_configure
 .text.radio_tmr_aa_capture
                0x00011740       0x28 zephyr/subsys/bluetooth/controller/libsubsys__bluetooth__controller.a(radio.c.obj)
                0x00011740                radio_tmr_aa_capture
 .text.radio_tmr_aa_get
                0x00011768        0xc zephyr/subsys/bluetooth/controller/libsubsys__bluetooth__controller.a(radio.c.obj)
                0x00011768                radio_tmr_aa_get
 .text.radio_tmr_aa_save
                0x00011774        0xc zephyr/subsys/bluetooth/controller/libsubsys__bluetooth__controller.a(radio.c.obj)
                0x00011774                radio_tmr_aa_save
 .text.radio_tmr_aa_restore
                0x00011780        0xc zephyr/subsys/bluetooth/controller/libsubsys__bluetooth__controller.a(radio.c.obj)
                0x00011780                radio_tmr_aa_restore
 .text.radio_tmr_ready_get
                0x0001178c        0xc zephyr/subsys/bluetooth/controller/libsubsys__bluetooth__controller.a(radio.c.obj)
                0x0001178c                radio_tmr_ready_get
 .text.radio_tmr_end_capture
                0x00011798       0x10 zephyr/subsys/bluetooth/controller/libsubsys__bluetooth__controller.a(radio.c.obj)
                0x00011798                radio_tmr_end_capture
 .text.radio_tmr_end_get
                0x000117a8        0xc zephyr/subsys/bluetooth/controller/libsubsys__bluetooth__controller.a(radio.c.obj)
                0x000117a8                radio_tmr_end_get
 .text.radio_tmr_tifs_base_get
                0x000117b4        0xc zephyr/subsys/bluetooth/controller/libsubsys__bluetooth__controller.a(radio.c.obj)
                0x000117b4                radio_tmr_tifs_base_get
 .text.radio_ccm_rx_pkt_set
                0x000117c0       0x6c zephyr/subsys/bluetooth/controller/libsubsys__bluetooth__controller.a(radio.c.obj)
                0x000117c0                radio_ccm_rx_pkt_set
 .text.radio_ccm_tx_pkt_set
                0x0001182c       0x54 zephyr/subsys/bluetooth/controller/libsubsys__bluetooth__controller.a(radio.c.obj)
                0x0001182c                radio_ccm_tx_pkt_set
 .text.radio_ccm_is_done
                0x00011880       0x44 zephyr/subsys/bluetooth/controller/libsubsys__bluetooth__controller.a(radio.c.obj)
                0x00011880                radio_ccm_is_done
 .text.radio_ccm_mic_is_valid
                0x000118c4       0x14 zephyr/subsys/bluetooth/controller/libsubsys__bluetooth__controller.a(radio.c.obj)
                0x000118c4                radio_ccm_mic_is_valid
 .text.radio_ar_configure
                0x000118d8       0x68 zephyr/subsys/bluetooth/controller/libsubsys__bluetooth__controller.a(radio.c.obj)
                0x000118d8                radio_ar_configure
 .text.radio_ar_match_get
                0x00011940        0xc zephyr/subsys/bluetooth/controller/libsubsys__bluetooth__controller.a(radio.c.obj)
                0x00011940                radio_ar_match_get
 .text.radio_ar_status_reset
                0x0001194c       0x18 zephyr/subsys/bluetooth/controller/libsubsys__bluetooth__controller.a(radio.c.obj)
                0x0001194c                radio_ar_status_reset
 .text.radio_ar_has_match
                0x00011964       0x28 zephyr/subsys/bluetooth/controller/libsubsys__bluetooth__controller.a(radio.c.obj)
                0x00011964                radio_ar_has_match
 .text.mayfly_enable_cb
                0x0001198c       0x40 zephyr/subsys/bluetooth/controller/libsubsys__bluetooth__controller.a(mayfly.c.obj)
                0x0001198c                mayfly_enable_cb
 .text.mayfly_is_enabled
                0x000119cc       0x40 zephyr/subsys/bluetooth/controller/libsubsys__bluetooth__controller.a(mayfly.c.obj)
                0x000119cc                mayfly_is_enabled
 .text.mayfly_prio_is_equal
                0x00011a0c       0x3c zephyr/subsys/bluetooth/controller/libsubsys__bluetooth__controller.a(mayfly.c.obj)
                0x00011a0c                mayfly_prio_is_equal
 .text.mayfly_pend
                0x00011a48       0x50 zephyr/subsys/bluetooth/controller/libsubsys__bluetooth__controller.a(mayfly.c.obj)
                0x00011a48                mayfly_pend
 .text.hal_ticker_instance0_caller_id_get
                0x00011a98       0x64 zephyr/subsys/bluetooth/controller/libsubsys__bluetooth__controller.a(ticker.c.obj)
                0x00011a98                hal_ticker_instance0_caller_id_get
 .text.hal_ticker_instance0_sched
                0x00011afc       0xe0 zephyr/subsys/bluetooth/controller/libsubsys__bluetooth__controller.a(ticker.c.obj)
                0x00011afc                hal_ticker_instance0_sched
 .text.hal_ticker_instance0_trigger_set
                0x00011bdc        0x8 zephyr/subsys/bluetooth/controller/libsubsys__bluetooth__controller.a(ticker.c.obj)
                0x00011bdc                hal_ticker_instance0_trigger_set
 .text.hci_vendor_read_static_addr
                0x00011be4       0xe4 zephyr/subsys/bluetooth/controller/libsubsys__bluetooth__controller.a(hci_vendor.c.obj)
                0x00011be4                hci_vendor_read_static_addr
 .text.hci_vendor_read_key_hierarchy_roots
                0x00011cc8       0x90 zephyr/subsys/bluetooth/controller/libsubsys__bluetooth__controller.a(hci_vendor.c.obj)
                0x00011cc8                hci_vendor_read_key_hierarchy_roots
 .text.net_buf_id
                0x00011d58       0x20 zephyr/subsys/net/libsubsys__net.a(buf.c.obj)
                0x00011d58                net_buf_id
 .text.fixed_data_alloc
                0x00011d78       0x30 zephyr/subsys/net/libsubsys__net.a(buf.c.obj)
 .text.net_buf_alloc_len
                0x00011da8      0x118 zephyr/subsys/net/libsubsys__net.a(buf.c.obj)
                0x00011da8                net_buf_alloc_len
 .text.net_buf_unref
                0x00011ec0       0x68 zephyr/subsys/net/libsubsys__net.a(buf.c.obj)
                0x00011ec0                net_buf_unref
 .text.gpio_nrfx_init
                0x00011f28       0x30 zephyr/drivers/gpio/libdrivers__gpio.a(gpio_nrfx.c.obj)
 .text.gpio_nrfx_config
                0x00011f58       0xbc zephyr/drivers/gpio/libdrivers__gpio.a(gpio_nrfx.c.obj)
 .text.gpiote_pin_int_cfg
                0x00012014      0x148 zephyr/drivers/gpio/libdrivers__gpio.a(gpio_nrfx.c.obj)
 .text.gpiote_event_handler
                0x0001215c      0x160 zephyr/drivers/gpio/libdrivers__gpio.a(gpio_nrfx.c.obj)
 .text.event_txdrdy_check
                0x000122bc       0x20 zephyr/drivers/serial/libdrivers__serial.a(uart_nrfx_uart.c.obj)
 .text.uart_nrfx_err_check
                0x000122dc       0x10 zephyr/drivers/serial/libdrivers__serial.a(uart_nrfx_uart.c.obj)
 .text.uart_nrfx_irq_rx_enable
                0x000122ec       0x10 zephyr/drivers/serial/libdrivers__serial.a(uart_nrfx_uart.c.obj)
 .text.uart_nrfx_irq_rx_disable
                0x000122fc       0x10 zephyr/drivers/serial/libdrivers__serial.a(uart_nrfx_uart.c.obj)
 .text.uart_nrfx_irq_rx_ready
                0x0001230c       0x10 zephyr/drivers/serial/libdrivers__serial.a(uart_nrfx_uart.c.obj)
 .text.uart_nrfx_irq_err_enable